Output directory: baseline_runs/20260418T042307Z
Namespace: default
Duration: 300s | Interval: 15s | Samples: 20
[2026-04-18T04:23:08Z] sample 1/20 collected
[2026-04-18T04:23:23Z] sample 2/20 collected
[2026-04-18T04:23:39Z] sample 3/20 collected
[2026-04-18T04:23:54Z] sample 4/20 collected
[2026-04-18T04:24:09Z] sample 5/20 collected
[2026-04-18T04:24:25Z] sample 6/20 collected
[2026-04-18T04:24:40Z] sample 7/20 collected
[2026-04-18T04:24:58Z] sample 8/20 collected
[2026-04-18T04:25:24Z] sample 9/20 collected
[2026-04-18T04:25:45Z] sample 10/20 collected
[2026-04-18T04:26:19Z] sample 11/20 collected
[2026-04-18T04:28:08Z] sample 12/20 collected
[2026-04-18T04:28:52Z] sample 13/20 collected
[2026-04-18T04:30:37Z] sample 14/20 collected
[2026-04-18T04:31:33Z] sample 15/20 collected
[2026-04-18T04:32:31Z] sample 16/20 collected
[2026-04-18T04:32:59Z] sample 17/20 collected
[2026-04-18T04:33:15Z] sample 18/20 collected
[2026-04-18T04:33:30Z] sample 19/20 collected
[2026-04-18T04:33:46Z] sample 20/20 collected

Baseline collection complete.
Summary CSV: baseline_runs/20260418T042307Z/summary.csv
