COMMAND: python3 -m faults.native apply --namespace default --spec-json '{"id": "port-mismatch-productcatalogservice", "port_index": 0, "service": "productcatalogservice", "target_port": 1, "type": "service_ports"}'

STDOUT:
{
  "fault_spec": {
    "id": "port-mismatch-productcatalogservice",
    "port_index": 0,
    "service": "productcatalogservice",
    "target_port": 1,
    "type": "service_ports"
  },
  "original_ports": [
    {
      "name": "grpc",
      "port": 3550,
      "protocol": "TCP",
      "targetPort": 3550
    }
  ],
  "service": "productcatalogservice",
  "state_name": "agentscope-native-port-mismatch-productcatalogservice",
  "type": "service_ports"
}

STDERR:
