Output directory: traffic_runs/20260417T055459Z
Base URL: http://localhost:8080
Duration: 300s | Target RPS: 5 | Mode: realistic
Discovered product paths: /product/0PUK6V6EV0 /product/1YMWWN1N4O /product/2ZYFJ3GM2N /product/66VCHSJNUP /product/6E92ZMYYFZ /product/9SIQT8TOJO /product/L9ECAV7KIM /product/LS4PSXUNUM /product/OLJCESPC7Z
Workflow weights: browse-only=55% browse+cart=25% full-checkout=20%
Progress: 10s/300s, requests=181, failures=0
Progress: 20s/300s, requests=377, failures=0
Progress: 40s/300s, requests=613, failures=0
Progress: 50s/300s, requests=799, failures=0
Progress: 60s/300s, requests=897, failures=0
Progress: 70s/300s, requests=1026, failures=0
Progress: 80s/300s, requests=1082, failures=0
Progress: 100s/300s, requests=1229, failures=0
Progress: 110s/300s, requests=1320, failures=0
Progress: 230s/300s, requests=1446, failures=0
Progress: 260s/300s, requests=1689, failures=0

Traffic generation complete.
Requests CSV: traffic_runs/20260417T055459Z/requests.csv
Workflows CSV: traffic_runs/20260417T055459Z/workflows.csv
Summary:      traffic_runs/20260417T055459Z/summary.txt
Requests:     1893 (failures=0)
Workflows:    total=455, browse_only=268, browse_cart=103, full_checkout=84
