COMMAND: python3 scripts/run_evidence_probe.py experiments/native_service_port_mismatch_productcatalogservice_baseline.yaml --out-dir /Users/aarnavsawant/Documents/CS6365/AgentScope/results/native_episode_collection/native_service_port_mismatch_productcatalogservice --lookback-minutes 2 --include-dependencies

[2026-04-16T07:05:21Z] starting evidence probe 'native_service_port_mismatch_productcatalogservice_baseline_evidence'
[2026-04-16T07:05:21Z] artifacts directory: /Users/aarnavsawant/Documents/CS6365/AgentScope/results/native_episode_collection/native_service_port_mismatch_productcatalogservice/20260416T070521Z_native_service_port_mismatch_productcatalogservice_baseline_evidence
[2026-04-16T07:05:21Z] phase=startup: skipped
[2026-04-16T07:05:21Z] phase=environment: verified
[2026-04-16T07:05:21Z] phase=port_forward: reusing session access for prometheus at http://localhost:9090
[2026-04-16T07:05:21Z] phase=port_forward: reusing session access for jaeger at http://localhost:16686
[2026-04-16T07:05:21Z] phase=port_forward: reusing session access for frontend-external at http://localhost:8080
[2026-04-16T07:05:21Z] phase=traffic: started (pid=52410)
[2026-04-16T07:05:21Z] phase=baseline: started (pid=52411)
[2026-04-16T07:05:21Z] phase=monitor: started (pid=52412)
[2026-04-16T07:05:21Z] phase=pre_fault_delay: waiting 30s
[monitor] [2026-04-16T07:05:22Z] detector initialized: incident_detected=False; no detector triggered
[2026-04-16T07:05:26Z] phase=pre_fault_delay: 25s remaining
[2026-04-16T07:05:31Z] phase=pre_fault_delay: 20s remaining
[2026-04-16T07:05:36Z] phase=pre_fault_delay: 15s remaining
[2026-04-16T07:05:41Z] phase=pre_fault_delay: 10s remaining
[2026-04-16T07:05:46Z] phase=pre_fault_delay: 5s remaining
[2026-04-16T07:05:51Z] phase=pre_fault_delay: done
[2026-04-16T07:05:51Z] phase=fault_apply: applying fault
[2026-04-16T07:05:52Z] phase=fault_apply: completed
[2026-04-16T07:05:52Z] phase=evidence_delay: waiting 20s after fault injection before collecting evidence
[2026-04-16T07:05:52Z] phase=evidence_delay: waiting 20s
[monitor] [2026-04-16T07:05:54Z] detector state change: incident_detected; service productcatalogservice port alignment mismatch: [{'service_port': 3550, 'target_port': 1, 'resolved_target_port': 1}]
[2026-04-16T07:05:57Z] phase=evidence_delay: 15s remaining
[2026-04-16T07:06:02Z] phase=evidence_delay: 10s remaining
[2026-04-16T07:06:07Z] phase=evidence_delay: 5s remaining
[2026-04-16T07:06:12Z] phase=evidence_delay: done
[2026-04-16T07:06:12Z] phase=evidence: collecting ACI evidence
[2026-04-16T07:08:24Z] phase=evidence: collected for target=productcatalogservice
[2026-04-16T07:08:24Z] phase=post_fault_delay: waiting 60s
[2026-04-16T07:08:34Z] phase=post_fault_delay: 50s remaining
[monitor] [2026-04-16T07:08:34Z] detector update: deployment productcatalogservice available=0 updated=0 unavailable=0 desired=0
[2026-04-16T07:08:44Z] phase=post_fault_delay: 40s remaining
[monitor] [2026-04-16T07:08:49Z] detector update: global error ratio 0.250 with total_rps=1.428; service productcatalogservice p99 latency 5000.000 ms; service productcatalogservice port alignment mismatch: [{'service_port': 3550, 'target_port': 1, 'resolved_target_port': 1}]
[2026-04-16T07:08:54Z] phase=post_fault_delay: 30s remaining
[2026-04-16T07:09:04Z] phase=post_fault_delay: 20s remaining
[2026-04-16T07:09:14Z] phase=post_fault_delay: 10s remaining
[2026-04-16T07:09:24Z] phase=post_fault_delay: done
[2026-04-16T07:09:24Z] phase=fault_revert: reverting active fault
{
  "name": "Native Service Port Mismatch Productcatalogservice Baseline",
  "run_id": "20260416T070521Z_native_service_port_mismatch_productcatalogservice_baseline_evidence",
  "started_at_utc": "2026-04-16T07:05:21Z",
  "experiment_file": "/Users/aarnavsawant/Documents/CS6365/AgentScope/experiments/native_service_port_mismatch_productcatalogservice_baseline.yaml",
  "namespace": "default",
  "mode": "evidence_probe",
  "steps": {
    "port_forward_prometheus": {
      "mode": "reused",
      "url": "http://localhost:9090",
      "probe_path": "/-/ready",
      "state_dir": ".runtime/port_forwards"
    },
    "port_forward_jaeger": {
      "mode": "reused",
      "url": "http://localhost:16686",
      "probe_path": "/api/services",
      "state_dir": ".runtime/port_forwards"
    },
    "port_forward_frontend": {
      "mode": "reused",
      "url": "http://localhost:8080",
      "probe_path": "/_healthz",
      "state_dir": ".runtime/port_forwards"
    },
    "traffic": {
      "cmd": [
        "./scripts/generate_traffic.sh",
        "-u",
        "http://localhost:8080",
        "-d",
        "300",
        "-r",
        "4",
        "-m",
        "product-heavy"
      ],
      "pid": 52410
    },
    "baseline": {
      "cmd": [
        "./scripts/collect_baseline.sh",
        "-n",
        "default",
        "-i",
        "15",
        "-d",
        "300"
      ],
      "pid": 52411
    },
    "monitor": {
      "cmd": [
        "./scripts/monitor_loop.py",
        "--namespace",
        "default",
        "--prom-url",
        "http://localhost:9090",
        "--window",
        "1m",
        "--target-deployment",
        "productcatalogservice",
        "--error-ratio-threshold",
        "0.1",
        "--service-error-rps-threshold",
        "0.5",
        "--service-latency-threshold-ms",
        "1000.0",
        "--latency-consecutive-required",
        "2",
        "--service-error-consecutive-required",
        "1",
        "--min-total-rps",
        "0.1",
        "--restart-count-threshold",
        "1",
        "--primary-detectors",
        "error_ratio,service_error_rate,service_latency,deployment_availability,service_endpoints,service_port_alignment,native_stress_job",
        "--out-dir",
        "/Users/aarnavsawant/Documents/CS6365/AgentScope/results/native_episode_collection/native_service_port_mismatch_productcatalogservice/20260416T070521Z_native_service_port_mismatch_productcatalogservice_baseline_evidence/detector_runs",
        "--interval-seconds",
        "10"
      ],
      "pid": 52412
    },
    "fault_apply": {
      "cmd": [
        "python3",
        "-m",
        "faults.native",
        "apply",
        "--namespace",
        "default",
        "--spec-json",
        "{\"id\": \"port-mismatch-productcatalogservice\", \"port_index\": 0, \"service\": \"productcatalogservice\", \"target_port\": 1, \"type\": \"service_ports\"}"
      ],
      "returncode": 0,
      "started_at_utc": "2026-04-16T07:05:51Z",
      "finished_at_utc": "2026-04-16T07:05:52Z",
      "log": "results/native_episode_collection/native_service_port_mismatch_productcatalogservice/20260416T070521Z_native_service_port_mismatch_productcatalogservice_baseline_evidence/fault_apply.log"
    },
    "detection": {
      "timestamp_utc": "2026-04-16T07:06:04Z",
      "config": {
        "namespace": "default",
        "prom_url": "http://localhost:9090",
        "window": "1m",
        "target_deployment": "productcatalogservice",
        "error_ratio_threshold": 0.1,
        "service_error_rps_threshold": 0.5,
        "service_latency_threshold_ms": 1000.0,
        "latency_consecutive_required": 2,
        "service_error_consecutive_required": 1,
        "min_total_rps": 0.1,
        "restart_count_threshold": 1,
        "primary_detectors": [
          "error_ratio",
          "service_error_rate",
          "service_latency",
          "deployment_availability",
          "service_endpoints",
          "service_port_alignment",
          "native_stress_job"
        ],
        "out_file": ""
      },
      "incident_detected": true,
      "suspicious_services": [
        "productcatalogservice"
      ],
      "findings": [
        {
          "name": "error_ratio",
          "triggered": false,
          "severity": "info",
          "reason": "global error ratio 0.000 with total_rps=83.127",
          "service": "",
          "value": 0.0,
          "threshold": 0.1,
          "details": {
            "total_rps": 83.12727272727273,
            "error_rps": 0.0,
            "error_ratio": 0.0
          }
        },
        {
          "name": "service_error_rate",
          "triggered": false,
          "severity": "info",
          "reason": "top error service checkoutservice at 0.000 rps",
          "service": "checkoutservice",
          "value": 0.0,
          "threshold": 0.5,
          "details": {
            "top_error_services": [
              {
                "service_name": "checkoutservice",
                "error_rps": 0.0
              }
            ]
          }
        },
        {
          "name": "service_latency",
          "triggered": false,
          "severity": "info",
          "reason": "service productcatalogservice p99 latency 6.683 ms",
          "service": "productcatalogservice",
          "value": 6.683333,
          "threshold": 1000.0,
          "details": {
            "service_name": "productcatalogservice",
            "p99_latency_ms": 6.683333333333492
          }
        },
        {
          "name": "deployment_availability",
          "triggered": false,
          "severity": "info",
          "reason": "deployment productcatalogservice available=2 updated=2 unavailable=0 desired=2",
          "service": "productcatalogservice",
          "value": 2,
          "threshold": 2,
          "details": {
            "exists": true,
            "desired": 2,
            "available": 2,
            "ready": 2,
            "updated": 2,
            "unavailable": 0,
            "generation": 133,
            "observed_generation": 133,
            "rollout_observed": true,
            "rollout_updated": true,
            "progressing_reason": "NewReplicaSetAvailable",
            "progressing_message": "ReplicaSet \"productcatalogservice-6c7dc657d8\" has successfully progressed.",
            "healthy": true
          }
        },
        {
          "name": "service_endpoints",
          "triggered": false,
          "severity": "info",
          "reason": "service productcatalogservice ready_endpoints=2 not_ready_endpoints=0",
          "service": "productcatalogservice",
          "value": 2,
          "threshold": 1,
          "details": {
            "exists": true,
            "ready_addresses": 2,
            "not_ready_addresses": 0,
            "ports": [
              1
            ],
            "healthy": true
          }
        },
        {
          "name": "service_port_alignment",
          "triggered": true,
          "severity": "high",
          "reason": "service productcatalogservice port alignment mismatch: [{'service_port': 3550, 'target_port': 1, 'resolved_target_port': 1}]",
          "service": "productcatalogservice",
          "value": 1,
          "threshold": 0,
          "details": {
            "exists": true,
            "aligned": false,
            "selector": {
              "app": "productcatalogservice"
            },
            "service_ports": [
              {
                "name": "grpc",
                "port": 3550,
                "protocol": "TCP",
                "targetPort": 1
              }
            ],
            "container_ports": [
              3550
            ],
            "named_ports": {},
            "mismatches": [
              {
                "service_port": 3550,
                "target_port": 1,
                "resolved_target_port": 1
              }
            ]
          }
        },
        {
          "name": "native_stress_job",
          "triggered": false,
          "severity": "info",
          "reason": "no active native stress jobs",
          "service": "productcatalogservice",
          "value": 0,
          "threshold": 0,
          "details": {
            "active_stress_jobs": []
          }
        },
        {
          "name": "restart_history",
          "triggered": false,
          "severity": "info",
          "reason": "historical restart count observed on redis-cart-6d7f4dbc57-d7ghm count=25",
          "service": "redis-cart-6d7f4dbc57-d7ghm",
          "value": 25,
          "threshold": 1,
          "details": {
            "top_pod_restarts": [
              {
                "pod": "redis-cart-6d7f4dbc57-d7ghm",
                "container": "redis",
                "restart_count": 25
              },
              {
                "pod": "kube-state-metrics-55bfbb9f49-cb599",
                "container": "kube-state-metrics",
                "restart_count": 20
              },
              {
                "pod": "jaeger-6bcc9945c-6qhph",
                "container": "jaeger",
                "restart_count": 12
              },
              {
                "pod": "emailservice-6b86f5f8fd-vvj82",
                "container": "server",
                "restart_count": 8
              },
              {
                "pod": "adservice-86d9dc8dd9-gpql6",
                "container": "server",
                "restart_count": 7
              }
            ]
          }
        }
      ],
      "summary": "service productcatalogservice port alignment mismatch: [{'service_port': 3550, 'target_port': 1, 'resolved_target_port': 1}]"
    },
    "evidence": {
      "target_service": "productcatalogservice",
      "category": "availability_control",
      "counts": {
        "rich": 3,
        "weak": 0,
        "missing": 1
      },
      "trace_probe": {},
      "report_file": "results/native_episode_collection/native_service_port_mismatch_productcatalogservice/20260416T070521Z_native_service_port_mismatch_productcatalogservice_baseline_evidence/evidence_report.json",
      "aci_run_log": "results/native_episode_collection/native_service_port_mismatch_productcatalogservice/20260416T070521Z_native_service_port_mismatch_productcatalogservice_baseline_evidence/aci_run_log.jsonl"
    },
    "fault_revert": {
      "cmd": [
        "python3",
        "-m",
        "faults.native",
        "revert",
        "--namespace",
        "default",
        "--spec-json",
        "{\"id\": \"port-mismatch-productcatalogservice\", \"port_index\": 0, \"service\": \"productcatalogservice\", \"target_port\": 1, \"type\": \"service_ports\"}"
      ],
      "returncode": 0,
      "started_at_utc": "2026-04-16T07:09:24Z",
      "finished_at_utc": "2026-04-16T07:09:24Z",
      "log": "results/native_episode_collection/native_service_port_mismatch_productcatalogservice/20260416T070521Z_native_service_port_mismatch_productcatalogservice_baseline_evidence/fault_revert.log"
    },
    "traffic_exit": {
      "returncode": 1
    },
    "baseline_exit": {
      "returncode": -15
    },
    "monitor_exit": {
      "returncode": -15
    }
  },
  "finished_at_utc": "2026-04-16T07:09:26Z"
}
