COMMAND: python3 scripts/repair_observability_access.py --namespace default

[2026-04-16T07:04:25Z] phase=port_forward: reusing session access for prometheus at http://localhost:9090
[2026-04-16T07:04:25Z] phase=port_forward: reusing session access for jaeger at http://localhost:16686
[2026-04-16T07:04:25Z] phase=port_forward: reusing session access for frontend-external at http://localhost:8080
{
  "checks": {
    "prometheus_access": {
      "ok": true,
      "detail": {
        "mode": "reused",
        "url": "http://localhost:9090",
        "probe_path": "/-/ready",
        "state_dir": ".runtime/port_forwards"
      }
    },
    "jaeger_access": {
      "ok": true,
      "detail": {
        "mode": "reused",
        "url": "http://localhost:16686",
        "probe_path": "/api/services",
        "state_dir": ".runtime/port_forwards"
      }
    },
    "frontend_access": {
      "ok": true,
      "detail": {
        "mode": "reused",
        "url": "http://localhost:8080",
        "probe_path": "/_healthz",
        "state_dir": ".runtime/port_forwards"
      }
    },
    "otel_spanmetrics_up": {
      "ok": true,
      "detail": 1.0
    },
    "kube_state_metrics_up": {
      "ok": true,
      "detail": 1.0
    },
    "cadvisor_up": {
      "ok": true,
      "detail": 1.0
    },
    "cpu_series_present": {
      "ok": true,
      "detail": 20.0
    },
    "memory_series_present": {
      "ok": true,
      "detail": 20.0
    },
    "cpu_limit_series_present": {
      "ok": true,
      "detail": 20.0
    },
    "jaeger_services": {
      "ok": true,
      "detail": [
        "currencyservice",
        "productcatalogservice",
        "frontend",
        "checkoutservice",
        "paymentservice",
        "recommendationservice",
        "emailservice",
        "jaeger-all-in-one"
      ]
    }
  },
  "ok": true
}
