COMMAND: /Library/Frameworks/Python.framework/Versions/3.12/bin/python3 scripts/run_evidence_probe.py /Users/aarnavsawant/Documents/CS6365/AgentScope/experiments/native_bad_env_checkoutservice_email_baseline.yaml --out-dir /Users/aarnavsawant/Documents/CS6365/AgentScope/results/native_episode_collection/topoff_bad_env_20260418T053800Z --lookback-minutes 5 --warm-cluster --include-dependencies
STARTED_AT_UTC: 2026-04-18T05:38:01Z
FINISHED_AT_UTC: 2026-04-18T05:42:55Z
RETURNCODE: 0

STDOUT:
[2026-04-18T05:38:01Z] starting evidence probe 'native_bad_env_checkoutservice_email_baseline_evidence'
[2026-04-18T05:38:01Z] artifacts directory: /Users/aarnavsawant/Documents/CS6365/AgentScope/results/native_episode_collection/topoff_bad_env_20260418T053800Z/20260418T053801Z_native_bad_env_checkoutservice_email_baseline_evidence
[2026-04-18T05:38:01Z] phase=startup: skipped
[2026-04-18T05:38:01Z] phase=reset: skipped (warm cluster)
[2026-04-18T05:38:01Z] phase=environment: verified
[2026-04-18T05:38:01Z] phase=port_forward: reusing session access for prometheus at http://localhost:9090
[2026-04-18T05:38:01Z] phase=port_forward: reusing session access for jaeger at http://localhost:16686
[2026-04-18T05:38:01Z] phase=port_forward: reusing session access for frontend-external at http://localhost:8080
[2026-04-18T05:38:01Z] phase=traffic: started (pid=53769)
[2026-04-18T05:38:01Z] phase=baseline: started (pid=53770)
[2026-04-18T05:38:01Z] phase=monitor: started (pid=53771)
[2026-04-18T05:38:01Z] phase=pre_fault_delay: waiting 30s
[monitor] [2026-04-18T05:38:05Z] detector initialized: incident_detected=False; no detector triggered
[2026-04-18T05:38:06Z] phase=pre_fault_delay: 25s remaining
[2026-04-18T05:38:11Z] phase=pre_fault_delay: 20s remaining
[2026-04-18T05:38:16Z] phase=pre_fault_delay: 15s remaining
[2026-04-18T05:38:21Z] phase=pre_fault_delay: 10s remaining
[2026-04-18T05:38:26Z] phase=pre_fault_delay: 5s remaining
[2026-04-18T05:38:31Z] phase=pre_fault_delay: done
[2026-04-18T05:38:31Z] phase=fault_apply: applying fault
[2026-04-18T05:38:33Z] phase=fault_apply: completed
[2026-04-18T05:38:33Z] phase=evidence_delay: waiting 20s after fault injection before collecting evidence
[2026-04-18T05:38:33Z] phase=evidence_delay: waiting 20s
[2026-04-18T05:38:38Z] phase=evidence_delay: 15s remaining
[monitor] [2026-04-18T05:38:41Z] detector state change: incident_detected; deployment checkoutservice available=2 updated=1 unavailable=1 desired=2
[2026-04-18T05:38:43Z] phase=evidence_delay: 10s remaining
[2026-04-18T05:38:48Z] phase=evidence_delay: 5s remaining
[2026-04-18T05:38:53Z] phase=evidence_delay: done
[2026-04-18T05:38:53Z] phase=evidence: collecting ACI evidence
[monitor] [2026-04-18T05:39:24Z] detector update: deployment checkoutservice available=2 updated=2 unavailable=1 desired=2
[monitor] [2026-04-18T05:40:14Z] detector state change: incident_cleared; no detector triggered
[2026-04-18T05:41:49Z] phase=evidence: collected for target=checkoutservice
[2026-04-18T05:41:49Z] phase=post_fault_delay: waiting 60s
[2026-04-18T05:41:59Z] phase=post_fault_delay: 50s remaining
[2026-04-18T05:42:09Z] phase=post_fault_delay: 40s remaining
[2026-04-18T05:42:19Z] phase=post_fault_delay: 30s remaining
[2026-04-18T05:42:29Z] phase=post_fault_delay: 20s remaining
[2026-04-18T05:42:39Z] phase=post_fault_delay: 10s remaining
[2026-04-18T05:42:49Z] phase=post_fault_delay: done
[2026-04-18T05:42:49Z] phase=fault_revert: reverting active fault
[monitor] [2026-04-18T05:42:54Z] detector state change: incident_detected; deployment checkoutservice available=2 updated=2 unavailable=0 desired=2
{
  "name": "Native Bad Env Checkoutservice Email Baseline",
  "run_id": "20260418T053801Z_native_bad_env_checkoutservice_email_baseline_evidence",
  "started_at_utc": "2026-04-18T05:38:01Z",
  "experiment_file": "/Users/aarnavsawant/Documents/CS6365/AgentScope/experiments/native_bad_env_checkoutservice_email_baseline.yaml",
  "namespace": "default",
  "mode": "evidence_probe",
  "warm_cluster": true,
  "skip_startup": true,
  "skip_reset": true,
  "steps": {
    "reset_before": {
      "skipped": true,
      "reason": "skip-reset/warm-cluster requested",
      "finished_at_utc": "2026-04-18T05:38:01Z"
    },
    "port_forward_prometheus": {
      "mode": "reused",
      "url": "http://localhost:9090",
      "probe_path": "/-/ready",
      "state_dir": ".runtime/port_forwards"
    },
    "port_forward_jaeger": {
      "mode": "reused",
      "url": "http://localhost:16686",
      "probe_path": "/api/services",
      "state_dir": ".runtime/port_forwards"
    },
    "port_forward_frontend": {
      "mode": "reused",
      "url": "http://localhost:8080",
      "probe_path": "/_healthz",
      "state_dir": ".runtime/port_forwards"
    },
    "traffic": {
      "cmd": [
        "./scripts/generate_traffic.sh",
        "-u",
        "http://localhost:8080",
        "-d",
        "300",
        "-r",
        "4",
        "-m",
        "checkout-heavy"
      ],
      "pid": 53769
    },
    "baseline": {
      "cmd": [
        "./scripts/collect_baseline.sh",
        "-n",
        "default",
        "-i",
        "15",
        "-d",
        "300"
      ],
      "pid": 53770
    },
    "monitor": {
      "cmd": [
        "./scripts/monitor_loop.py",
        "--namespace",
        "default",
        "--prom-url",
        "http://localhost:9090",
        "--window",
        "1m",
        "--target-deployment",
        "checkoutservice",
        "--error-ratio-threshold",
        "0.1",
        "--service-error-rps-threshold",
        "0.5",
        "--service-latency-threshold-ms",
        "750",
        "--latency-consecutive-required",
        "2",
        "--service-error-consecutive-required",
        "1",
        "--min-total-rps",
        "0.1",
        "--restart-count-threshold",
        "1",
        "--primary-detectors",
        "error_ratio,service_error_rate,service_latency,deployment_availability,service_endpoints,service_port_alignment,native_stress_job",
        "--out-dir",
        "/Users/aarnavsawant/Documents/CS6365/AgentScope/results/native_episode_collection/topoff_bad_env_20260418T053800Z/20260418T053801Z_native_bad_env_checkoutservice_email_baseline_evidence/detector_runs",
        "--interval-seconds",
        "10"
      ],
      "pid": 53771
    },
    "fault_apply": {
      "cmd": [
        "python3",
        "-m",
        "faults.native",
        "apply",
        "--namespace",
        "default",
        "--spec-json",
        "{\"container\": \"server\", \"deployment\": \"checkoutservice\", \"env_name\": \"EMAIL_SERVICE_ADDR\", \"env_value\": \"emailservice:5999\", \"id\": \"bad-env-checkoutservice-email\", \"type\": \"deployment_env\"}"
      ],
      "returncode": 0,
      "started_at_utc": "2026-04-18T05:38:31Z",
      "finished_at_utc": "2026-04-18T05:38:33Z",
      "log": "results/native_episode_collection/topoff_bad_env_20260418T053800Z/20260418T053801Z_native_bad_env_checkoutservice_email_baseline_evidence/fault_apply.log"
    },
    "detection": {
      "timestamp_utc": "2026-04-18T05:38:41Z",
      "config": {
        "namespace": "default",
        "prom_url": "http://localhost:9090",
        "window": "1m",
        "target_deployment": "checkoutservice",
        "error_ratio_threshold": 0.1,
        "service_error_rps_threshold": 0.5,
        "service_latency_threshold_ms": 750.0,
        "latency_consecutive_required": 2,
        "service_error_consecutive_required": 1,
        "min_total_rps": 0.1,
        "restart_count_threshold": 1,
        "primary_detectors": [
          "error_ratio",
          "service_error_rate",
          "service_latency",
          "deployment_availability",
          "service_endpoints",
          "service_port_alignment",
          "native_stress_job"
        ],
        "out_file": ""
      },
      "incident_detected": true,
      "suspicious_services": [
        "checkoutservice"
      ],
      "findings": [
        {
          "name": "error_ratio",
          "triggered": false,
          "severity": "info",
          "reason": "global error ratio 0.000 with total_rps=0.000",
          "service": "",
          "value": 0.0,
          "threshold": 0.1,
          "details": {
            "total_rps": 0.0,
            "error_rps": 0.0,
            "error_ratio": 0.0
          }
        },
        {
          "name": "service_error_rate",
          "triggered": false,
          "severity": "info",
          "reason": "top error service checkoutservice at 0.000 rps",
          "service": "checkoutservice",
          "value": 0.0,
          "threshold": 0.5,
          "details": {
            "top_error_services": [
              {
                "service_name": "checkoutservice",
                "error_rps": 0.0
              }
            ]
          }
        },
        {
          "name": "service_latency",
          "triggered": false,
          "severity": "info",
          "reason": "service checkoutservice p99 latency 0.000 ms",
          "service": "checkoutservice",
          "value": 0.0,
          "threshold": 750.0,
          "details": {
            "service_name": "checkoutservice",
            "p99_latency_ms": 0.0
          }
        },
        {
          "name": "deployment_availability",
          "triggered": true,
          "severity": "critical",
          "reason": "deployment checkoutservice available=2 updated=1 unavailable=1 desired=2",
          "service": "checkoutservice",
          "value": 2,
          "threshold": 2,
          "details": {
            "exists": true,
            "desired": 2,
            "available": 2,
            "ready": 2,
            "updated": 1,
            "unavailable": 1,
            "generation": 17,
            "observed_generation": 17,
            "rollout_observed": true,
            "rollout_updated": false,
            "progressing_reason": "ReplicaSetUpdated",
            "progressing_message": "ReplicaSet \"checkoutservice-7d6745d544\" is progressing.",
            "healthy": false
          }
        },
        {
          "name": "service_endpoints",
          "triggered": false,
          "severity": "info",
          "reason": "service checkoutservice ready_endpoints=2 not_ready_endpoints=1",
          "service": "checkoutservice",
          "value": 2,
          "threshold": 1,
          "details": {
            "exists": true,
            "ready_addresses": 2,
            "not_ready_addresses": 1,
            "ports": [
              5050
            ],
            "healthy": true
          }
        },
        {
          "name": "service_port_alignment",
          "triggered": false,
          "severity": "info",
          "reason": "service checkoutservice port alignment ok",
          "service": "checkoutservice",
          "value": 0,
          "threshold": 0,
          "details": {
            "exists": true,
            "aligned": true,
            "selector": {
              "app": "checkoutservice"
            },
            "service_ports": [
              {
                "name": "grpc",
                "port": 5050,
                "protocol": "TCP",
                "targetPort": 5050
              }
            ],
            "container_ports": [
              5050
            ],
            "named_ports": {},
            "mismatches": []
          }
        },
        {
          "name": "native_stress_job",
          "triggered": false,
          "severity": "info",
          "reason": "no active native stress jobs",
          "service": "checkoutservice",
          "value": 0,
          "threshold": 0,
          "details": {
            "active_stress_jobs": []
          }
        },
        {
          "name": "restart_history",
          "triggered": false,
          "severity": "info",
          "reason": "historical restart count observed on jaeger-845b6c89f7-7bffd count=11",
          "service": "jaeger-845b6c89f7-7bffd",
          "value": 11,
          "threshold": 1,
          "details": {
            "top_pod_restarts": [
              {
                "pod": "jaeger-845b6c89f7-7bffd",
                "container": "jaeger",
                "restart_count": 11
              },
              {
                "pod": "redis-cart-6899b65948-q5mxh",
                "container": "redis",
                "restart_count": 6
              },
              {
                "pod": "adservice-69cf6f7b76-m6r9l",
                "container": "server",
                "restart_count": 1
              },
              {
                "pod": "recommendationservice-5fbbb8774f-97zmt",
                "container": "server",
                "restart_count": 1
              }
            ]
          }
        }
      ],
      "summary": "deployment checkoutservice available=2 updated=1 unavailable=1 desired=2"
    },
    "evidence": {
      "target_service": "checkoutservice",
      "category": "dependency_trace",
      "counts": {
        "rich": 19,
        "weak": 4,
        "missing": 0
      },
      "trace_probe": {
        "cmd": [
          "./scripts/generate_traffic.sh",
          "-u",
          "http://localhost:8080",
          "-d",
          "12",
          "-r",
          "6",
          "-m",
          "checkout-heavy",
          "-o",
          "/Users/aarnavsawant/Documents/CS6365/AgentScope/results/native_episode_collection/topoff_bad_env_20260418T053800Z/20260418T053801Z_native_bad_env_checkoutservice_email_baseline_evidence/trace_probe_traffic_3"
        ],
        "returncode": 0,
        "started_at_utc": "2026-04-18T05:40:47Z",
        "finished_at_utc": "2026-04-18T05:41:02Z",
        "log": "results/native_episode_collection/topoff_bad_env_20260418T053800Z/20260418T053801Z_native_bad_env_checkoutservice_email_baseline_evidence/trace_probe_3.log",
        "attempt": 3,
        "base_url": "http://localhost:8080",
        "mode": "checkout-heavy",
        "output_root": "results/native_episode_collection/topoff_bad_env_20260418T053800Z/20260418T053801Z_native_bad_env_checkoutservice_email_baseline_evidence/trace_probe_traffic_3"
      },
      "report_file": "results/native_episode_collection/topoff_bad_env_20260418T053800Z/20260418T053801Z_native_bad_env_checkoutservice_email_baseline_evidence/evidence_report.json",
      "aci_run_log": "results/native_episode_collection/topoff_bad_env_20260418T053800Z/20260418T053801Z_native_bad_env_checkoutservice_email_baseline_evidence/aci_run_log.jsonl"
    },
    "fault_revert": {
      "cmd": [
        "python3",
        "-m",
        "faults.native",
        "revert",
        "--namespace",
        "default",
        "--spec-json",
        "{\"container\": \"server\", \"deployment\": \"checkoutservice\", \"env_name\": \"EMAIL_SERVICE_ADDR\", \"env_value\": \"emailservice:5999\", \"id\": \"bad-env-checkoutservice-email\", \"type\": \"deployment_env\"}"
      ],
      "returncode": 0,
      "started_at_utc": "2026-04-18T05:42:49Z",
      "finished_at_utc": "2026-04-18T05:42:51Z",
      "log": "results/native_episode_collection/topoff_bad_env_20260418T053800Z/20260418T053801Z_native_bad_env_checkoutservice_email_baseline_evidence/fault_revert.log"
    },
    "traffic_exit": {
      "returncode": -15
    },
    "baseline_exit": {
      "returncode": -15
    },
    "monitor_exit": {
      "returncode": -15
    }
  },
  "finished_at_utc": "2026-04-18T05:42:55Z"
}

STDERR:

