COMMAND: python3 -m faults.native apply --namespace default --spec-json '{"args": ["import time; blob = bytearray(180 * 1024 * 1024); blob[0] = 1; time.sleep(90)"], "command": ["python", "-c"], "id": "memory-pressure-stress-job", "image": "python:3.12-alpine", "job_name": "agentscope-memory-pressure", "resources": {"limits": {"cpu": "500m", "memory": "256Mi"}, "requests": {"cpu": "100m", "memory": "192Mi"}}, "type": "stress_job"}'

STDOUT:
{
  "fault_spec": {
    "args": [
      "import time; blob = bytearray(180 * 1024 * 1024); blob[0] = 1; time.sleep(90)"
    ],
    "command": [
      "python",
      "-c"
    ],
    "id": "memory-pressure-stress-job",
    "image": "python:3.12-alpine",
    "job_name": "agentscope-memory-pressure",
    "resources": {
      "limits": {
        "cpu": "500m",
        "memory": "256Mi"
      },
      "requests": {
        "cpu": "100m",
        "memory": "192Mi"
      }
    },
    "type": "stress_job"
  },
  "job_name": "agentscope-memory-pressure",
  "state_name": "agentscope-native-memory-pressure-stress-job",
  "type": "stress_job"
}

STDERR:
