COMMAND: python3 scripts/run_evidence_probe.py experiments/native_scale_zero_recommendationservice_baseline.yaml --out-dir /Users/aarnavsawant/Documents/CS6365/AgentScope/results/native_episode_collection/native_scale_zero_recommendationservice --lookback-minutes 2 --include-dependencies

[2026-04-16T07:09:36Z] starting evidence probe 'native_scale_zero_recommendationservice_baseline_evidence'
[2026-04-16T07:09:36Z] artifacts directory: /Users/aarnavsawant/Documents/CS6365/AgentScope/results/native_episode_collection/native_scale_zero_recommendationservice/20260416T070936Z_native_scale_zero_recommendationservice_baseline_evidence
[2026-04-16T07:09:36Z] phase=startup: skipped
[2026-04-16T07:09:36Z] phase=environment: verified
[2026-04-16T07:09:36Z] phase=port_forward: reusing session access for prometheus at http://localhost:9090
[2026-04-16T07:09:36Z] phase=port_forward: reusing session access for jaeger at http://localhost:16686
[2026-04-16T07:09:36Z] phase=port_forward: reusing session access for frontend-external at http://localhost:8080
[2026-04-16T07:09:36Z] phase=traffic: started (pid=55436)
[2026-04-16T07:09:36Z] phase=baseline: started (pid=55437)
[2026-04-16T07:09:36Z] phase=monitor: started (pid=55438)
[2026-04-16T07:09:36Z] phase=pre_fault_delay: waiting 30s
[monitor] [2026-04-16T07:09:37Z] detector initialized: incident_detected=False; no detector triggered
[2026-04-16T07:09:41Z] phase=pre_fault_delay: 25s remaining
[2026-04-16T07:09:46Z] phase=pre_fault_delay: 20s remaining
[2026-04-16T07:09:51Z] phase=pre_fault_delay: 15s remaining
[2026-04-16T07:09:56Z] phase=pre_fault_delay: 10s remaining
[2026-04-16T07:10:01Z] phase=pre_fault_delay: 5s remaining
[2026-04-16T07:10:06Z] phase=pre_fault_delay: done
[2026-04-16T07:10:06Z] phase=fault_apply: applying fault
[2026-04-16T07:10:07Z] phase=fault_apply: completed
[2026-04-16T07:10:07Z] phase=evidence_delay: waiting 20s after fault injection before collecting evidence
[2026-04-16T07:10:07Z] phase=evidence_delay: waiting 20s
[monitor] [2026-04-16T07:10:12Z] detector state change: incident_detected; deployment recommendationservice available=0 updated=0 unavailable=0 desired=0; service recommendationservice ready_endpoints=0 not_ready_endpoints=0
[2026-04-16T07:10:12Z] phase=evidence_delay: 15s remaining
[2026-04-16T07:10:17Z] phase=evidence_delay: 10s remaining
[2026-04-16T07:10:22Z] phase=evidence_delay: 5s remaining
[2026-04-16T07:10:27Z] phase=evidence_delay: done
[2026-04-16T07:10:27Z] phase=evidence: collecting ACI evidence
[monitor] [2026-04-16T07:10:45Z] detector update: top error service frontend at 2.073 rps; deployment recommendationservice available=0 updated=0 unavailable=0 desired=0; service recommendationservice ready_endpoints=0 not_ready_endpoints=0
[2026-04-16T07:10:49Z] phase=evidence: collected for target=recommendationservice
[2026-04-16T07:10:49Z] phase=post_fault_delay: waiting 90s
[monitor] [2026-04-16T07:10:56Z] detector update: top error service frontend at 6.236 rps; deployment recommendationservice available=0 updated=0 unavailable=0 desired=0; service recommendationservice ready_endpoints=0 not_ready_endpoints=0
[2026-04-16T07:10:59Z] phase=post_fault_delay: 80s remaining
[monitor] [2026-04-16T07:11:07Z] detector update: top error service frontend at 7.999 rps; deployment recommendationservice available=0 updated=0 unavailable=0 desired=0; service recommendationservice ready_endpoints=0 not_ready_endpoints=0
[2026-04-16T07:11:09Z] phase=post_fault_delay: 70s remaining
[monitor] [2026-04-16T07:11:17Z] detector update: top error service frontend at 7.963 rps; deployment recommendationservice available=0 updated=0 unavailable=0 desired=0; service recommendationservice ready_endpoints=0 not_ready_endpoints=0
[2026-04-16T07:11:19Z] phase=post_fault_delay: 60s remaining
[monitor] [2026-04-16T07:11:28Z] detector update: top error service frontend at 10.637 rps; deployment recommendationservice available=0 updated=0 unavailable=0 desired=0; service recommendationservice ready_endpoints=0 not_ready_endpoints=0
[2026-04-16T07:11:29Z] phase=post_fault_delay: 50s remaining
[monitor] [2026-04-16T07:11:39Z] detector update: top error service frontend at 10.436 rps; deployment recommendationservice available=0 updated=0 unavailable=0 desired=0; service recommendationservice ready_endpoints=0 not_ready_endpoints=0
[2026-04-16T07:11:39Z] phase=post_fault_delay: 40s remaining
[2026-04-16T07:11:49Z] phase=post_fault_delay: 30s remaining
[monitor] [2026-04-16T07:11:50Z] detector update: top error service frontend at 8.836 rps; deployment recommendationservice available=0 updated=0 unavailable=0 desired=0; service recommendationservice ready_endpoints=0 not_ready_endpoints=0
[2026-04-16T07:11:59Z] phase=post_fault_delay: 20s remaining
[monitor] [2026-04-16T07:12:01Z] detector update: top error service frontend at 7.073 rps; deployment recommendationservice available=0 updated=0 unavailable=0 desired=0; service recommendationservice ready_endpoints=0 not_ready_endpoints=0
[2026-04-16T07:12:09Z] phase=post_fault_delay: 10s remaining
[monitor] [2026-04-16T07:12:12Z] detector update: top error service frontend at 9.800 rps; deployment recommendationservice available=0 updated=0 unavailable=0 desired=0; service recommendationservice ready_endpoints=0 not_ready_endpoints=0
[2026-04-16T07:12:19Z] phase=post_fault_delay: done
[2026-04-16T07:12:19Z] phase=fault_revert: reverting active fault
{
  "name": "Native Scale Zero Recommendationservice Baseline",
  "run_id": "20260416T070936Z_native_scale_zero_recommendationservice_baseline_evidence",
  "started_at_utc": "2026-04-16T07:09:36Z",
  "experiment_file": "/Users/aarnavsawant/Documents/CS6365/AgentScope/experiments/native_scale_zero_recommendationservice_baseline.yaml",
  "namespace": "default",
  "mode": "evidence_probe",
  "steps": {
    "port_forward_prometheus": {
      "mode": "reused",
      "url": "http://localhost:9090",
      "probe_path": "/-/ready",
      "state_dir": ".runtime/port_forwards"
    },
    "port_forward_jaeger": {
      "mode": "reused",
      "url": "http://localhost:16686",
      "probe_path": "/api/services",
      "state_dir": ".runtime/port_forwards"
    },
    "port_forward_frontend": {
      "mode": "reused",
      "url": "http://localhost:8080",
      "probe_path": "/_healthz",
      "state_dir": ".runtime/port_forwards"
    },
    "traffic": {
      "cmd": [
        "./scripts/generate_traffic.sh",
        "-u",
        "http://localhost:8080",
        "-d",
        "300",
        "-r",
        "4",
        "-m",
        "realistic"
      ],
      "pid": 55436
    },
    "baseline": {
      "cmd": [
        "./scripts/collect_baseline.sh",
        "-n",
        "default",
        "-i",
        "15",
        "-d",
        "300"
      ],
      "pid": 55437
    },
    "monitor": {
      "cmd": [
        "./scripts/monitor_loop.py",
        "--namespace",
        "default",
        "--prom-url",
        "http://localhost:9090",
        "--window",
        "1m",
        "--target-deployment",
        "recommendationservice",
        "--error-ratio-threshold",
        "0.1",
        "--service-error-rps-threshold",
        "0.5",
        "--service-latency-threshold-ms",
        "1000.0",
        "--latency-consecutive-required",
        "2",
        "--service-error-consecutive-required",
        "1",
        "--min-total-rps",
        "0.1",
        "--restart-count-threshold",
        "1",
        "--primary-detectors",
        "error_ratio,service_error_rate,service_latency,deployment_availability,service_endpoints,service_port_alignment,native_stress_job",
        "--out-dir",
        "/Users/aarnavsawant/Documents/CS6365/AgentScope/results/native_episode_collection/native_scale_zero_recommendationservice/20260416T070936Z_native_scale_zero_recommendationservice_baseline_evidence/detector_runs",
        "--interval-seconds",
        "10"
      ],
      "pid": 55438
    },
    "fault_apply": {
      "cmd": [
        "python3",
        "-m",
        "faults.native",
        "apply",
        "--namespace",
        "default",
        "--spec-json",
        "{\"deployment\": \"recommendationservice\", \"id\": \"scale-zero-recommendationservice\", \"replicas\": 0, \"type\": \"deployment_scale\"}"
      ],
      "returncode": 0,
      "started_at_utc": "2026-04-16T07:10:06Z",
      "finished_at_utc": "2026-04-16T07:10:07Z",
      "log": "results/native_episode_collection/native_scale_zero_recommendationservice/20260416T070936Z_native_scale_zero_recommendationservice_baseline_evidence/fault_apply.log"
    },
    "detection": {
      "timestamp_utc": "2026-04-16T07:10:23Z",
      "config": {
        "namespace": "default",
        "prom_url": "http://localhost:9090",
        "window": "1m",
        "target_deployment": "recommendationservice",
        "error_ratio_threshold": 0.1,
        "service_error_rps_threshold": 0.5,
        "service_latency_threshold_ms": 1000.0,
        "latency_consecutive_required": 2,
        "service_error_consecutive_required": 1,
        "min_total_rps": 0.1,
        "restart_count_threshold": 1,
        "primary_detectors": [
          "error_ratio",
          "service_error_rate",
          "service_latency",
          "deployment_availability",
          "service_endpoints",
          "service_port_alignment",
          "native_stress_job"
        ],
        "out_file": ""
      },
      "incident_detected": true,
      "suspicious_services": [
        "recommendationservice"
      ],
      "findings": [
        {
          "name": "error_ratio",
          "triggered": false,
          "severity": "info",
          "reason": "global error ratio 0.000 with total_rps=178.331",
          "service": "",
          "value": 0.000306,
          "threshold": 0.1,
          "details": {
            "total_rps": 178.3305151002746,
            "error_rps": 0.054546446299023624,
            "error_ratio": 0.0003058727569331158
          }
        },
        {
          "name": "service_error_rate",
          "triggered": false,
          "severity": "info",
          "reason": "top error service frontend at 0.055 rps",
          "service": "frontend",
          "value": 0.054546,
          "threshold": 0.5,
          "details": {
            "top_error_services": [
              {
                "service_name": "frontend",
                "error_rps": 0.054546446299023624
              }
            ]
          }
        },
        {
          "name": "service_latency",
          "triggered": false,
          "severity": "info",
          "reason": "service recommendationservice p99 latency 114.500 ms",
          "service": "recommendationservice",
          "value": 114.5,
          "threshold": 1000.0,
          "details": {
            "service_name": "recommendationservice",
            "p99_latency_ms": 114.49999999999908
          }
        },
        {
          "name": "deployment_availability",
          "triggered": true,
          "severity": "critical",
          "reason": "deployment recommendationservice available=0 updated=0 unavailable=0 desired=0",
          "service": "recommendationservice",
          "value": 0,
          "threshold": 0,
          "details": {
            "exists": true,
            "desired": 0,
            "available": 0,
            "ready": 0,
            "updated": 0,
            "unavailable": 0,
            "generation": 135,
            "observed_generation": 135,
            "rollout_observed": true,
            "rollout_updated": true,
            "progressing_reason": "NewReplicaSetAvailable",
            "progressing_message": "ReplicaSet \"recommendationservice-5b4c458fb8\" has successfully progressed.",
            "healthy": false
          }
        },
        {
          "name": "service_endpoints",
          "triggered": true,
          "severity": "high",
          "reason": "service recommendationservice ready_endpoints=0 not_ready_endpoints=0",
          "service": "recommendationservice",
          "value": 0,
          "threshold": 1,
          "details": {
            "exists": true,
            "ready_addresses": 0,
            "not_ready_addresses": 0,
            "ports": [],
            "healthy": false
          }
        },
        {
          "name": "service_port_alignment",
          "triggered": false,
          "severity": "info",
          "reason": "service recommendationservice port alignment ok",
          "service": "recommendationservice",
          "value": 0,
          "threshold": 0,
          "details": {
            "exists": true,
            "aligned": true,
            "selector": {
              "app": "recommendationservice"
            },
            "service_ports": [
              {
                "name": "grpc",
                "port": 8080,
                "protocol": "TCP",
                "targetPort": 8080
              }
            ],
            "container_ports": [],
            "named_ports": {},
            "mismatches": [],
            "reason": "service selector currently matches no pods"
          }
        },
        {
          "name": "native_stress_job",
          "triggered": false,
          "severity": "info",
          "reason": "no active native stress jobs",
          "service": "recommendationservice",
          "value": 0,
          "threshold": 0,
          "details": {
            "active_stress_jobs": []
          }
        },
        {
          "name": "restart_history",
          "triggered": false,
          "severity": "info",
          "reason": "historical restart count observed on redis-cart-6d7f4dbc57-d7ghm count=25",
          "service": "redis-cart-6d7f4dbc57-d7ghm",
          "value": 25,
          "threshold": 1,
          "details": {
            "top_pod_restarts": [
              {
                "pod": "redis-cart-6d7f4dbc57-d7ghm",
                "container": "redis",
                "restart_count": 25
              },
              {
                "pod": "kube-state-metrics-55bfbb9f49-cb599",
                "container": "kube-state-metrics",
                "restart_count": 20
              },
              {
                "pod": "jaeger-6bcc9945c-6qhph",
                "container": "jaeger",
                "restart_count": 13
              },
              {
                "pod": "emailservice-6b86f5f8fd-vvj82",
                "container": "server",
                "restart_count": 8
              },
              {
                "pod": "adservice-86d9dc8dd9-gpql6",
                "container": "server",
                "restart_count": 7
              }
            ]
          }
        }
      ],
      "summary": "deployment recommendationservice available=0 updated=0 unavailable=0 desired=0; service recommendationservice ready_endpoints=0 not_ready_endpoints=0"
    },
    "evidence": {
      "target_service": "recommendationservice",
      "category": "availability_control",
      "counts": {
        "rich": 8,
        "weak": 1,
        "missing": 1
      },
      "trace_probe": {
        "cmd": [
          "./scripts/generate_traffic.sh",
          "-u",
          "http://localhost:8080",
          "-d",
          "12",
          "-r",
          "6",
          "-m",
          "realistic",
          "-o",
          "/Users/aarnavsawant/Documents/CS6365/AgentScope/results/native_episode_collection/native_scale_zero_recommendationservice/20260416T070936Z_native_scale_zero_recommendationservice_baseline_evidence/trace_probe_traffic"
        ],
        "returncode": 0,
        "started_at_utc": "2026-04-16T07:10:28Z",
        "finished_at_utc": "2026-04-16T07:10:41Z",
        "log": "results/native_episode_collection/native_scale_zero_recommendationservice/20260416T070936Z_native_scale_zero_recommendationservice_baseline_evidence/trace_probe.log",
        "attempt": 1,
        "base_url": "http://localhost:8080",
        "mode": "realistic",
        "output_root": "results/native_episode_collection/native_scale_zero_recommendationservice/20260416T070936Z_native_scale_zero_recommendationservice_baseline_evidence/trace_probe_traffic"
      },
      "report_file": "results/native_episode_collection/native_scale_zero_recommendationservice/20260416T070936Z_native_scale_zero_recommendationservice_baseline_evidence/evidence_report.json",
      "aci_run_log": "results/native_episode_collection/native_scale_zero_recommendationservice/20260416T070936Z_native_scale_zero_recommendationservice_baseline_evidence/aci_run_log.jsonl"
    },
    "fault_revert": {
      "cmd": [
        "python3",
        "-m",
        "faults.native",
        "revert",
        "--namespace",
        "default",
        "--spec-json",
        "{\"deployment\": \"recommendationservice\", \"id\": \"scale-zero-recommendationservice\", \"replicas\": 0, \"type\": \"deployment_scale\"}"
      ],
      "returncode": 0,
      "started_at_utc": "2026-04-16T07:12:19Z",
      "finished_at_utc": "2026-04-16T07:12:20Z",
      "log": "results/native_episode_collection/native_scale_zero_recommendationservice/20260416T070936Z_native_scale_zero_recommendationservice_baseline_evidence/fault_revert.log"
    },
    "traffic_exit": {
      "returncode": -15
    },
    "baseline_exit": {
      "returncode": -15
    },
    "monitor_exit": {
      "returncode": -15
    }
  },
  "finished_at_utc": "2026-04-16T07:12:23Z"
}
