COMMAND: /Library/Frameworks/Python.framework/Versions/3.12/bin/python3 scripts/run_evidence_probe.py /Users/aarnavsawant/Documents/CS6365/AgentScope/experiments/native_pod_delete_cartservice_baseline.yaml --out-dir /Users/aarnavsawant/Documents/CS6365/AgentScope/results/native_episode_collection/topoff_pod_delete_20260418T044942Z --lookback-minutes 5 --warm-cluster
STARTED_AT_UTC: 2026-04-18T04:53:19Z
FINISHED_AT_UTC: 2026-04-18T04:56:54Z
RETURNCODE: 0

STDOUT:
[2026-04-18T04:53:19Z] starting evidence probe 'native_pod_delete_cartservice_baseline_evidence'
[2026-04-18T04:53:19Z] artifacts directory: /Users/aarnavsawant/Documents/CS6365/AgentScope/results/native_episode_collection/topoff_pod_delete_20260418T044942Z/20260418T045319Z_native_pod_delete_cartservice_baseline_evidence
[2026-04-18T04:53:19Z] phase=startup: skipped
[2026-04-18T04:53:19Z] phase=reset: skipped (warm cluster)
[2026-04-18T04:53:19Z] phase=environment: verified
[2026-04-18T04:53:19Z] phase=port_forward: reusing session access for prometheus at http://localhost:9090
[2026-04-18T04:53:19Z] phase=port_forward: reusing session access for jaeger at http://localhost:16686
[2026-04-18T04:53:19Z] phase=port_forward: reusing session access for frontend-external at http://localhost:8080
[2026-04-18T04:53:19Z] phase=traffic: started (pid=85414)
[2026-04-18T04:53:19Z] phase=baseline: started (pid=85415)
[2026-04-18T04:53:19Z] phase=monitor: started (pid=85416)
[2026-04-18T04:53:19Z] phase=pre_fault_delay: waiting 30s
[monitor] [2026-04-18T04:53:21Z] detector initialized: incident_detected=False; no detector triggered
[2026-04-18T04:53:24Z] phase=pre_fault_delay: 25s remaining
[2026-04-18T04:53:29Z] phase=pre_fault_delay: 20s remaining
[2026-04-18T04:53:34Z] phase=pre_fault_delay: 15s remaining
[2026-04-18T04:53:39Z] phase=pre_fault_delay: 10s remaining
[2026-04-18T04:53:44Z] phase=pre_fault_delay: 5s remaining
[2026-04-18T04:53:49Z] phase=pre_fault_delay: done
[2026-04-18T04:53:49Z] phase=fault_apply: applying fault
[2026-04-18T04:53:51Z] phase=fault_apply: completed
[2026-04-18T04:53:51Z] phase=evidence_delay: waiting 20s after fault injection before collecting evidence
[2026-04-18T04:53:51Z] phase=evidence_delay: waiting 20s
[2026-04-18T04:53:56Z] phase=evidence_delay: 15s remaining
[monitor] [2026-04-18T04:53:58Z] detector state change: incident_detected; deployment cartservice available=1 updated=2 unavailable=1 desired=2
[2026-04-18T04:54:01Z] phase=evidence_delay: 10s remaining
[2026-04-18T04:54:06Z] phase=evidence_delay: 5s remaining
[2026-04-18T04:54:11Z] phase=evidence_delay: done
[2026-04-18T04:54:11Z] phase=evidence: collecting ACI evidence
[monitor] [2026-04-18T04:55:11Z] detector state change: incident_cleared; no detector triggered
[2026-04-18T04:55:19Z] phase=evidence: collected for target=cartservice
[2026-04-18T04:55:19Z] phase=post_fault_delay: waiting 90s
[2026-04-18T04:55:29Z] phase=post_fault_delay: 80s remaining
[2026-04-18T04:55:39Z] phase=post_fault_delay: 70s remaining
[2026-04-18T04:55:49Z] phase=post_fault_delay: 60s remaining
[2026-04-18T04:55:59Z] phase=post_fault_delay: 50s remaining
[2026-04-18T04:56:09Z] phase=post_fault_delay: 40s remaining
[2026-04-18T04:56:19Z] phase=post_fault_delay: 30s remaining
[2026-04-18T04:56:29Z] phase=post_fault_delay: 20s remaining
[2026-04-18T04:56:39Z] phase=post_fault_delay: 10s remaining
[2026-04-18T04:56:49Z] phase=post_fault_delay: done
[2026-04-18T04:56:49Z] phase=fault_revert: reverting active fault
{
  "name": "Native Pod Delete Cartservice Baseline",
  "run_id": "20260418T045319Z_native_pod_delete_cartservice_baseline_evidence",
  "started_at_utc": "2026-04-18T04:53:19Z",
  "experiment_file": "/Users/aarnavsawant/Documents/CS6365/AgentScope/experiments/native_pod_delete_cartservice_baseline.yaml",
  "namespace": "default",
  "mode": "evidence_probe",
  "warm_cluster": true,
  "skip_startup": true,
  "skip_reset": true,
  "steps": {
    "reset_before": {
      "skipped": true,
      "reason": "skip-reset/warm-cluster requested",
      "finished_at_utc": "2026-04-18T04:53:19Z"
    },
    "port_forward_prometheus": {
      "mode": "reused",
      "url": "http://localhost:9090",
      "probe_path": "/-/ready",
      "state_dir": ".runtime/port_forwards"
    },
    "port_forward_jaeger": {
      "mode": "reused",
      "url": "http://localhost:16686",
      "probe_path": "/api/services",
      "state_dir": ".runtime/port_forwards"
    },
    "port_forward_frontend": {
      "mode": "reused",
      "url": "http://localhost:8080",
      "probe_path": "/_healthz",
      "state_dir": ".runtime/port_forwards"
    },
    "traffic": {
      "cmd": [
        "./scripts/generate_traffic.sh",
        "-u",
        "http://localhost:8080",
        "-d",
        "300",
        "-r",
        "3",
        "-m",
        "realistic"
      ],
      "pid": 85414
    },
    "baseline": {
      "cmd": [
        "./scripts/collect_baseline.sh",
        "-n",
        "default",
        "-i",
        "15",
        "-d",
        "300"
      ],
      "pid": 85415
    },
    "monitor": {
      "cmd": [
        "./scripts/monitor_loop.py",
        "--namespace",
        "default",
        "--prom-url",
        "http://localhost:9090",
        "--window",
        "1m",
        "--target-deployment",
        "cartservice",
        "--error-ratio-threshold",
        "0.1",
        "--service-error-rps-threshold",
        "0.5",
        "--service-latency-threshold-ms",
        "1000.0",
        "--latency-consecutive-required",
        "2",
        "--service-error-consecutive-required",
        "1",
        "--min-total-rps",
        "0.1",
        "--restart-count-threshold",
        "1",
        "--primary-detectors",
        "error_ratio,service_error_rate,service_latency,deployment_availability,service_endpoints,service_port_alignment,native_stress_job",
        "--out-dir",
        "/Users/aarnavsawant/Documents/CS6365/AgentScope/results/native_episode_collection/topoff_pod_delete_20260418T044942Z/20260418T045319Z_native_pod_delete_cartservice_baseline_evidence/detector_runs",
        "--interval-seconds",
        "10"
      ],
      "pid": 85416
    },
    "fault_apply": {
      "cmd": [
        "python3",
        "-m",
        "faults.native",
        "apply",
        "--namespace",
        "default",
        "--spec-json",
        "{\"id\": \"pod-delete-cartservice\", \"limit\": 1, \"selector\": \"app=cartservice\", \"type\": \"pod_delete\"}"
      ],
      "returncode": 0,
      "started_at_utc": "2026-04-18T04:53:49Z",
      "finished_at_utc": "2026-04-18T04:53:51Z",
      "log": "results/native_episode_collection/topoff_pod_delete_20260418T044942Z/20260418T045319Z_native_pod_delete_cartservice_baseline_evidence/fault_apply.log"
    },
    "detection": {
      "timestamp_utc": "2026-04-18T04:54:09Z",
      "config": {
        "namespace": "default",
        "prom_url": "http://localhost:9090",
        "window": "1m",
        "target_deployment": "cartservice",
        "error_ratio_threshold": 0.1,
        "service_error_rps_threshold": 0.5,
        "service_latency_threshold_ms": 1000.0,
        "latency_consecutive_required": 2,
        "service_error_consecutive_required": 1,
        "min_total_rps": 0.1,
        "restart_count_threshold": 1,
        "primary_detectors": [
          "error_ratio",
          "service_error_rate",
          "service_latency",
          "deployment_availability",
          "service_endpoints",
          "service_port_alignment",
          "native_stress_job"
        ],
        "out_file": ""
      },
      "incident_detected": true,
      "suspicious_services": [
        "cartservice"
      ],
      "findings": [
        {
          "name": "error_ratio",
          "triggered": false,
          "severity": "info",
          "reason": "global error ratio 0.000 with total_rps=0.000",
          "service": "",
          "value": 0.0,
          "threshold": 0.1,
          "details": {
            "total_rps": 0.0,
            "error_rps": 0.0,
            "error_ratio": 0.0
          }
        },
        {
          "name": "service_error_rate",
          "triggered": false,
          "severity": "info",
          "reason": "top error service checkoutservice at 0.000 rps",
          "service": "checkoutservice",
          "value": 0.0,
          "threshold": 0.5,
          "details": {
            "top_error_services": [
              {
                "service_name": "checkoutservice",
                "error_rps": 0.0
              }
            ]
          }
        },
        {
          "name": "service_latency",
          "triggered": false,
          "severity": "info",
          "reason": "service cartservice p99 latency 0.000 ms",
          "service": "cartservice",
          "value": 0.0,
          "threshold": 1000.0,
          "details": {
            "service_name": "cartservice",
            "p99_latency_ms": 0.0
          }
        },
        {
          "name": "deployment_availability",
          "triggered": true,
          "severity": "critical",
          "reason": "deployment cartservice available=1 updated=2 unavailable=1 desired=2",
          "service": "cartservice",
          "value": 1,
          "threshold": 2,
          "details": {
            "exists": true,
            "desired": 2,
            "available": 1,
            "ready": 1,
            "updated": 2,
            "unavailable": 1,
            "generation": 18,
            "observed_generation": 18,
            "rollout_observed": true,
            "rollout_updated": true,
            "progressing_reason": "NewReplicaSetAvailable",
            "progressing_message": "ReplicaSet \"cartservice-596766c6b8\" has successfully progressed.",
            "healthy": false
          }
        },
        {
          "name": "service_endpoints",
          "triggered": false,
          "severity": "info",
          "reason": "service cartservice ready_endpoints=1 not_ready_endpoints=1",
          "service": "cartservice",
          "value": 1,
          "threshold": 1,
          "details": {
            "exists": true,
            "ready_addresses": 1,
            "not_ready_addresses": 1,
            "ports": [
              7070
            ],
            "healthy": true
          }
        },
        {
          "name": "service_port_alignment",
          "triggered": false,
          "severity": "info",
          "reason": "service cartservice port alignment ok",
          "service": "cartservice",
          "value": 0,
          "threshold": 0,
          "details": {
            "exists": true,
            "aligned": true,
            "selector": {
              "app": "cartservice"
            },
            "service_ports": [
              {
                "name": "grpc",
                "port": 7070,
                "protocol": "TCP",
                "targetPort": 7070
              }
            ],
            "container_ports": [
              7070
            ],
            "named_ports": {},
            "mismatches": []
          }
        },
        {
          "name": "native_stress_job",
          "triggered": false,
          "severity": "info",
          "reason": "no active native stress jobs",
          "service": "cartservice",
          "value": 0,
          "threshold": 0,
          "details": {
            "active_stress_jobs": []
          }
        },
        {
          "name": "restart_history",
          "triggered": false,
          "severity": "info",
          "reason": "historical restart count observed on jaeger-845b6c89f7-7bffd count=11",
          "service": "jaeger-845b6c89f7-7bffd",
          "value": 11,
          "threshold": 1,
          "details": {
            "top_pod_restarts": [
              {
                "pod": "jaeger-845b6c89f7-7bffd",
                "container": "jaeger",
                "restart_count": 11
              },
              {
                "pod": "redis-cart-6899b65948-q5mxh",
                "container": "redis",
                "restart_count": 5
              }
            ]
          }
        }
      ],
      "summary": "deployment cartservice available=1 updated=2 unavailable=1 desired=2"
    },
    "evidence": {
      "target_service": "cartservice",
      "category": "pod_disturbance",
      "counts": {
        "rich": 2,
        "weak": 1,
        "missing": 1
      },
      "trace_probe": {
        "cmd": [
          "./scripts/generate_traffic.sh",
          "-u",
          "http://localhost:8080",
          "-d",
          "12",
          "-r",
          "6",
          "-m",
          "realistic",
          "-o",
          "/Users/aarnavsawant/Documents/CS6365/AgentScope/results/native_episode_collection/topoff_pod_delete_20260418T044942Z/20260418T045319Z_native_pod_delete_cartservice_baseline_evidence/trace_probe_traffic_3"
        ],
        "returncode": 0,
        "started_at_utc": "2026-04-18T04:54:52Z",
        "finished_at_utc": "2026-04-18T04:55:13Z",
        "log": "results/native_episode_collection/topoff_pod_delete_20260418T044942Z/20260418T045319Z_native_pod_delete_cartservice_baseline_evidence/trace_probe_3.log",
        "attempt": 3,
        "base_url": "http://localhost:8080",
        "mode": "realistic",
        "output_root": "results/native_episode_collection/topoff_pod_delete_20260418T044942Z/20260418T045319Z_native_pod_delete_cartservice_baseline_evidence/trace_probe_traffic_3"
      },
      "report_file": "results/native_episode_collection/topoff_pod_delete_20260418T044942Z/20260418T045319Z_native_pod_delete_cartservice_baseline_evidence/evidence_report.json",
      "aci_run_log": "results/native_episode_collection/topoff_pod_delete_20260418T044942Z/20260418T045319Z_native_pod_delete_cartservice_baseline_evidence/aci_run_log.jsonl"
    },
    "fault_revert": {
      "cmd": [
        "python3",
        "-m",
        "faults.native",
        "revert",
        "--namespace",
        "default",
        "--spec-json",
        "{\"id\": \"pod-delete-cartservice\", \"limit\": 1, \"selector\": \"app=cartservice\", \"type\": \"pod_delete\"}"
      ],
      "returncode": 0,
      "started_at_utc": "2026-04-18T04:56:49Z",
      "finished_at_utc": "2026-04-18T04:56:50Z",
      "log": "results/native_episode_collection/topoff_pod_delete_20260418T044942Z/20260418T045319Z_native_pod_delete_cartservice_baseline_evidence/fault_revert.log"
    },
    "traffic_exit": {
      "returncode": -15
    },
    "baseline_exit": {
      "returncode": -15
    },
    "monitor_exit": {
      "returncode": -15
    }
  },
  "finished_at_utc": "2026-04-18T04:56:54Z"
}

STDERR:

