COMMAND: /Library/Frameworks/Python.framework/Versions/3.12/bin/python3 scripts/run_evidence_probe.py /Users/aarnavsawant/Documents/CS6365/AgentScope/experiments/native_bad_env_checkoutservice_email_baseline.yaml --out-dir /Users/aarnavsawant/Documents/CS6365/AgentScope/results/native_episode_collection/bulk_remaining_medium_20260417T052133Z --lookback-minutes 5 --warm-cluster --include-dependencies
STARTED_AT_UTC: 2026-04-17T05:24:51Z
FINISHED_AT_UTC: 2026-04-17T05:29:15Z
RETURNCODE: 0

STDOUT:
[2026-04-17T05:24:52Z] starting evidence probe 'native_bad_env_checkoutservice_email_baseline_evidence'
[2026-04-17T05:24:52Z] artifacts directory: /Users/aarnavsawant/Documents/CS6365/AgentScope/results/native_episode_collection/bulk_remaining_medium_20260417T052133Z/20260417T052452Z_native_bad_env_checkoutservice_email_baseline_evidence
[2026-04-17T05:24:52Z] phase=startup: skipped
[2026-04-17T05:24:52Z] phase=reset: skipped (warm cluster)
[2026-04-17T05:24:52Z] phase=environment: verified
[2026-04-17T05:24:52Z] phase=port_forward: reusing session access for prometheus at http://localhost:9090
[2026-04-17T05:24:52Z] phase=port_forward: reusing session access for jaeger at http://localhost:16686
[2026-04-17T05:24:52Z] phase=port_forward: reusing session access for frontend-external at http://localhost:8080
[2026-04-17T05:24:52Z] phase=traffic: started (pid=49765)
[2026-04-17T05:24:52Z] phase=baseline: started (pid=49766)
[2026-04-17T05:24:52Z] phase=monitor: started (pid=49767)
[2026-04-17T05:24:52Z] phase=pre_fault_delay: waiting 30s
[monitor] [2026-04-17T05:24:53Z] detector initialized: incident_detected=False; no detector triggered
[2026-04-17T05:24:57Z] phase=pre_fault_delay: 25s remaining
[2026-04-17T05:25:02Z] phase=pre_fault_delay: 20s remaining
[2026-04-17T05:25:07Z] phase=pre_fault_delay: 15s remaining
[2026-04-17T05:25:12Z] phase=pre_fault_delay: 10s remaining
[2026-04-17T05:25:17Z] phase=pre_fault_delay: 5s remaining
[2026-04-17T05:25:22Z] phase=pre_fault_delay: done
[2026-04-17T05:25:22Z] phase=fault_apply: applying fault
[2026-04-17T05:25:22Z] phase=fault_apply: completed
[2026-04-17T05:25:22Z] phase=evidence_delay: waiting 20s after fault injection before collecting evidence
[2026-04-17T05:25:22Z] phase=evidence_delay: waiting 20s
[monitor] [2026-04-17T05:25:26Z] detector state change: incident_detected; deployment checkoutservice available=1 updated=1 unavailable=1 desired=1
[2026-04-17T05:25:27Z] phase=evidence_delay: 15s remaining
[2026-04-17T05:25:32Z] phase=evidence_delay: 10s remaining
[monitor] [2026-04-17T05:25:37Z] detector update: service checkoutservice p99 latency 800.385 ms; deployment checkoutservice available=1 updated=1 unavailable=1 desired=1
[2026-04-17T05:25:37Z] phase=evidence_delay: 5s remaining
[2026-04-17T05:25:42Z] phase=evidence_delay: done
[2026-04-17T05:25:42Z] phase=evidence: collecting ACI evidence
[monitor] [2026-04-17T05:25:49Z] detector update: deployment checkoutservice available=1 updated=1 unavailable=1 desired=1
[monitor] [2026-04-17T05:26:00Z] detector state change: incident_cleared; no detector triggered
[monitor] [2026-04-17T05:26:34Z] detector state change: incident_detected; top error service checkoutservice at 0.685 rps
[monitor] [2026-04-17T05:26:45Z] detector update: top error service checkoutservice at 1.400 rps
[monitor] [2026-04-17T05:27:17Z] detector update: top error service checkoutservice at 1.901 rps; service checkoutservice p99 latency 800.938 ms
[monitor] [2026-04-17T05:27:33Z] detector update: top error service checkoutservice at 1.545 rps; service checkoutservice p99 latency 1510.000 ms
[monitor] [2026-04-17T05:27:45Z] detector update: top error service checkoutservice at 0.982 rps; service checkoutservice p99 latency 4357.143 ms
[monitor] [2026-04-17T05:27:55Z] detector update: top error service checkoutservice at 1.910 rps; service checkoutservice p99 latency 2111.429 ms
[monitor] [2026-04-17T05:28:06Z] detector update: top error service checkoutservice at 1.546 rps; service checkoutservice p99 latency 1832.000 ms
[2026-04-17T05:28:11Z] phase=evidence: collected for target=checkoutservice
[2026-04-17T05:28:11Z] phase=post_fault_delay: waiting 60s
[monitor] [2026-04-17T05:28:17Z] detector update: top error service checkoutservice at 2.545 rps; service checkoutservice p99 latency 1276.000 ms
[2026-04-17T05:28:21Z] phase=post_fault_delay: 50s remaining
[monitor] [2026-04-17T05:28:27Z] detector update: top error service checkoutservice at 3.054 rps; service checkoutservice p99 latency 866.364 ms
[2026-04-17T05:28:31Z] phase=post_fault_delay: 40s remaining
[monitor] [2026-04-17T05:28:38Z] detector update: top error service checkoutservice at 3.927 rps
[2026-04-17T05:28:41Z] phase=post_fault_delay: 30s remaining
[monitor] [2026-04-17T05:28:49Z] detector update: top error service checkoutservice at 2.509 rps
[2026-04-17T05:28:51Z] phase=post_fault_delay: 20s remaining
[monitor] [2026-04-17T05:29:00Z] detector update: top error service checkoutservice at 3.072 rps
[2026-04-17T05:29:01Z] phase=post_fault_delay: 10s remaining
[2026-04-17T05:29:11Z] phase=post_fault_delay: done
[2026-04-17T05:29:11Z] phase=fault_revert: reverting active fault
[monitor] [2026-04-17T05:29:12Z] detector update: top error service checkoutservice at 2.800 rps
{
  "name": "Native Bad Env Checkoutservice Email Baseline",
  "run_id": "20260417T052452Z_native_bad_env_checkoutservice_email_baseline_evidence",
  "started_at_utc": "2026-04-17T05:24:52Z",
  "experiment_file": "/Users/aarnavsawant/Documents/CS6365/AgentScope/experiments/native_bad_env_checkoutservice_email_baseline.yaml",
  "namespace": "default",
  "mode": "evidence_probe",
  "warm_cluster": true,
  "skip_startup": true,
  "skip_reset": true,
  "steps": {
    "reset_before": {
      "skipped": true,
      "reason": "skip-reset/warm-cluster requested",
      "finished_at_utc": "2026-04-17T05:24:52Z"
    },
    "port_forward_prometheus": {
      "mode": "reused",
      "url": "http://localhost:9090",
      "probe_path": "/-/ready",
      "state_dir": ".runtime/port_forwards"
    },
    "port_forward_jaeger": {
      "mode": "reused",
      "url": "http://localhost:16686",
      "probe_path": "/api/services",
      "state_dir": ".runtime/port_forwards"
    },
    "port_forward_frontend": {
      "mode": "reused",
      "url": "http://localhost:8080",
      "probe_path": "/_healthz",
      "state_dir": ".runtime/port_forwards"
    },
    "traffic": {
      "cmd": [
        "./scripts/generate_traffic.sh",
        "-u",
        "http://localhost:8080",
        "-d",
        "300",
        "-r",
        "4",
        "-m",
        "checkout-heavy"
      ],
      "pid": 49765
    },
    "baseline": {
      "cmd": [
        "./scripts/collect_baseline.sh",
        "-n",
        "default",
        "-i",
        "15",
        "-d",
        "300"
      ],
      "pid": 49766
    },
    "monitor": {
      "cmd": [
        "./scripts/monitor_loop.py",
        "--namespace",
        "default",
        "--prom-url",
        "http://localhost:9090",
        "--window",
        "1m",
        "--target-deployment",
        "checkoutservice",
        "--error-ratio-threshold",
        "0.1",
        "--service-error-rps-threshold",
        "0.5",
        "--service-latency-threshold-ms",
        "750",
        "--latency-consecutive-required",
        "2",
        "--service-error-consecutive-required",
        "1",
        "--min-total-rps",
        "0.1",
        "--restart-count-threshold",
        "1",
        "--primary-detectors",
        "error_ratio,service_error_rate,service_latency,deployment_availability,service_endpoints,service_port_alignment,native_stress_job",
        "--out-dir",
        "/Users/aarnavsawant/Documents/CS6365/AgentScope/results/native_episode_collection/bulk_remaining_medium_20260417T052133Z/20260417T052452Z_native_bad_env_checkoutservice_email_baseline_evidence/detector_runs",
        "--interval-seconds",
        "10"
      ],
      "pid": 49767
    },
    "fault_apply": {
      "cmd": [
        "python3",
        "-m",
        "faults.native",
        "apply",
        "--namespace",
        "default",
        "--spec-json",
        "{\"container\": \"server\", \"deployment\": \"checkoutservice\", \"env_name\": \"EMAIL_SERVICE_ADDR\", \"env_value\": \"emailservice:5999\", \"id\": \"bad-env-checkoutservice-email\", \"type\": \"deployment_env\"}"
      ],
      "returncode": 0,
      "started_at_utc": "2026-04-17T05:25:22Z",
      "finished_at_utc": "2026-04-17T05:25:22Z",
      "log": "results/native_episode_collection/bulk_remaining_medium_20260417T052133Z/20260417T052452Z_native_bad_env_checkoutservice_email_baseline_evidence/fault_apply.log"
    },
    "detection": {
      "timestamp_utc": "2026-04-17T05:25:37Z",
      "config": {
        "namespace": "default",
        "prom_url": "http://localhost:9090",
        "window": "1m",
        "target_deployment": "checkoutservice",
        "error_ratio_threshold": 0.1,
        "service_error_rps_threshold": 0.5,
        "service_latency_threshold_ms": 750.0,
        "latency_consecutive_required": 2,
        "service_error_consecutive_required": 1,
        "min_total_rps": 0.1,
        "restart_count_threshold": 1,
        "primary_detectors": [
          "error_ratio",
          "service_error_rate",
          "service_latency",
          "deployment_availability",
          "service_endpoints",
          "service_port_alignment",
          "native_stress_job"
        ],
        "out_file": ""
      },
      "incident_detected": true,
      "suspicious_services": [
        "checkoutservice"
      ],
      "findings": [
        {
          "name": "error_ratio",
          "triggered": false,
          "severity": "info",
          "reason": "global error ratio 0.000 with total_rps=186.861",
          "service": "",
          "value": 0.000195,
          "threshold": 0.1,
          "details": {
            "total_rps": 186.86134041237864,
            "error_rps": 0.03636495872577185,
            "error_ratio": 0.00019460932178651358
          }
        },
        {
          "name": "service_error_rate",
          "triggered": false,
          "severity": "info",
          "reason": "top error service frontend at 0.036 rps",
          "service": "frontend",
          "value": 0.036365,
          "threshold": 0.5,
          "details": {
            "top_error_services": [
              {
                "service_name": "frontend",
                "error_rps": 0.03636495872577184
              }
            ]
          }
        },
        {
          "name": "service_latency",
          "triggered": true,
          "severity": "high",
          "reason": "service checkoutservice p99 latency 800.385 ms",
          "service": "checkoutservice",
          "value": 800.384615,
          "threshold": 750.0,
          "details": {
            "service_name": "checkoutservice",
            "p99_latency_ms": 800.3846153846139
          }
        },
        {
          "name": "deployment_availability",
          "triggered": true,
          "severity": "critical",
          "reason": "deployment checkoutservice available=1 updated=1 unavailable=1 desired=1",
          "service": "checkoutservice",
          "value": 1,
          "threshold": 1,
          "details": {
            "exists": true,
            "desired": 1,
            "available": 1,
            "ready": 1,
            "updated": 1,
            "unavailable": 1,
            "generation": 8,
            "observed_generation": 8,
            "rollout_observed": true,
            "rollout_updated": true,
            "progressing_reason": "ReplicaSetUpdated",
            "progressing_message": "ReplicaSet \"checkoutservice-57fc567f88\" is progressing.",
            "healthy": false
          }
        },
        {
          "name": "service_endpoints",
          "triggered": false,
          "severity": "info",
          "reason": "service checkoutservice ready_endpoints=1 not_ready_endpoints=1",
          "service": "checkoutservice",
          "value": 1,
          "threshold": 1,
          "details": {
            "exists": true,
            "ready_addresses": 1,
            "not_ready_addresses": 1,
            "ports": [
              5050
            ],
            "healthy": true
          }
        },
        {
          "name": "service_port_alignment",
          "triggered": false,
          "severity": "info",
          "reason": "service checkoutservice port alignment ok",
          "service": "checkoutservice",
          "value": 0,
          "threshold": 0,
          "details": {
            "exists": true,
            "aligned": true,
            "selector": {
              "app": "checkoutservice"
            },
            "service_ports": [
              {
                "name": "grpc",
                "port": 5050,
                "protocol": "TCP",
                "targetPort": 5050
              }
            ],
            "container_ports": [
              5050
            ],
            "named_ports": {},
            "mismatches": []
          }
        },
        {
          "name": "native_stress_job",
          "triggered": false,
          "severity": "info",
          "reason": "no active native stress jobs",
          "service": "checkoutservice",
          "value": 0,
          "threshold": 0,
          "details": {
            "active_stress_jobs": []
          }
        },
        {
          "name": "restart_history",
          "triggered": false,
          "severity": "info",
          "reason": "historical restart count observed on jaeger-845b6c89f7-7bffd count=5",
          "service": "jaeger-845b6c89f7-7bffd",
          "value": 5,
          "threshold": 1,
          "details": {
            "top_pod_restarts": [
              {
                "pod": "jaeger-845b6c89f7-7bffd",
                "container": "jaeger",
                "restart_count": 5
              },
              {
                "pod": "redis-cart-6899b65948-q5mxh",
                "container": "redis",
                "restart_count": 2
              },
              {
                "pod": "currencyservice-54dc68fc95-mqfbm",
                "container": "server",
                "restart_count": 1
              },
              {
                "pod": "paymentservice-85c5665997-lnpvc",
                "container": "server",
                "restart_count": 1
              }
            ]
          }
        }
      ],
      "summary": "service checkoutservice p99 latency 800.385 ms; deployment checkoutservice available=1 updated=1 unavailable=1 desired=1"
    },
    "evidence": {
      "target_service": "checkoutservice",
      "category": "dependency_trace",
      "counts": {
        "rich": 29,
        "weak": 5,
        "missing": 0
      },
      "trace_probe": {
        "cmd": [
          "./scripts/generate_traffic.sh",
          "-u",
          "http://localhost:8080",
          "-d",
          "12",
          "-r",
          "6",
          "-m",
          "checkout-heavy",
          "-o",
          "/Users/aarnavsawant/Documents/CS6365/AgentScope/results/native_episode_collection/bulk_remaining_medium_20260417T052133Z/20260417T052452Z_native_bad_env_checkoutservice_email_baseline_evidence/trace_probe_traffic_2"
        ],
        "returncode": 0,
        "started_at_utc": "2026-04-17T05:27:36Z",
        "finished_at_utc": "2026-04-17T05:27:49Z",
        "log": "results/native_episode_collection/bulk_remaining_medium_20260417T052133Z/20260417T052452Z_native_bad_env_checkoutservice_email_baseline_evidence/trace_probe_2.log",
        "attempt": 2,
        "base_url": "http://localhost:8080",
        "mode": "checkout-heavy",
        "output_root": "results/native_episode_collection/bulk_remaining_medium_20260417T052133Z/20260417T052452Z_native_bad_env_checkoutservice_email_baseline_evidence/trace_probe_traffic_2"
      },
      "report_file": "results/native_episode_collection/bulk_remaining_medium_20260417T052133Z/20260417T052452Z_native_bad_env_checkoutservice_email_baseline_evidence/evidence_report.json",
      "aci_run_log": "results/native_episode_collection/bulk_remaining_medium_20260417T052133Z/20260417T052452Z_native_bad_env_checkoutservice_email_baseline_evidence/aci_run_log.jsonl"
    },
    "fault_revert": {
      "cmd": [
        "python3",
        "-m",
        "faults.native",
        "revert",
        "--namespace",
        "default",
        "--spec-json",
        "{\"container\": \"server\", \"deployment\": \"checkoutservice\", \"env_name\": \"EMAIL_SERVICE_ADDR\", \"env_value\": \"emailservice:5999\", \"id\": \"bad-env-checkoutservice-email\", \"type\": \"deployment_env\"}"
      ],
      "returncode": 0,
      "started_at_utc": "2026-04-17T05:29:11Z",
      "finished_at_utc": "2026-04-17T05:29:12Z",
      "log": "results/native_episode_collection/bulk_remaining_medium_20260417T052133Z/20260417T052452Z_native_bad_env_checkoutservice_email_baseline_evidence/fault_revert.log"
    },
    "traffic_exit": {
      "returncode": -15
    },
    "baseline_exit": {
      "returncode": -15
    },
    "monitor_exit": {
      "returncode": -15
    }
  },
  "finished_at_utc": "2026-04-17T05:29:15Z"
}

STDERR:

