COMMAND: /Library/Frameworks/Python.framework/Versions/3.12/bin/python3 scripts/run_evidence_probe.py /Users/aarnavsawant/Documents/CS6365/AgentScope/experiments/native_memory_pressure_stress_job_baseline.yaml --out-dir /Users/aarnavsawant/Documents/CS6365/AgentScope/results/native_episode_collection/bulk_remaining_medium_20260417T052133Z --lookback-minutes 5 --warm-cluster
STARTED_AT_UTC: 2026-04-17T06:31:25Z
FINISHED_AT_UTC: 2026-04-17T06:41:16Z
RETURNCODE: 0

STDOUT:
[2026-04-17T06:31:26Z] starting evidence probe 'native_memory_pressure_stress_job_baseline_evidence'
[2026-04-17T06:31:26Z] artifacts directory: /Users/aarnavsawant/Documents/CS6365/AgentScope/results/native_episode_collection/bulk_remaining_medium_20260417T052133Z/20260417T063126Z_native_memory_pressure_stress_job_baseline_evidence
[2026-04-17T06:31:26Z] phase=startup: skipped
[2026-04-17T06:31:26Z] phase=reset: skipped (warm cluster)
[2026-04-17T06:31:26Z] phase=environment: verified
[2026-04-17T06:31:26Z] phase=port_forward: reusing session access for prometheus at http://localhost:9090
[2026-04-17T06:31:26Z] phase=port_forward: reusing session access for jaeger at http://localhost:16686
[2026-04-17T06:31:26Z] phase=port_forward: reusing session access for frontend-external at http://localhost:8080
[2026-04-17T06:31:26Z] phase=traffic: started (pid=6070)
[2026-04-17T06:31:26Z] phase=baseline: started (pid=6071)
[2026-04-17T06:31:26Z] phase=monitor: started (pid=6072)
[2026-04-17T06:31:26Z] phase=pre_fault_delay: waiting 30s
[monitor] [2026-04-17T06:31:27Z] detector initialized: incident_detected=False; no detector triggered
[2026-04-17T06:31:31Z] phase=pre_fault_delay: 25s remaining
[2026-04-17T06:31:36Z] phase=pre_fault_delay: 20s remaining
[2026-04-17T06:31:41Z] phase=pre_fault_delay: 15s remaining
[2026-04-17T06:31:46Z] phase=pre_fault_delay: 10s remaining
[2026-04-17T06:31:51Z] phase=pre_fault_delay: 5s remaining
[2026-04-17T06:31:56Z] phase=pre_fault_delay: done
[2026-04-17T06:31:56Z] phase=fault_apply: applying fault
[2026-04-17T06:31:57Z] phase=fault_apply: completed
[2026-04-17T06:31:57Z] phase=evidence_delay: waiting 20s after fault injection before collecting evidence
[2026-04-17T06:31:57Z] phase=evidence_delay: waiting 20s
[monitor] [2026-04-17T06:31:59Z] detector state change: incident_detected; active native stress jobs: agentscope-memory-pressure
[2026-04-17T06:32:02Z] phase=evidence_delay: 15s remaining
[2026-04-17T06:32:07Z] phase=evidence_delay: 10s remaining
[2026-04-17T06:32:12Z] phase=evidence_delay: 5s remaining
[2026-04-17T06:32:17Z] phase=evidence_delay: done
[2026-04-17T06:32:17Z] phase=evidence: collecting ACI evidence
[monitor] [2026-04-17T06:33:04Z] detector update: top error service frontend at 0.599 rps; active native stress jobs: agentscope-memory-pressure
[monitor] [2026-04-17T06:33:32Z] detector update: top error service frontend at 0.727 rps; active native stress jobs: agentscope-memory-pressure
[monitor] [2026-04-17T06:33:43Z] detector state change: incident_cleared; no detector triggered
[monitor] [2026-04-17T06:34:25Z] detector state change: incident_detected; service frontend p99 latency 5000.000 ms
[monitor] [2026-04-17T06:37:18Z] detector update: service frontend p99 latency 1906.667 ms
[monitor] [2026-04-17T06:37:29Z] detector update: service frontend p99 latency 1400.909 ms
[monitor] [2026-04-17T06:38:59Z] detector update: service frontend p99 latency 1920.000 ms
[monitor] [2026-04-17T06:39:53Z] detector update: service frontend p99 latency 5000.000 ms; deployment frontend available=0 updated=0 unavailable=0 desired=0
[monitor] [2026-04-17T06:40:05Z] detector update: service frontend p99 latency 5000.000 ms
[2026-04-17T06:40:16Z] phase=evidence: collected for target=frontend
[2026-04-17T06:40:16Z] phase=post_fault_delay: waiting 60s
[monitor] [2026-04-17T06:40:16Z] detector update: service frontend p99 latency 1537.273 ms
[2026-04-17T06:40:26Z] phase=post_fault_delay: 50s remaining
[monitor] [2026-04-17T06:40:28Z] detector update: service frontend p99 latency 1466.842 ms
[2026-04-17T06:40:36Z] phase=post_fault_delay: 40s remaining
[monitor] [2026-04-17T06:40:39Z] detector update: service frontend p99 latency 1439.474 ms
[2026-04-17T06:40:46Z] phase=post_fault_delay: 30s remaining
[monitor] [2026-04-17T06:40:49Z] detector update: service frontend p99 latency 1406.667 ms
[2026-04-17T06:40:56Z] phase=post_fault_delay: 20s remaining
[monitor] [2026-04-17T06:41:00Z] detector update: service frontend p99 latency 1270.625 ms
[2026-04-17T06:41:06Z] phase=post_fault_delay: 10s remaining
[monitor] [2026-04-17T06:41:11Z] detector state change: incident_cleared; no detector triggered
[2026-04-17T06:41:16Z] phase=post_fault_delay: done
[2026-04-17T06:41:16Z] phase=fault_revert: reverting active fault
{
  "name": "Native Memory Pressure Stress Job Baseline",
  "run_id": "20260417T063126Z_native_memory_pressure_stress_job_baseline_evidence",
  "started_at_utc": "2026-04-17T06:31:26Z",
  "experiment_file": "/Users/aarnavsawant/Documents/CS6365/AgentScope/experiments/native_memory_pressure_stress_job_baseline.yaml",
  "namespace": "default",
  "mode": "evidence_probe",
  "warm_cluster": true,
  "skip_startup": true,
  "skip_reset": true,
  "steps": {
    "reset_before": {
      "skipped": true,
      "reason": "skip-reset/warm-cluster requested",
      "finished_at_utc": "2026-04-17T06:31:26Z"
    },
    "port_forward_prometheus": {
      "mode": "reused",
      "url": "http://localhost:9090",
      "probe_path": "/-/ready",
      "state_dir": ".runtime/port_forwards"
    },
    "port_forward_jaeger": {
      "mode": "reused",
      "url": "http://localhost:16686",
      "probe_path": "/api/services",
      "state_dir": ".runtime/port_forwards"
    },
    "port_forward_frontend": {
      "mode": "reused",
      "url": "http://localhost:8080",
      "probe_path": "/_healthz",
      "state_dir": ".runtime/port_forwards"
    },
    "traffic": {
      "cmd": [
        "./scripts/generate_traffic.sh",
        "-u",
        "http://localhost:8080",
        "-d",
        "300",
        "-r",
        "6",
        "-m",
        "realistic"
      ],
      "pid": 6070
    },
    "baseline": {
      "cmd": [
        "./scripts/collect_baseline.sh",
        "-n",
        "default",
        "-i",
        "15",
        "-d",
        "300"
      ],
      "pid": 6071
    },
    "monitor": {
      "cmd": [
        "./scripts/monitor_loop.py",
        "--namespace",
        "default",
        "--prom-url",
        "http://localhost:9090",
        "--window",
        "1m",
        "--target-deployment",
        "frontend",
        "--error-ratio-threshold",
        "0.1",
        "--service-error-rps-threshold",
        "0.5",
        "--service-latency-threshold-ms",
        "1000",
        "--latency-consecutive-required",
        "2",
        "--service-error-consecutive-required",
        "1",
        "--min-total-rps",
        "0.1",
        "--restart-count-threshold",
        "1",
        "--primary-detectors",
        "error_ratio,service_error_rate,service_latency,deployment_availability,service_endpoints,service_port_alignment,native_stress_job",
        "--out-dir",
        "/Users/aarnavsawant/Documents/CS6365/AgentScope/results/native_episode_collection/bulk_remaining_medium_20260417T052133Z/20260417T063126Z_native_memory_pressure_stress_job_baseline_evidence/detector_runs",
        "--interval-seconds",
        "10"
      ],
      "pid": 6072
    },
    "fault_apply": {
      "cmd": [
        "python3",
        "-m",
        "faults.native",
        "apply",
        "--namespace",
        "default",
        "--spec-json",
        "{\"args\": [\"import time; blob = bytearray(180 * 1024 * 1024); blob[0] = 1; time.sleep(90)\"], \"command\": [\"python\", \"-c\"], \"id\": \"memory-pressure-stress-job\", \"image\": \"python:3.12-alpine\", \"job_name\": \"agentscope-memory-pressure\", \"resources\": {\"limits\": {\"cpu\": \"500m\", \"memory\": \"256Mi\"}, \"requests\": {\"cpu\": \"100m\", \"memory\": \"192Mi\"}}, \"type\": \"stress_job\"}"
      ],
      "returncode": 0,
      "started_at_utc": "2026-04-17T06:31:56Z",
      "finished_at_utc": "2026-04-17T06:31:57Z",
      "log": "results/native_episode_collection/bulk_remaining_medium_20260417T052133Z/20260417T063126Z_native_memory_pressure_stress_job_baseline_evidence/fault_apply.log"
    },
    "detection": {
      "timestamp_utc": "2026-04-17T06:32:09Z",
      "config": {
        "namespace": "default",
        "prom_url": "http://localhost:9090",
        "window": "1m",
        "target_deployment": "frontend",
        "error_ratio_threshold": 0.1,
        "service_error_rps_threshold": 0.5,
        "service_latency_threshold_ms": 1000.0,
        "latency_consecutive_required": 2,
        "service_error_consecutive_required": 1,
        "min_total_rps": 0.1,
        "restart_count_threshold": 1,
        "primary_detectors": [
          "error_ratio",
          "service_error_rate",
          "service_latency",
          "deployment_availability",
          "service_endpoints",
          "service_port_alignment",
          "native_stress_job"
        ],
        "out_file": ""
      },
      "incident_detected": true,
      "suspicious_services": [
        "frontend"
      ],
      "findings": [
        {
          "name": "error_ratio",
          "triggered": false,
          "severity": "info",
          "reason": "global error ratio 0.000 with total_rps=344.994",
          "service": "",
          "value": 0.000316,
          "threshold": 0.1,
          "details": {
            "total_rps": 344.99372738677476,
            "error_rps": 0.10908892565589717,
            "error_ratio": 0.000316205533596838
          }
        },
        {
          "name": "service_error_rate",
          "triggered": false,
          "severity": "info",
          "reason": "top error service frontend at 0.109 rps",
          "service": "frontend",
          "value": 0.109089,
          "threshold": 0.5,
          "details": {
            "top_error_services": [
              {
                "service_name": "frontend",
                "error_rps": 0.10908892565589717
              }
            ]
          }
        },
        {
          "name": "service_latency",
          "triggered": false,
          "severity": "info",
          "reason": "service frontend p99 latency 333.648 ms",
          "service": "frontend",
          "value": 333.647959,
          "threshold": 1000.0,
          "details": {
            "service_name": "frontend",
            "p99_latency_ms": 333.6479591836753
          }
        },
        {
          "name": "deployment_availability",
          "triggered": false,
          "severity": "info",
          "reason": "deployment frontend available=1 updated=1 unavailable=0 desired=1",
          "service": "frontend",
          "value": 1,
          "threshold": 1,
          "details": {
            "exists": true,
            "desired": 1,
            "available": 1,
            "ready": 1,
            "updated": 1,
            "unavailable": 0,
            "generation": 9,
            "observed_generation": 9,
            "rollout_observed": true,
            "rollout_updated": true,
            "progressing_reason": "NewReplicaSetAvailable",
            "progressing_message": "ReplicaSet \"frontend-d5f45cf8\" has successfully progressed.",
            "healthy": true
          }
        },
        {
          "name": "service_endpoints",
          "triggered": false,
          "severity": "info",
          "reason": "service frontend ready_endpoints=1 not_ready_endpoints=0",
          "service": "frontend",
          "value": 1,
          "threshold": 1,
          "details": {
            "exists": true,
            "ready_addresses": 1,
            "not_ready_addresses": 0,
            "ports": [
              8080
            ],
            "healthy": true
          }
        },
        {
          "name": "service_port_alignment",
          "triggered": false,
          "severity": "info",
          "reason": "service frontend port alignment ok",
          "service": "frontend",
          "value": 0,
          "threshold": 0,
          "details": {
            "exists": true,
            "aligned": true,
            "selector": {
              "app": "frontend"
            },
            "service_ports": [
              {
                "name": "http",
                "port": 80,
                "protocol": "TCP",
                "targetPort": 8080
              }
            ],
            "container_ports": [
              8080
            ],
            "named_ports": {},
            "mismatches": []
          }
        },
        {
          "name": "native_stress_job",
          "triggered": true,
          "severity": "high",
          "reason": "active native stress jobs: agentscope-memory-pressure",
          "service": "frontend",
          "value": 1,
          "threshold": 0,
          "details": {
            "active_stress_jobs": [
              {
                "pod": "agentscope-memory-pressure-vhm2j",
                "phase": "Running",
                "node": "agentscope-collection-worker",
                "job": "agentscope-memory-pressure"
              }
            ]
          }
        },
        {
          "name": "restart_history",
          "triggered": false,
          "severity": "info",
          "reason": "historical restart count observed on jaeger-845b6c89f7-7bffd count=9",
          "service": "jaeger-845b6c89f7-7bffd",
          "value": 9,
          "threshold": 1,
          "details": {
            "top_pod_restarts": [
              {
                "pod": "jaeger-845b6c89f7-7bffd",
                "container": "jaeger",
                "restart_count": 9
              },
              {
                "pod": "redis-cart-6899b65948-q5mxh",
                "container": "redis",
                "restart_count": 2
              },
              {
                "pod": "currencyservice-54dc68fc95-mqfbm",
                "container": "server",
                "restart_count": 1
              },
              {
                "pod": "paymentservice-85c5665997-lnpvc",
                "container": "server",
                "restart_count": 1
              }
            ]
          }
        }
      ],
      "summary": "active native stress jobs: agentscope-memory-pressure"
    },
    "evidence": {
      "target_service": "frontend",
      "category": "resource_latency",
      "counts": {
        "rich": 4,
        "weak": 0,
        "missing": 0
      },
      "trace_probe": {
        "cmd": [
          "./scripts/generate_traffic.sh",
          "-u",
          "http://localhost:8080",
          "-d",
          "12",
          "-r",
          "6",
          "-m",
          "checkout-heavy",
          "-o",
          "/Users/aarnavsawant/Documents/CS6365/AgentScope/results/native_episode_collection/bulk_remaining_medium_20260417T052133Z/20260417T063126Z_native_memory_pressure_stress_job_baseline_evidence/trace_probe_traffic_3"
        ],
        "returncode": 0,
        "started_at_utc": "2026-04-17T06:39:56Z",
        "finished_at_utc": "2026-04-17T06:40:10Z",
        "log": "results/native_episode_collection/bulk_remaining_medium_20260417T052133Z/20260417T063126Z_native_memory_pressure_stress_job_baseline_evidence/trace_probe_3.log",
        "attempt": 3,
        "base_url": "http://localhost:8080",
        "mode": "checkout-heavy",
        "output_root": "results/native_episode_collection/bulk_remaining_medium_20260417T052133Z/20260417T063126Z_native_memory_pressure_stress_job_baseline_evidence/trace_probe_traffic_3"
      },
      "report_file": "results/native_episode_collection/bulk_remaining_medium_20260417T052133Z/20260417T063126Z_native_memory_pressure_stress_job_baseline_evidence/evidence_report.json",
      "aci_run_log": "results/native_episode_collection/bulk_remaining_medium_20260417T052133Z/20260417T063126Z_native_memory_pressure_stress_job_baseline_evidence/aci_run_log.jsonl"
    },
    "fault_revert": {
      "cmd": [
        "python3",
        "-m",
        "faults.native",
        "revert",
        "--namespace",
        "default",
        "--spec-json",
        "{\"args\": [\"import time; blob = bytearray(180 * 1024 * 1024); blob[0] = 1; time.sleep(90)\"], \"command\": [\"python\", \"-c\"], \"id\": \"memory-pressure-stress-job\", \"image\": \"python:3.12-alpine\", \"job_name\": \"agentscope-memory-pressure\", \"resources\": {\"limits\": {\"cpu\": \"500m\", \"memory\": \"256Mi\"}, \"requests\": {\"cpu\": \"100m\", \"memory\": \"192Mi\"}}, \"type\": \"stress_job\"}"
      ],
      "returncode": 0,
      "started_at_utc": "2026-04-17T06:41:16Z",
      "finished_at_utc": "2026-04-17T06:41:16Z",
      "log": "results/native_episode_collection/bulk_remaining_medium_20260417T052133Z/20260417T063126Z_native_memory_pressure_stress_job_baseline_evidence/fault_revert.log"
    },
    "traffic_exit": {
      "returncode": 0
    },
    "baseline_exit": {
      "returncode": 0
    },
    "monitor_exit": {
      "returncode": -15
    }
  },
  "finished_at_utc": "2026-04-17T06:41:16Z"
}

STDERR:

