COMMAND: /Library/Frameworks/Python.framework/Versions/3.12/bin/python3 scripts/run_evidence_probe.py /Users/aarnavsawant/Documents/CS6365/AgentScope/experiments/native_cpu_pressure_stress_job_baseline.yaml --out-dir /Users/aarnavsawant/Documents/CS6365/AgentScope/results/native_episode_collection/bulk_remaining_medium_20260417T052133Z --lookback-minutes 5 --warm-cluster
STARTED_AT_UTC: 2026-04-17T06:03:40Z
FINISHED_AT_UTC: 2026-04-17T06:06:18Z
RETURNCODE: 0

STDOUT:
[2026-04-17T06:03:40Z] starting evidence probe 'native_cpu_pressure_stress_job_baseline_evidence'
[2026-04-17T06:03:40Z] artifacts directory: /Users/aarnavsawant/Documents/CS6365/AgentScope/results/native_episode_collection/bulk_remaining_medium_20260417T052133Z/20260417T060340Z_native_cpu_pressure_stress_job_baseline_evidence
[2026-04-17T06:03:40Z] phase=startup: skipped
[2026-04-17T06:03:40Z] phase=reset: skipped (warm cluster)
[2026-04-17T06:03:40Z] phase=environment: verified
[2026-04-17T06:03:40Z] phase=port_forward: reusing session access for prometheus at http://localhost:9090
[2026-04-17T06:03:40Z] phase=port_forward: reusing session access for jaeger at http://localhost:16686
[2026-04-17T06:03:40Z] phase=port_forward: reusing session access for frontend-external at http://localhost:8080
[2026-04-17T06:03:40Z] phase=traffic: started (pid=18000)
[2026-04-17T06:03:40Z] phase=baseline: started (pid=18001)
[2026-04-17T06:03:40Z] phase=monitor: started (pid=18002)
[2026-04-17T06:03:40Z] phase=pre_fault_delay: waiting 30s
[monitor] [2026-04-17T06:03:41Z] detector initialized: incident_detected=False; no detector triggered
[2026-04-17T06:03:45Z] phase=pre_fault_delay: 25s remaining
[2026-04-17T06:03:50Z] phase=pre_fault_delay: 20s remaining
[2026-04-17T06:03:55Z] phase=pre_fault_delay: 15s remaining
[2026-04-17T06:04:00Z] phase=pre_fault_delay: 10s remaining
[2026-04-17T06:04:05Z] phase=pre_fault_delay: 5s remaining
[2026-04-17T06:04:10Z] phase=pre_fault_delay: done
[2026-04-17T06:04:10Z] phase=fault_apply: applying fault
[2026-04-17T06:04:11Z] phase=fault_apply: completed
[2026-04-17T06:04:11Z] phase=evidence_delay: waiting 20s after fault injection before collecting evidence
[2026-04-17T06:04:11Z] phase=evidence_delay: waiting 20s
[monitor] [2026-04-17T06:04:13Z] detector state change: incident_detected; active native stress jobs: agentscope-cpu-pressure
[2026-04-17T06:04:16Z] phase=evidence_delay: 15s remaining
[2026-04-17T06:04:21Z] phase=evidence_delay: 10s remaining
[2026-04-17T06:04:26Z] phase=evidence_delay: 5s remaining
[2026-04-17T06:04:31Z] phase=evidence_delay: done
[2026-04-17T06:04:31Z] phase=evidence: collecting ACI evidence
[2026-04-17T06:05:13Z] phase=evidence: collected for target=frontend
[2026-04-17T06:05:13Z] phase=post_fault_delay: waiting 60s
[2026-04-17T06:05:23Z] phase=post_fault_delay: 50s remaining
[2026-04-17T06:05:33Z] phase=post_fault_delay: 40s remaining
[monitor] [2026-04-17T06:05:42Z] detector update: top error service frontend at 0.655 rps; active native stress jobs: agentscope-cpu-pressure
[2026-04-17T06:05:43Z] phase=post_fault_delay: 30s remaining
[monitor] [2026-04-17T06:05:53Z] detector update: top error service frontend at 0.527 rps
[2026-04-17T06:05:53Z] phase=post_fault_delay: 20s remaining
[2026-04-17T06:06:03Z] phase=post_fault_delay: 10s remaining
[2026-04-17T06:06:13Z] phase=post_fault_delay: done
[2026-04-17T06:06:13Z] phase=fault_revert: reverting active fault
[monitor] [2026-04-17T06:06:15Z] detector state change: incident_cleared; no detector triggered
{
  "name": "Native CPU Pressure Stress Job Baseline",
  "run_id": "20260417T060340Z_native_cpu_pressure_stress_job_baseline_evidence",
  "started_at_utc": "2026-04-17T06:03:40Z",
  "experiment_file": "/Users/aarnavsawant/Documents/CS6365/AgentScope/experiments/native_cpu_pressure_stress_job_baseline.yaml",
  "namespace": "default",
  "mode": "evidence_probe",
  "warm_cluster": true,
  "skip_startup": true,
  "skip_reset": true,
  "steps": {
    "reset_before": {
      "skipped": true,
      "reason": "skip-reset/warm-cluster requested",
      "finished_at_utc": "2026-04-17T06:03:40Z"
    },
    "port_forward_prometheus": {
      "mode": "reused",
      "url": "http://localhost:9090",
      "probe_path": "/-/ready",
      "state_dir": ".runtime/port_forwards"
    },
    "port_forward_jaeger": {
      "mode": "reused",
      "url": "http://localhost:16686",
      "probe_path": "/api/services",
      "state_dir": ".runtime/port_forwards"
    },
    "port_forward_frontend": {
      "mode": "reused",
      "url": "http://localhost:8080",
      "probe_path": "/_healthz",
      "state_dir": ".runtime/port_forwards"
    },
    "traffic": {
      "cmd": [
        "./scripts/generate_traffic.sh",
        "-u",
        "http://localhost:8080",
        "-d",
        "300",
        "-r",
        "6",
        "-m",
        "realistic"
      ],
      "pid": 18000
    },
    "baseline": {
      "cmd": [
        "./scripts/collect_baseline.sh",
        "-n",
        "default",
        "-i",
        "15",
        "-d",
        "300"
      ],
      "pid": 18001
    },
    "monitor": {
      "cmd": [
        "./scripts/monitor_loop.py",
        "--namespace",
        "default",
        "--prom-url",
        "http://localhost:9090",
        "--window",
        "1m",
        "--target-deployment",
        "frontend",
        "--error-ratio-threshold",
        "0.1",
        "--service-error-rps-threshold",
        "0.5",
        "--service-latency-threshold-ms",
        "1000",
        "--latency-consecutive-required",
        "2",
        "--service-error-consecutive-required",
        "1",
        "--min-total-rps",
        "0.1",
        "--restart-count-threshold",
        "1",
        "--primary-detectors",
        "error_ratio,service_error_rate,service_latency,deployment_availability,service_endpoints,service_port_alignment,native_stress_job",
        "--out-dir",
        "/Users/aarnavsawant/Documents/CS6365/AgentScope/results/native_episode_collection/bulk_remaining_medium_20260417T052133Z/20260417T060340Z_native_cpu_pressure_stress_job_baseline_evidence/detector_runs",
        "--interval-seconds",
        "10"
      ],
      "pid": 18002
    },
    "fault_apply": {
      "cmd": [
        "python3",
        "-m",
        "faults.native",
        "apply",
        "--namespace",
        "default",
        "--spec-json",
        "{\"args\": [\"for i in 1 2; do while true; do :; done & done; sleep 90\"], \"command\": [\"sh\", \"-c\"], \"id\": \"cpu-pressure-stress-job\", \"image\": \"busybox:1.36\", \"job_name\": \"agentscope-cpu-pressure\", \"resources\": {\"limits\": {\"cpu\": \"1\", \"memory\": \"128Mi\"}, \"requests\": {\"cpu\": \"500m\", \"memory\": \"32Mi\"}}, \"type\": \"stress_job\"}"
      ],
      "returncode": 0,
      "started_at_utc": "2026-04-17T06:04:10Z",
      "finished_at_utc": "2026-04-17T06:04:11Z",
      "log": "results/native_episode_collection/bulk_remaining_medium_20260417T052133Z/20260417T060340Z_native_cpu_pressure_stress_job_baseline_evidence/fault_apply.log"
    },
    "detection": {
      "timestamp_utc": "2026-04-17T06:04:24Z",
      "config": {
        "namespace": "default",
        "prom_url": "http://localhost:9090",
        "window": "1m",
        "target_deployment": "frontend",
        "error_ratio_threshold": 0.1,
        "service_error_rps_threshold": 0.5,
        "service_latency_threshold_ms": 1000.0,
        "latency_consecutive_required": 2,
        "service_error_consecutive_required": 1,
        "min_total_rps": 0.1,
        "restart_count_threshold": 1,
        "primary_detectors": [
          "error_ratio",
          "service_error_rate",
          "service_latency",
          "deployment_availability",
          "service_endpoints",
          "service_port_alignment",
          "native_stress_job"
        ],
        "out_file": ""
      },
      "incident_detected": true,
      "suspicious_services": [
        "frontend"
      ],
      "findings": [
        {
          "name": "error_ratio",
          "triggered": false,
          "severity": "info",
          "reason": "global error ratio 0.000 with total_rps=278.840",
          "service": "",
          "value": 6.5e-05,
          "threshold": 0.1,
          "details": {
            "total_rps": 278.84003129150216,
            "error_rps": 0.018192733822111447,
            "error_ratio": 6.524434005350036e-05
          }
        },
        {
          "name": "service_error_rate",
          "triggered": false,
          "severity": "info",
          "reason": "top error service frontend at 0.018 rps",
          "service": "frontend",
          "value": 0.018193,
          "threshold": 0.5,
          "details": {
            "top_error_services": [
              {
                "service_name": "frontend",
                "error_rps": 0.018192733822111447
              }
            ]
          }
        },
        {
          "name": "service_latency",
          "triggered": false,
          "severity": "info",
          "reason": "service frontend p99 latency 563.222 ms",
          "service": "frontend",
          "value": 563.222222,
          "threshold": 1000.0,
          "details": {
            "service_name": "frontend",
            "p99_latency_ms": 563.2222222222258
          }
        },
        {
          "name": "deployment_availability",
          "triggered": false,
          "severity": "info",
          "reason": "deployment frontend available=1 updated=1 unavailable=0 desired=1",
          "service": "frontend",
          "value": 1,
          "threshold": 1,
          "details": {
            "exists": true,
            "desired": 1,
            "available": 1,
            "ready": 1,
            "updated": 1,
            "unavailable": 0,
            "generation": 9,
            "observed_generation": 9,
            "rollout_observed": true,
            "rollout_updated": true,
            "progressing_reason": "NewReplicaSetAvailable",
            "progressing_message": "ReplicaSet \"frontend-d5f45cf8\" has successfully progressed.",
            "healthy": true
          }
        },
        {
          "name": "service_endpoints",
          "triggered": false,
          "severity": "info",
          "reason": "service frontend ready_endpoints=1 not_ready_endpoints=0",
          "service": "frontend",
          "value": 1,
          "threshold": 1,
          "details": {
            "exists": true,
            "ready_addresses": 1,
            "not_ready_addresses": 0,
            "ports": [
              8080
            ],
            "healthy": true
          }
        },
        {
          "name": "service_port_alignment",
          "triggered": false,
          "severity": "info",
          "reason": "service frontend port alignment ok",
          "service": "frontend",
          "value": 0,
          "threshold": 0,
          "details": {
            "exists": true,
            "aligned": true,
            "selector": {
              "app": "frontend"
            },
            "service_ports": [
              {
                "name": "http",
                "port": 80,
                "protocol": "TCP",
                "targetPort": 8080
              }
            ],
            "container_ports": [
              8080
            ],
            "named_ports": {},
            "mismatches": []
          }
        },
        {
          "name": "native_stress_job",
          "triggered": true,
          "severity": "high",
          "reason": "active native stress jobs: agentscope-cpu-pressure",
          "service": "frontend",
          "value": 1,
          "threshold": 0,
          "details": {
            "active_stress_jobs": [
              {
                "pod": "agentscope-cpu-pressure-bsl5m",
                "phase": "Running",
                "node": "agentscope-collection-worker",
                "job": "agentscope-cpu-pressure"
              }
            ]
          }
        },
        {
          "name": "restart_history",
          "triggered": false,
          "severity": "info",
          "reason": "historical restart count observed on jaeger-845b6c89f7-7bffd count=8",
          "service": "jaeger-845b6c89f7-7bffd",
          "value": 8,
          "threshold": 1,
          "details": {
            "top_pod_restarts": [
              {
                "pod": "jaeger-845b6c89f7-7bffd",
                "container": "jaeger",
                "restart_count": 8
              },
              {
                "pod": "redis-cart-6899b65948-q5mxh",
                "container": "redis",
                "restart_count": 2
              },
              {
                "pod": "currencyservice-54dc68fc95-mqfbm",
                "container": "server",
                "restart_count": 1
              },
              {
                "pod": "paymentservice-85c5665997-lnpvc",
                "container": "server",
                "restart_count": 1
              }
            ]
          }
        }
      ],
      "summary": "active native stress jobs: agentscope-cpu-pressure"
    },
    "evidence": {
      "target_service": "frontend",
      "category": "resource_latency",
      "counts": {
        "rich": 7,
        "weak": 0,
        "missing": 0
      },
      "trace_probe": {
        "cmd": [
          "./scripts/generate_traffic.sh",
          "-u",
          "http://localhost:8080",
          "-d",
          "12",
          "-r",
          "6",
          "-m",
          "checkout-heavy",
          "-o",
          "/Users/aarnavsawant/Documents/CS6365/AgentScope/results/native_episode_collection/bulk_remaining_medium_20260417T052133Z/20260417T060340Z_native_cpu_pressure_stress_job_baseline_evidence/trace_probe_traffic"
        ],
        "returncode": 0,
        "started_at_utc": "2026-04-17T06:04:32Z",
        "finished_at_utc": "2026-04-17T06:04:45Z",
        "log": "results/native_episode_collection/bulk_remaining_medium_20260417T052133Z/20260417T060340Z_native_cpu_pressure_stress_job_baseline_evidence/trace_probe.log",
        "attempt": 1,
        "base_url": "http://localhost:8080",
        "mode": "checkout-heavy",
        "output_root": "results/native_episode_collection/bulk_remaining_medium_20260417T052133Z/20260417T060340Z_native_cpu_pressure_stress_job_baseline_evidence/trace_probe_traffic"
      },
      "report_file": "results/native_episode_collection/bulk_remaining_medium_20260417T052133Z/20260417T060340Z_native_cpu_pressure_stress_job_baseline_evidence/evidence_report.json",
      "aci_run_log": "results/native_episode_collection/bulk_remaining_medium_20260417T052133Z/20260417T060340Z_native_cpu_pressure_stress_job_baseline_evidence/aci_run_log.jsonl"
    },
    "fault_revert": {
      "cmd": [
        "python3",
        "-m",
        "faults.native",
        "revert",
        "--namespace",
        "default",
        "--spec-json",
        "{\"args\": [\"for i in 1 2; do while true; do :; done & done; sleep 90\"], \"command\": [\"sh\", \"-c\"], \"id\": \"cpu-pressure-stress-job\", \"image\": \"busybox:1.36\", \"job_name\": \"agentscope-cpu-pressure\", \"resources\": {\"limits\": {\"cpu\": \"1\", \"memory\": \"128Mi\"}, \"requests\": {\"cpu\": \"500m\", \"memory\": \"32Mi\"}}, \"type\": \"stress_job\"}"
      ],
      "returncode": 0,
      "started_at_utc": "2026-04-17T06:06:13Z",
      "finished_at_utc": "2026-04-17T06:06:15Z",
      "log": "results/native_episode_collection/bulk_remaining_medium_20260417T052133Z/20260417T060340Z_native_cpu_pressure_stress_job_baseline_evidence/fault_revert.log"
    },
    "traffic_exit": {
      "returncode": -15
    },
    "baseline_exit": {
      "returncode": -15
    },
    "monitor_exit": {
      "returncode": -15
    }
  },
  "finished_at_utc": "2026-04-17T06:06:18Z"
}

STDERR:

