COMMAND: /Library/Frameworks/Python.framework/Versions/3.12/bin/python3 scripts/run_evidence_probe.py /Users/aarnavsawant/Documents/CS6365/AgentScope/experiments/native_memory_limit_oom_cartservice_baseline.yaml --out-dir /Users/aarnavsawant/Documents/CS6365/AgentScope/results/native_episode_collection/bulk_remaining_medium_20260417T052133Z --lookback-minutes 5 --warm-cluster
STARTED_AT_UTC: 2026-04-17T05:54:59Z
FINISHED_AT_UTC: 2026-04-17T06:01:10Z
RETURNCODE: 0

STDOUT:
[2026-04-17T05:54:59Z] starting evidence probe 'native_memory_limit_oom_cartservice_baseline_evidence'
[2026-04-17T05:54:59Z] artifacts directory: /Users/aarnavsawant/Documents/CS6365/AgentScope/results/native_episode_collection/bulk_remaining_medium_20260417T052133Z/20260417T055459Z_native_memory_limit_oom_cartservice_baseline_evidence
[2026-04-17T05:54:59Z] phase=startup: skipped
[2026-04-17T05:54:59Z] phase=reset: skipped (warm cluster)
[2026-04-17T05:54:59Z] phase=environment: verified
[2026-04-17T05:54:59Z] phase=port_forward: reusing session access for prometheus at http://localhost:9090
[2026-04-17T05:54:59Z] phase=port_forward: reusing session access for jaeger at http://localhost:16686
[2026-04-17T05:54:59Z] phase=port_forward: reusing session access for frontend-external at http://localhost:8080
[2026-04-17T05:54:59Z] phase=traffic: started (pid=78138)
[2026-04-17T05:54:59Z] phase=baseline: started (pid=78139)
[2026-04-17T05:54:59Z] phase=monitor: started (pid=78140)
[2026-04-17T05:54:59Z] phase=pre_fault_delay: waiting 30s
[monitor] [2026-04-17T05:55:01Z] detector initialized: incident_detected=False; no detector triggered
[2026-04-17T05:55:04Z] phase=pre_fault_delay: 25s remaining
[2026-04-17T05:55:09Z] phase=pre_fault_delay: 20s remaining
[2026-04-17T05:55:14Z] phase=pre_fault_delay: 15s remaining
[2026-04-17T05:55:19Z] phase=pre_fault_delay: 10s remaining
[2026-04-17T05:55:24Z] phase=pre_fault_delay: 5s remaining
[2026-04-17T05:55:29Z] phase=pre_fault_delay: done
[2026-04-17T05:55:29Z] phase=fault_apply: applying fault
[2026-04-17T05:55:31Z] phase=fault_apply: completed
[2026-04-17T05:55:31Z] phase=evidence_delay: waiting 20s after fault injection before collecting evidence
[2026-04-17T05:55:31Z] phase=evidence_delay: waiting 20s
[monitor] [2026-04-17T05:55:34Z] detector state change: incident_detected; deployment cartservice available=1 updated=1 unavailable=1 desired=1
[2026-04-17T05:55:36Z] phase=evidence_delay: 15s remaining
[2026-04-17T05:55:41Z] phase=evidence_delay: 10s remaining
[2026-04-17T05:55:46Z] phase=evidence_delay: 5s remaining
[2026-04-17T05:55:51Z] phase=evidence_delay: done
[2026-04-17T05:55:51Z] phase=evidence: collecting ACI evidence
[monitor] [2026-04-17T05:59:18Z] detector update: top error service frontend at 0.523 rps; deployment cartservice available=1 updated=1 unavailable=1 desired=1
[monitor] [2026-04-17T05:59:32Z] detector update: top error service frontend at 0.637 rps; deployment cartservice available=1 updated=1 unavailable=1 desired=1
[monitor] [2026-04-17T05:59:44Z] detector update: top error service frontend at 0.546 rps; deployment cartservice available=1 updated=1 unavailable=1 desired=1
[monitor] [2026-04-17T05:59:56Z] detector update: deployment cartservice available=1 updated=1 unavailable=1 desired=1
[2026-04-17T06:00:07Z] phase=evidence: collected for target=cartservice
[2026-04-17T06:00:07Z] phase=post_fault_delay: waiting 60s
[2026-04-17T06:00:17Z] phase=post_fault_delay: 50s remaining
[monitor] [2026-04-17T06:00:17Z] detector update: top error service frontend at 0.546 rps; deployment cartservice available=1 updated=1 unavailable=1 desired=1
[2026-04-17T06:00:27Z] phase=post_fault_delay: 40s remaining
[monitor] [2026-04-17T06:00:28Z] detector update: deployment cartservice available=1 updated=1 unavailable=1 desired=1
[2026-04-17T06:00:37Z] phase=post_fault_delay: 30s remaining
[2026-04-17T06:00:47Z] phase=post_fault_delay: 20s remaining
[2026-04-17T06:00:57Z] phase=post_fault_delay: 10s remaining
[2026-04-17T06:01:07Z] phase=post_fault_delay: done
[2026-04-17T06:01:07Z] phase=fault_revert: reverting active fault
{
  "name": "Native Memory Limit OOM Cartservice Baseline",
  "run_id": "20260417T055459Z_native_memory_limit_oom_cartservice_baseline_evidence",
  "started_at_utc": "2026-04-17T05:54:59Z",
  "experiment_file": "/Users/aarnavsawant/Documents/CS6365/AgentScope/experiments/native_memory_limit_oom_cartservice_baseline.yaml",
  "namespace": "default",
  "mode": "evidence_probe",
  "warm_cluster": true,
  "skip_startup": true,
  "skip_reset": true,
  "steps": {
    "reset_before": {
      "skipped": true,
      "reason": "skip-reset/warm-cluster requested",
      "finished_at_utc": "2026-04-17T05:54:59Z"
    },
    "port_forward_prometheus": {
      "mode": "reused",
      "url": "http://localhost:9090",
      "probe_path": "/-/ready",
      "state_dir": ".runtime/port_forwards"
    },
    "port_forward_jaeger": {
      "mode": "reused",
      "url": "http://localhost:16686",
      "probe_path": "/api/services",
      "state_dir": ".runtime/port_forwards"
    },
    "port_forward_frontend": {
      "mode": "reused",
      "url": "http://localhost:8080",
      "probe_path": "/_healthz",
      "state_dir": ".runtime/port_forwards"
    },
    "traffic": {
      "cmd": [
        "./scripts/generate_traffic.sh",
        "-u",
        "http://localhost:8080",
        "-d",
        "300",
        "-r",
        "5",
        "-m",
        "realistic"
      ],
      "pid": 78138
    },
    "baseline": {
      "cmd": [
        "./scripts/collect_baseline.sh",
        "-n",
        "default",
        "-i",
        "15",
        "-d",
        "300"
      ],
      "pid": 78139
    },
    "monitor": {
      "cmd": [
        "./scripts/monitor_loop.py",
        "--namespace",
        "default",
        "--prom-url",
        "http://localhost:9090",
        "--window",
        "1m",
        "--target-deployment",
        "cartservice",
        "--error-ratio-threshold",
        "0.1",
        "--service-error-rps-threshold",
        "0.5",
        "--service-latency-threshold-ms",
        "1000.0",
        "--latency-consecutive-required",
        "2",
        "--service-error-consecutive-required",
        "1",
        "--min-total-rps",
        "0.1",
        "--restart-count-threshold",
        "1",
        "--primary-detectors",
        "error_ratio,service_error_rate,service_latency,deployment_availability,service_endpoints,service_port_alignment,native_stress_job",
        "--out-dir",
        "/Users/aarnavsawant/Documents/CS6365/AgentScope/results/native_episode_collection/bulk_remaining_medium_20260417T052133Z/20260417T055459Z_native_memory_limit_oom_cartservice_baseline_evidence/detector_runs",
        "--interval-seconds",
        "10"
      ],
      "pid": 78140
    },
    "fault_apply": {
      "cmd": [
        "python3",
        "-m",
        "faults.native",
        "apply",
        "--namespace",
        "default",
        "--spec-json",
        "{\"container\": \"server\", \"deployment\": \"cartservice\", \"id\": \"memory-limit-oom-cartservice\", \"resources\": {\"limits\": {\"cpu\": \"300m\", \"memory\": \"48Mi\"}, \"requests\": {\"cpu\": \"50m\", \"memory\": \"32Mi\"}}, \"type\": \"deployment_resources\"}"
      ],
      "returncode": 0,
      "started_at_utc": "2026-04-17T05:55:30Z",
      "finished_at_utc": "2026-04-17T05:55:31Z",
      "log": "results/native_episode_collection/bulk_remaining_medium_20260417T052133Z/20260417T055459Z_native_memory_limit_oom_cartservice_baseline_evidence/fault_apply.log"
    },
    "detection": {
      "timestamp_utc": "2026-04-17T05:55:44Z",
      "config": {
        "namespace": "default",
        "prom_url": "http://localhost:9090",
        "window": "1m",
        "target_deployment": "cartservice",
        "error_ratio_threshold": 0.1,
        "service_error_rps_threshold": 0.5,
        "service_latency_threshold_ms": 1000.0,
        "latency_consecutive_required": 2,
        "service_error_consecutive_required": 1,
        "min_total_rps": 0.1,
        "restart_count_threshold": 1,
        "primary_detectors": [
          "error_ratio",
          "service_error_rate",
          "service_latency",
          "deployment_availability",
          "service_endpoints",
          "service_port_alignment",
          "native_stress_job"
        ],
        "out_file": ""
      },
      "incident_detected": true,
      "suspicious_services": [
        "cartservice"
      ],
      "findings": [
        {
          "name": "error_ratio",
          "triggered": false,
          "severity": "info",
          "reason": "global error ratio 0.001 with total_rps=313.937",
          "service": "",
          "value": 0.001101,
          "threshold": 0.1,
          "details": {
            "total_rps": 313.93657259237705,
            "error_rps": 0.3455048006982834,
            "error_ratio": 0.0011005560704355885
          }
        },
        {
          "name": "service_error_rate",
          "triggered": false,
          "severity": "info",
          "reason": "top error service frontend at 0.346 rps",
          "service": "frontend",
          "value": 0.345505,
          "threshold": 0.5,
          "details": {
            "top_error_services": [
              {
                "service_name": "frontend",
                "error_rps": 0.3455048006982834
              }
            ]
          }
        },
        {
          "name": "service_latency",
          "triggered": false,
          "severity": "info",
          "reason": "service cartservice p99 latency 0.000 ms",
          "service": "cartservice",
          "value": 0.0,
          "threshold": 1000.0,
          "details": {
            "service_name": "cartservice",
            "p99_latency_ms": 0.0
          }
        },
        {
          "name": "deployment_availability",
          "triggered": true,
          "severity": "critical",
          "reason": "deployment cartservice available=1 updated=1 unavailable=1 desired=1",
          "service": "cartservice",
          "value": 1,
          "threshold": 1,
          "details": {
            "exists": true,
            "desired": 1,
            "available": 1,
            "ready": 1,
            "updated": 1,
            "unavailable": 1,
            "generation": 14,
            "observed_generation": 14,
            "rollout_observed": true,
            "rollout_updated": true,
            "progressing_reason": "ReplicaSetUpdated",
            "progressing_message": "ReplicaSet \"cartservice-57df744697\" is progressing.",
            "healthy": false
          }
        },
        {
          "name": "service_endpoints",
          "triggered": false,
          "severity": "info",
          "reason": "service cartservice ready_endpoints=1 not_ready_endpoints=1",
          "service": "cartservice",
          "value": 1,
          "threshold": 1,
          "details": {
            "exists": true,
            "ready_addresses": 1,
            "not_ready_addresses": 1,
            "ports": [
              7070
            ],
            "healthy": true
          }
        },
        {
          "name": "service_port_alignment",
          "triggered": false,
          "severity": "info",
          "reason": "service cartservice port alignment ok",
          "service": "cartservice",
          "value": 0,
          "threshold": 0,
          "details": {
            "exists": true,
            "aligned": true,
            "selector": {
              "app": "cartservice"
            },
            "service_ports": [
              {
                "name": "grpc",
                "port": 7070,
                "protocol": "TCP",
                "targetPort": 7070
              }
            ],
            "container_ports": [
              7070
            ],
            "named_ports": {},
            "mismatches": []
          }
        },
        {
          "name": "native_stress_job",
          "triggered": false,
          "severity": "info",
          "reason": "no active native stress jobs",
          "service": "cartservice",
          "value": 0,
          "threshold": 0,
          "details": {
            "active_stress_jobs": []
          }
        },
        {
          "name": "restart_history",
          "triggered": false,
          "severity": "info",
          "reason": "historical restart count observed on jaeger-845b6c89f7-7bffd count=7",
          "service": "jaeger-845b6c89f7-7bffd",
          "value": 7,
          "threshold": 1,
          "details": {
            "top_pod_restarts": [
              {
                "pod": "jaeger-845b6c89f7-7bffd",
                "container": "jaeger",
                "restart_count": 7
              },
              {
                "pod": "redis-cart-6899b65948-q5mxh",
                "container": "redis",
                "restart_count": 2
              },
              {
                "pod": "currencyservice-54dc68fc95-mqfbm",
                "container": "server",
                "restart_count": 1
              },
              {
                "pod": "paymentservice-85c5665997-lnpvc",
                "container": "server",
                "restart_count": 1
              }
            ]
          }
        }
      ],
      "summary": "deployment cartservice available=1 updated=1 unavailable=1 desired=1"
    },
    "evidence": {
      "target_service": "cartservice",
      "category": "resource_latency",
      "counts": {
        "rich": 6,
        "weak": 2,
        "missing": 1
      },
      "trace_probe": {
        "cmd": [
          "./scripts/generate_traffic.sh",
          "-u",
          "http://localhost:8080",
          "-d",
          "12",
          "-r",
          "6",
          "-m",
          "checkout-heavy",
          "-o",
          "/Users/aarnavsawant/Documents/CS6365/AgentScope/results/native_episode_collection/bulk_remaining_medium_20260417T052133Z/20260417T055459Z_native_memory_limit_oom_cartservice_baseline_evidence/trace_probe_traffic_3"
        ],
        "returncode": 0,
        "started_at_utc": "2026-04-17T05:59:41Z",
        "finished_at_utc": "2026-04-17T05:59:54Z",
        "log": "results/native_episode_collection/bulk_remaining_medium_20260417T052133Z/20260417T055459Z_native_memory_limit_oom_cartservice_baseline_evidence/trace_probe_3.log",
        "attempt": 3,
        "base_url": "http://localhost:8080",
        "mode": "checkout-heavy",
        "output_root": "results/native_episode_collection/bulk_remaining_medium_20260417T052133Z/20260417T055459Z_native_memory_limit_oom_cartservice_baseline_evidence/trace_probe_traffic_3"
      },
      "report_file": "results/native_episode_collection/bulk_remaining_medium_20260417T052133Z/20260417T055459Z_native_memory_limit_oom_cartservice_baseline_evidence/evidence_report.json",
      "aci_run_log": "results/native_episode_collection/bulk_remaining_medium_20260417T052133Z/20260417T055459Z_native_memory_limit_oom_cartservice_baseline_evidence/aci_run_log.jsonl"
    },
    "fault_revert": {
      "cmd": [
        "python3",
        "-m",
        "faults.native",
        "revert",
        "--namespace",
        "default",
        "--spec-json",
        "{\"container\": \"server\", \"deployment\": \"cartservice\", \"id\": \"memory-limit-oom-cartservice\", \"resources\": {\"limits\": {\"cpu\": \"300m\", \"memory\": \"48Mi\"}, \"requests\": {\"cpu\": \"50m\", \"memory\": \"32Mi\"}}, \"type\": \"deployment_resources\"}"
      ],
      "returncode": 0,
      "started_at_utc": "2026-04-17T06:01:07Z",
      "finished_at_utc": "2026-04-17T06:01:08Z",
      "log": "results/native_episode_collection/bulk_remaining_medium_20260417T052133Z/20260417T055459Z_native_memory_limit_oom_cartservice_baseline_evidence/fault_revert.log"
    },
    "traffic_exit": {
      "returncode": 0
    },
    "baseline_exit": {
      "returncode": -15
    },
    "monitor_exit": {
      "returncode": -15
    }
  },
  "finished_at_utc": "2026-04-17T06:01:10Z"
}

STDERR:

