Output directory: baseline_runs/20260417T060619Z
Namespace: default
Duration: 300s | Interval: 15s | Samples: 20
[2026-04-17T06:06:19Z] sample 1/20 collected
[2026-04-17T06:06:35Z] sample 2/20 collected
[2026-04-17T06:06:51Z] sample 3/20 collected
[2026-04-17T06:07:06Z] sample 4/20 collected
[2026-04-17T06:07:22Z] sample 5/20 collected
[2026-04-17T06:07:38Z] sample 6/20 collected
[2026-04-17T06:07:55Z] sample 7/20 collected
[2026-04-17T06:08:11Z] sample 8/20 collected
[2026-04-17T06:08:35Z] sample 9/20 collected
[2026-04-17T06:08:54Z] sample 10/20 collected
[2026-04-17T06:09:14Z] sample 11/20 collected
[2026-04-17T06:09:44Z] sample 12/20 collected
[2026-04-17T06:10:07Z] sample 13/20 collected
[2026-04-17T06:10:28Z] sample 14/20 collected
[2026-04-17T06:10:48Z] sample 15/20 collected
[2026-04-17T06:11:04Z] sample 16/20 collected
[2026-04-17T06:11:25Z] sample 17/20 collected
[2026-04-17T06:11:49Z] sample 18/20 collected
[2026-04-17T06:12:29Z] sample 19/20 collected
[2026-04-17T06:12:44Z] sample 20/20 collected

Baseline collection complete.
Summary CSV: baseline_runs/20260417T060619Z/summary.csv
