COMMAND: python3 -m faults.native revert --namespace default --spec-json '{"args": ["for i in 1 2; do while true; do :; done & done; sleep 90"], "command": ["sh", "-c"], "id": "cpu-pressure-stress-job", "image": "busybox:1.36", "job_name": "agentscope-cpu-pressure", "resources": {"limits": {"cpu": "1", "memory": "128Mi"}, "requests": {"cpu": "500m", "memory": "32Mi"}}, "type": "stress_job"}'

STDOUT:
{
  "fault_spec": {
    "args": [
      "for i in 1 2; do while true; do :; done & done; sleep 90"
    ],
    "command": [
      "sh",
      "-c"
    ],
    "id": "cpu-pressure-stress-job",
    "image": "busybox:1.36",
    "job_name": "agentscope-cpu-pressure",
    "resources": {
      "limits": {
        "cpu": "1",
        "memory": "128Mi"
      },
      "requests": {
        "cpu": "500m",
        "memory": "32Mi"
      }
    },
    "type": "stress_job"
  },
  "job_name": "agentscope-cpu-pressure",
  "reverted": true,
  "state_name": "agentscope-native-cpu-pressure-stress-job",
  "type": "stress_job"
}

STDERR:
