Output directory: traffic_runs/20260417T060619Z
Base URL: http://localhost:8080
Duration: 300s | Target RPS: 6 | Mode: realistic
Discovered product paths: /product/0PUK6V6EV0 /product/1YMWWN1N4O /product/2ZYFJ3GM2N /product/66VCHSJNUP /product/6E92ZMYYFZ /product/9SIQT8TOJO /product/L9ECAV7KIM /product/LS4PSXUNUM /product/OLJCESPC7Z
Workflow weights: browse-only=55% browse+cart=25% full-checkout=20%
Progress: 10s/300s, requests=225, failures=0
Progress: 20s/300s, requests=502, failures=0
Progress: 30s/300s, requests=769, failures=0
Progress: 40s/300s, requests=990, failures=0
Progress: 50s/300s, requests=1172, failures=0
Progress: 60s/300s, requests=1344, failures=0
Progress: 70s/300s, requests=1497, failures=0
Progress: 210s/300s, requests=1978, failures=0
Progress: 270s/300s, requests=2145, failures=0

Traffic generation complete.
Requests CSV: traffic_runs/20260417T060619Z/requests.csv
Workflows CSV: traffic_runs/20260417T060619Z/workflows.csv
Summary:      traffic_runs/20260417T060619Z/summary.txt
Requests:     2238 (failures=0)
Workflows:    total=516, browse_only=275, browse_cart=128, full_checkout=113
