COMMAND: python3 -m faults.native revert --namespace default --spec-json '{"container": "server", "deployment": "cartservice", "id": "memory-limit-oom-cartservice", "resources": {"limits": {"cpu": "300m", "memory": "48Mi"}, "requests": {"cpu": "50m", "memory": "32Mi"}}, "type": "deployment_resources"}'

STDOUT:
{
  "container": "server",
  "container_index": 0,
  "deployment": "cartservice",
  "fault_spec": {
    "container": "server",
    "deployment": "cartservice",
    "id": "memory-limit-oom-cartservice",
    "resources": {
      "limits": {
        "cpu": "300m",
        "memory": "48Mi"
      },
      "requests": {
        "cpu": "50m",
        "memory": "32Mi"
      }
    },
    "type": "deployment_resources"
  },
  "original_resources": {
    "limits": {
      "cpu": "1",
      "memory": "512Mi"
    },
    "requests": {
      "cpu": "250m",
      "memory": "128Mi"
    }
  },
  "reverted": true,
  "state_name": "agentscope-native-memory-limit-oom-cartservice",
  "type": "deployment_resources"
}

STDERR:
