Output directory: traffic_runs/20260417T054531Z
Base URL: http://localhost:8080
Duration: 300s | Target RPS: 5 | Mode: realistic
Discovered product paths: /product/0PUK6V6EV0 /product/1YMWWN1N4O /product/2ZYFJ3GM2N /product/66VCHSJNUP /product/6E92ZMYYFZ /product/9SIQT8TOJO /product/L9ECAV7KIM /product/LS4PSXUNUM /product/OLJCESPC7Z
Workflow weights: browse-only=55% browse+cart=25% full-checkout=20%
Progress: 10s/300s, requests=135, failures=0
Progress: 20s/300s, requests=335, failures=0
Progress: 30s/300s, requests=508, failures=3
Progress: 60s/300s, requests=804, failures=3
Progress: 80s/300s, requests=1079, failures=3
Progress: 90s/300s, requests=1203, failures=3
Progress: 110s/300s, requests=1254, failures=3
Progress: 230s/300s, requests=1426, failures=3
Progress: 240s/300s, requests=1539, failures=3
Progress: 250s/300s, requests=1704, failures=3
Progress: 280s/300s, requests=2093, failures=3
Progress: 290s/300s, requests=2251, failures=3
Progress: 300s/300s, requests=2391, failures=3

Traffic generation complete.
Requests CSV: traffic_runs/20260417T054531Z/requests.csv
Workflows CSV: traffic_runs/20260417T054531Z/workflows.csv
Summary:      traffic_runs/20260417T054531Z/summary.txt
Requests:     2391 (failures=3)
Workflows:    total=555, browse_only=312, browse_cart=139, full_checkout=104
