COMMAND: python3 -m faults.native revert --namespace default --spec-json '{"id": "pod-delete-cartservice", "limit": 1, "selector": "app=cartservice", "type": "pod_delete"}'

STDOUT:
{
  "deleted_pods": [
    "cartservice-596766c6b8-s5pwx"
  ],
  "fault_spec": {
    "id": "pod-delete-cartservice",
    "limit": 1,
    "selector": "app=cartservice",
    "type": "pod_delete"
  },
  "field_selector_args": [
    "--field-selector=status.phase=Running"
  ],
  "reverted": true,
  "selector": "app=cartservice",
  "state_name": "agentscope-native-pod-delete-cartservice",
  "type": "pod_delete"
}

STDERR:
