COMMAND: python3 -m faults.native apply --namespace default --spec-json '{"container": "server", "deployment": "frontend", "env_name": "CART_SERVICE_ADDR", "env_value": "cartservice:1", "id": "bad-endpoint-frontend-cartservice", "type": "deployment_env"}'

STDOUT:
{
  "container": "server",
  "container_index": 0,
  "deployment": "frontend",
  "fault_spec": {
    "container": "server",
    "deployment": "frontend",
    "env_name": "CART_SERVICE_ADDR",
    "env_value": "cartservice:1",
    "id": "bad-endpoint-frontend-cartservice",
    "type": "deployment_env"
  },
  "original_env": [
    {
      "name": "PORT",
      "value": "8080"
    },
    {
      "name": "PRODUCT_CATALOG_SERVICE_ADDR",
      "value": "productcatalogservice:3550"
    },
    {
      "name": "CURRENCY_SERVICE_ADDR",
      "value": "currencyservice:7000"
    },
    {
      "name": "CART_SERVICE_ADDR",
      "value": "cartservice:7070"
    },
    {
      "name": "RECOMMENDATION_SERVICE_ADDR",
      "value": "recommendationservice:8080"
    },
    {
      "name": "SHIPPING_SERVICE_ADDR",
      "value": "shippingservice:50051"
    },
    {
      "name": "CHECKOUT_SERVICE_ADDR",
      "value": "checkoutservice:5050"
    },
    {
      "name": "AD_SERVICE_ADDR",
      "value": "adservice:9555"
    },
    {
      "name": "SHOPPING_ASSISTANT_SERVICE_ADDR",
      "value": "shoppingassistantservice:80"
    },
    {
      "name": "ENABLE_PROFILER",
      "value": "0"
    }
  ],
  "state_name": "agentscope-native-bad-endpoint-frontend-cartservice",
  "type": "deployment_env"
}

STDERR:
