Output directory: baseline_runs/20260418T054820Z
Namespace: default
Duration: 300s | Interval: 15s | Samples: 20
[2026-04-18T05:48:24Z] sample 1/20 collected
[2026-04-18T05:48:41Z] sample 2/20 collected
[2026-04-18T05:49:01Z] sample 3/20 collected
[2026-04-18T05:49:21Z] sample 4/20 collected
[2026-04-18T05:49:40Z] sample 5/20 collected
[2026-04-18T05:50:03Z] sample 6/20 collected
[2026-04-18T05:50:20Z] sample 7/20 collected
[2026-04-18T05:50:45Z] sample 8/20 collected
[2026-04-18T05:51:05Z] sample 9/20 collected
[2026-04-18T05:51:25Z] sample 10/20 collected
[2026-04-18T05:51:42Z] sample 11/20 collected
[2026-04-18T05:52:04Z] sample 12/20 collected
[2026-04-18T05:52:23Z] sample 13/20 collected
[2026-04-18T05:52:40Z] sample 14/20 collected
[2026-04-18T05:52:59Z] sample 15/20 collected
[2026-04-18T05:53:17Z] sample 16/20 collected
[2026-04-18T05:53:36Z] sample 17/20 collected
[2026-04-18T05:53:53Z] sample 18/20 collected
[2026-04-18T05:54:09Z] sample 19/20 collected
[2026-04-18T05:54:26Z] sample 20/20 collected

Baseline collection complete.
Summary CSV: baseline_runs/20260418T054820Z/summary.csv
