COMMAND: /Library/Frameworks/Python.framework/Versions/3.12/bin/python3 scripts/run_evidence_probe.py /Users/aarnavsawant/Documents/CS6365/AgentScope/experiments/native_dependency_bad_endpoint_frontend_cartservice_baseline.yaml --out-dir /Users/aarnavsawant/Documents/CS6365/AgentScope/results/native_episode_collection/bulk_dependency_20260416T225310Z --lookback-minutes 5 --warm-cluster --include-dependencies
STARTED_AT_UTC: 2026-04-16T22:53:10Z
FINISHED_AT_UTC: 2026-04-16T22:57:29Z
RETURNCODE: 0

STDOUT:
[2026-04-16T22:53:10Z] starting evidence probe 'native_dependency_bad_endpoint_frontend_cartservice_baseline_evidence'
[2026-04-16T22:53:10Z] artifacts directory: /Users/aarnavsawant/Documents/CS6365/AgentScope/results/native_episode_collection/bulk_dependency_20260416T225310Z/20260416T225310Z_native_dependency_bad_endpoint_frontend_cartservice_baseline_evidence
[2026-04-16T22:53:10Z] phase=startup: skipped
[2026-04-16T22:53:10Z] phase=reset: skipped (warm cluster)
[2026-04-16T22:53:11Z] phase=environment: verified
[2026-04-16T22:53:11Z] phase=port_forward: reusing session access for prometheus at http://localhost:9090
[2026-04-16T22:53:11Z] phase=port_forward: reusing session access for jaeger at http://localhost:16686
[2026-04-16T22:53:11Z] phase=port_forward: reusing session access for frontend-external at http://localhost:8080
[2026-04-16T22:53:11Z] phase=traffic: started (pid=36684)
[2026-04-16T22:53:11Z] phase=baseline: started (pid=36685)
[2026-04-16T22:53:11Z] phase=monitor: started (pid=36686)
[2026-04-16T22:53:11Z] phase=pre_fault_delay: waiting 30s
[monitor] [2026-04-16T22:53:12Z] detector initialized: incident_detected=False; no detector triggered
[2026-04-16T22:53:16Z] phase=pre_fault_delay: 25s remaining
[2026-04-16T22:53:21Z] phase=pre_fault_delay: 20s remaining
[2026-04-16T22:53:26Z] phase=pre_fault_delay: 15s remaining
[2026-04-16T22:53:31Z] phase=pre_fault_delay: 10s remaining
[2026-04-16T22:53:36Z] phase=pre_fault_delay: 5s remaining
[2026-04-16T22:53:41Z] phase=pre_fault_delay: done
[2026-04-16T22:53:41Z] phase=fault_apply: applying fault
[2026-04-16T22:53:42Z] phase=fault_apply: completed
[2026-04-16T22:53:42Z] phase=evidence_delay: waiting 20s after fault injection before collecting evidence
[2026-04-16T22:53:42Z] phase=evidence_delay: waiting 20s
[monitor] [2026-04-16T22:53:45Z] detector state change: incident_detected; deployment frontend available=1 updated=1 unavailable=1 desired=1
[2026-04-16T22:53:47Z] phase=evidence_delay: 15s remaining
[2026-04-16T22:53:52Z] phase=evidence_delay: 10s remaining
[2026-04-16T22:53:57Z] phase=evidence_delay: 5s remaining
[2026-04-16T22:54:02Z] phase=evidence_delay: done
[2026-04-16T22:54:02Z] phase=evidence: collecting ACI evidence
[monitor] [2026-04-16T22:54:32Z] detector state change: incident_cleared; supporting signals only: service frontend p99 latency 855.659 ms (awaiting consecutive confirmation 1/2)
[monitor] [2026-04-16T22:54:43Z] detector state change: incident_detected; top error service frontend at 8.236 rps; service frontend p99 latency 946.654 ms
[monitor] [2026-04-16T22:54:54Z] detector update: top error service frontend at 8.073 rps; service frontend p99 latency 977.885 ms
[monitor] [2026-04-16T22:55:04Z] detector update: global error ratio 0.128 with total_rps=129.100; top error service frontend at 16.472 rps; service frontend p99 latency 968.652 ms
[monitor] [2026-04-16T22:55:16Z] detector update: global error ratio 0.163 with total_rps=154.955; top error service frontend at 25.235 rps; service frontend p99 latency 943.457 ms
[monitor] [2026-04-16T22:55:27Z] detector update: global error ratio 0.298 with total_rps=106.958; top error service frontend at 31.926 rps
[monitor] [2026-04-16T22:55:39Z] detector update: global error ratio 0.332 with total_rps=72.178; top error service frontend at 23.999 rps
[monitor] [2026-04-16T22:55:51Z] detector update: global error ratio 0.336 with total_rps=73.259; top error service frontend at 24.620 rps
[monitor] [2026-04-16T22:56:01Z] detector update: global error ratio 0.332 with total_rps=94.149; top error service frontend at 31.237 rps
[monitor] [2026-04-16T22:56:12Z] detector update: global error ratio 0.334 with total_rps=101.441; top error service frontend at 33.838 rps
[2026-04-16T22:56:22Z] phase=evidence: collected for target=frontend
[2026-04-16T22:56:22Z] phase=post_fault_delay: waiting 60s
[monitor] [2026-04-16T22:56:22Z] detector update: global error ratio 0.333 with total_rps=81.519; top error service frontend at 27.112 rps
[2026-04-16T22:56:32Z] phase=post_fault_delay: 50s remaining
[monitor] [2026-04-16T22:56:33Z] detector update: global error ratio 0.334 with total_rps=107.462; top error service frontend at 35.875 rps
[2026-04-16T22:56:42Z] phase=post_fault_delay: 40s remaining
[monitor] [2026-04-16T22:56:43Z] detector update: global error ratio 0.331 with total_rps=104.069; top error service frontend at 34.471 rps
[2026-04-16T22:56:52Z] phase=post_fault_delay: 30s remaining
[monitor] [2026-04-16T22:56:54Z] detector update: global error ratio 0.332 with total_rps=104.905; top error service frontend at 34.871 rps
[2026-04-16T22:57:02Z] phase=post_fault_delay: 20s remaining
[monitor] [2026-04-16T22:57:05Z] detector update: global error ratio 0.328 with total_rps=71.747; top error service frontend at 23.503 rps
[2026-04-16T22:57:12Z] phase=post_fault_delay: 10s remaining
[monitor] [2026-04-16T22:57:16Z] detector update: global error ratio 0.333 with total_rps=93.891; top error service frontend at 31.255 rps
[2026-04-16T22:57:22Z] phase=post_fault_delay: done
[2026-04-16T22:57:22Z] phase=fault_revert: reverting active fault
[monitor] [2026-04-16T22:57:27Z] detector update: global error ratio 0.327 with total_rps=92.996; top error service frontend at 30.417 rps; deployment frontend available=1 updated=1 unavailable=1 desired=1
{
  "name": "Native Dependency Bad Endpoint Frontend Cartservice Baseline",
  "run_id": "20260416T225310Z_native_dependency_bad_endpoint_frontend_cartservice_baseline_evidence",
  "started_at_utc": "2026-04-16T22:53:10Z",
  "experiment_file": "/Users/aarnavsawant/Documents/CS6365/AgentScope/experiments/native_dependency_bad_endpoint_frontend_cartservice_baseline.yaml",
  "namespace": "default",
  "mode": "evidence_probe",
  "warm_cluster": true,
  "skip_startup": true,
  "skip_reset": true,
  "steps": {
    "reset_before": {
      "skipped": true,
      "reason": "skip-reset/warm-cluster requested",
      "finished_at_utc": "2026-04-16T22:53:10Z"
    },
    "port_forward_prometheus": {
      "mode": "reused",
      "url": "http://localhost:9090",
      "probe_path": "/-/ready",
      "state_dir": ".runtime/port_forwards"
    },
    "port_forward_jaeger": {
      "mode": "reused",
      "url": "http://localhost:16686",
      "probe_path": "/api/services",
      "state_dir": ".runtime/port_forwards"
    },
    "port_forward_frontend": {
      "mode": "reused",
      "url": "http://localhost:8080",
      "probe_path": "/_healthz",
      "state_dir": ".runtime/port_forwards"
    },
    "traffic": {
      "cmd": [
        "./scripts/generate_traffic.sh",
        "-u",
        "http://localhost:8080",
        "-d",
        "300",
        "-r",
        "4",
        "-m",
        "cart-heavy"
      ],
      "pid": 36684
    },
    "baseline": {
      "cmd": [
        "./scripts/collect_baseline.sh",
        "-n",
        "default",
        "-i",
        "15",
        "-d",
        "300"
      ],
      "pid": 36685
    },
    "monitor": {
      "cmd": [
        "./scripts/monitor_loop.py",
        "--namespace",
        "default",
        "--prom-url",
        "http://localhost:9090",
        "--window",
        "1m",
        "--target-deployment",
        "frontend",
        "--error-ratio-threshold",
        "0.1",
        "--service-error-rps-threshold",
        "0.5",
        "--service-latency-threshold-ms",
        "750",
        "--latency-consecutive-required",
        "2",
        "--service-error-consecutive-required",
        "1",
        "--min-total-rps",
        "0.1",
        "--restart-count-threshold",
        "1",
        "--primary-detectors",
        "error_ratio,service_error_rate,service_latency,deployment_availability,service_endpoints,service_port_alignment,native_stress_job",
        "--out-dir",
        "/Users/aarnavsawant/Documents/CS6365/AgentScope/results/native_episode_collection/bulk_dependency_20260416T225310Z/20260416T225310Z_native_dependency_bad_endpoint_frontend_cartservice_baseline_evidence/detector_runs",
        "--interval-seconds",
        "10"
      ],
      "pid": 36686
    },
    "fault_apply": {
      "cmd": [
        "python3",
        "-m",
        "faults.native",
        "apply",
        "--namespace",
        "default",
        "--spec-json",
        "{\"container\": \"server\", \"deployment\": \"frontend\", \"env_name\": \"CART_SERVICE_ADDR\", \"env_value\": \"cartservice:1\", \"id\": \"bad-endpoint-frontend-cartservice\", \"type\": \"deployment_env\"}"
      ],
      "returncode": 0,
      "started_at_utc": "2026-04-16T22:53:41Z",
      "finished_at_utc": "2026-04-16T22:53:42Z",
      "log": "results/native_episode_collection/bulk_dependency_20260416T225310Z/20260416T225310Z_native_dependency_bad_endpoint_frontend_cartservice_baseline_evidence/fault_apply.log"
    },
    "detection": {
      "timestamp_utc": "2026-04-16T22:53:57Z",
      "config": {
        "namespace": "default",
        "prom_url": "http://localhost:9090",
        "window": "1m",
        "target_deployment": "frontend",
        "error_ratio_threshold": 0.1,
        "service_error_rps_threshold": 0.5,
        "service_latency_threshold_ms": 750.0,
        "latency_consecutive_required": 2,
        "service_error_consecutive_required": 1,
        "min_total_rps": 0.1,
        "restart_count_threshold": 1,
        "primary_detectors": [
          "error_ratio",
          "service_error_rate",
          "service_latency",
          "deployment_availability",
          "service_endpoints",
          "service_port_alignment",
          "native_stress_job"
        ],
        "out_file": ""
      },
      "incident_detected": true,
      "suspicious_services": [
        "frontend"
      ],
      "findings": [
        {
          "name": "error_ratio",
          "triggered": false,
          "severity": "info",
          "reason": "global error ratio 0.002 with total_rps=157.392",
          "service": "",
          "value": 0.001733,
          "threshold": 0.1,
          "details": {
            "total_rps": 157.39242669381372,
            "error_rps": 0.2726826519296842,
            "error_ratio": 0.0017325017325017327
          }
        },
        {
          "name": "service_error_rate",
          "triggered": false,
          "severity": "info",
          "reason": "top error service frontend at 0.273 rps",
          "service": "frontend",
          "value": 0.272683,
          "threshold": 0.5,
          "details": {
            "top_error_services": [
              {
                "service_name": "frontend",
                "error_rps": 0.2726826519296842
              }
            ]
          }
        },
        {
          "name": "service_latency",
          "triggered": false,
          "severity": "info",
          "reason": "service frontend p99 latency 657.326 ms",
          "service": "frontend",
          "value": 657.325581,
          "threshold": 750.0,
          "details": {
            "service_name": "frontend",
            "p99_latency_ms": 657.3255813953442
          }
        },
        {
          "name": "deployment_availability",
          "triggered": true,
          "severity": "critical",
          "reason": "deployment frontend available=1 updated=1 unavailable=1 desired=1",
          "service": "frontend",
          "value": 1,
          "threshold": 1,
          "details": {
            "exists": true,
            "desired": 1,
            "available": 1,
            "ready": 1,
            "updated": 1,
            "unavailable": 1,
            "generation": 6,
            "observed_generation": 6,
            "rollout_observed": true,
            "rollout_updated": true,
            "progressing_reason": "ReplicaSetUpdated",
            "progressing_message": "ReplicaSet \"frontend-85fc88d46c\" is progressing.",
            "healthy": false
          }
        },
        {
          "name": "service_endpoints",
          "triggered": false,
          "severity": "info",
          "reason": "service frontend ready_endpoints=1 not_ready_endpoints=1",
          "service": "frontend",
          "value": 1,
          "threshold": 1,
          "details": {
            "exists": true,
            "ready_addresses": 1,
            "not_ready_addresses": 1,
            "ports": [
              8080
            ],
            "healthy": true
          }
        },
        {
          "name": "service_port_alignment",
          "triggered": false,
          "severity": "info",
          "reason": "service frontend port alignment ok",
          "service": "frontend",
          "value": 0,
          "threshold": 0,
          "details": {
            "exists": true,
            "aligned": true,
            "selector": {
              "app": "frontend"
            },
            "service_ports": [
              {
                "name": "http",
                "port": 80,
                "protocol": "TCP",
                "targetPort": 8080
              }
            ],
            "container_ports": [
              8080
            ],
            "named_ports": {},
            "mismatches": []
          }
        },
        {
          "name": "native_stress_job",
          "triggered": false,
          "severity": "info",
          "reason": "no active native stress jobs",
          "service": "frontend",
          "value": 0,
          "threshold": 0,
          "details": {
            "active_stress_jobs": []
          }
        },
        {
          "name": "restart_history",
          "triggered": false,
          "severity": "info",
          "reason": "historical restart count observed on jaeger-845b6c89f7-7bffd count=4",
          "service": "jaeger-845b6c89f7-7bffd",
          "value": 4,
          "threshold": 1,
          "details": {
            "top_pod_restarts": [
              {
                "pod": "jaeger-845b6c89f7-7bffd",
                "container": "jaeger",
                "restart_count": 4
              },
              {
                "pod": "redis-cart-6899b65948-q5mxh",
                "container": "redis",
                "restart_count": 2
              }
            ]
          }
        }
      ],
      "summary": "deployment frontend available=1 updated=1 unavailable=1 desired=1"
    },
    "evidence": {
      "target_service": "frontend",
      "category": "dependency_trace",
      "counts": {
        "rich": 29,
        "weak": 2,
        "missing": 0
      },
      "trace_probe": {
        "cmd": [
          "./scripts/generate_traffic.sh",
          "-u",
          "http://localhost:8080",
          "-d",
          "12",
          "-r",
          "6",
          "-m",
          "cart-heavy",
          "-o",
          "/Users/aarnavsawant/Documents/CS6365/AgentScope/results/native_episode_collection/bulk_dependency_20260416T225310Z/20260416T225310Z_native_dependency_bad_endpoint_frontend_cartservice_baseline_evidence/trace_probe_traffic_2"
        ],
        "returncode": 0,
        "started_at_utc": "2026-04-16T22:55:52Z",
        "finished_at_utc": "2026-04-16T22:56:04Z",
        "log": "results/native_episode_collection/bulk_dependency_20260416T225310Z/20260416T225310Z_native_dependency_bad_endpoint_frontend_cartservice_baseline_evidence/trace_probe_2.log",
        "attempt": 2,
        "base_url": "http://localhost:8080",
        "mode": "cart-heavy",
        "output_root": "results/native_episode_collection/bulk_dependency_20260416T225310Z/20260416T225310Z_native_dependency_bad_endpoint_frontend_cartservice_baseline_evidence/trace_probe_traffic_2"
      },
      "report_file": "results/native_episode_collection/bulk_dependency_20260416T225310Z/20260416T225310Z_native_dependency_bad_endpoint_frontend_cartservice_baseline_evidence/evidence_report.json",
      "aci_run_log": "results/native_episode_collection/bulk_dependency_20260416T225310Z/20260416T225310Z_native_dependency_bad_endpoint_frontend_cartservice_baseline_evidence/aci_run_log.jsonl"
    },
    "fault_revert": {
      "cmd": [
        "python3",
        "-m",
        "faults.native",
        "revert",
        "--namespace",
        "default",
        "--spec-json",
        "{\"container\": \"server\", \"deployment\": \"frontend\", \"env_name\": \"CART_SERVICE_ADDR\", \"env_value\": \"cartservice:1\", \"id\": \"bad-endpoint-frontend-cartservice\", \"type\": \"deployment_env\"}"
      ],
      "returncode": 0,
      "started_at_utc": "2026-04-16T22:57:22Z",
      "finished_at_utc": "2026-04-16T22:57:23Z",
      "log": "results/native_episode_collection/bulk_dependency_20260416T225310Z/20260416T225310Z_native_dependency_bad_endpoint_frontend_cartservice_baseline_evidence/fault_revert.log"
    },
    "traffic_exit": {
      "returncode": -15
    },
    "baseline_exit": {
      "returncode": -15
    },
    "monitor_exit": {
      "returncode": -15
    }
  },
  "finished_at_utc": "2026-04-16T22:57:29Z"
}

STDERR:

