COMMAND: /Library/Frameworks/Python.framework/Versions/3.12/bin/python3 scripts/run_evidence_probe.py /Users/aarnavsawant/Documents/CS6365/AgentScope/experiments/native_dependency_bad_endpoint_frontend_cartservice_baseline.yaml --out-dir /Users/aarnavsawant/Documents/CS6365/AgentScope/results/native_episode_collection/bulk_dependency_20260416T225310Z --lookback-minutes 5 --warm-cluster --include-dependencies
STARTED_AT_UTC: 2026-04-16T22:57:29Z
FINISHED_AT_UTC: 2026-04-16T22:59:54Z
RETURNCODE: 0

STDOUT:
[2026-04-16T22:57:30Z] starting evidence probe 'native_dependency_bad_endpoint_frontend_cartservice_baseline_evidence'
[2026-04-16T22:57:30Z] artifacts directory: /Users/aarnavsawant/Documents/CS6365/AgentScope/results/native_episode_collection/bulk_dependency_20260416T225310Z/20260416T225730Z_native_dependency_bad_endpoint_frontend_cartservice_baseline_evidence
[2026-04-16T22:57:30Z] phase=startup: skipped
[2026-04-16T22:57:30Z] phase=reset: skipped (warm cluster)
[2026-04-16T22:57:30Z] phase=environment: verified
[2026-04-16T22:57:30Z] phase=port_forward: reusing session access for prometheus at http://localhost:9090
[2026-04-16T22:57:30Z] phase=port_forward: reusing session access for jaeger at http://localhost:16686
[2026-04-16T22:57:30Z] phase=port_forward: reusing session access for frontend-external at http://localhost:8080
[2026-04-16T22:57:30Z] phase=traffic: started (pid=71025)
[2026-04-16T22:57:30Z] phase=baseline: started (pid=71026)
[2026-04-16T22:57:30Z] phase=monitor: started (pid=71027)
[2026-04-16T22:57:30Z] phase=pre_fault_delay: waiting 30s
[monitor] [2026-04-16T22:57:31Z] detector initialized: incident_detected=True; global error ratio 0.327 with total_rps=92.945; top error service frontend at 30.400 rps; deployment frontend available=1 updated=1 unavailable=1 desired=1
[2026-04-16T22:57:35Z] phase=pre_fault_delay: 25s remaining
[2026-04-16T22:57:40Z] phase=pre_fault_delay: 20s remaining
[monitor] [2026-04-16T22:57:41Z] detector update: global error ratio 0.326 with total_rps=77.310; top error service frontend at 25.200 rps; deployment frontend available=1 updated=1 unavailable=1 desired=1
[2026-04-16T22:57:45Z] phase=pre_fault_delay: 15s remaining
[2026-04-16T22:57:50Z] phase=pre_fault_delay: 10s remaining
[monitor] [2026-04-16T22:57:52Z] detector update: global error ratio 0.327 with total_rps=55.583; top error service frontend at 18.182 rps; deployment frontend available=1 updated=1 unavailable=1 desired=1
[2026-04-16T22:57:55Z] phase=pre_fault_delay: 5s remaining
[2026-04-16T22:58:00Z] phase=pre_fault_delay: done
[2026-04-16T22:58:00Z] phase=fault_apply: applying fault
[2026-04-16T22:58:00Z] phase=fault_apply: completed
[2026-04-16T22:58:00Z] phase=evidence_delay: waiting 20s after fault injection before collecting evidence
[2026-04-16T22:58:00Z] phase=evidence_delay: waiting 20s
[monitor] [2026-04-16T22:58:02Z] detector update: global error ratio 0.324 with total_rps=62.361; top error service frontend at 20.217 rps; deployment frontend available=1 updated=1 unavailable=1 desired=1
[2026-04-16T22:58:05Z] phase=evidence_delay: 15s remaining
[2026-04-16T22:58:10Z] phase=evidence_delay: 10s remaining
[monitor] [2026-04-16T22:58:13Z] detector update: global error ratio 0.259 with total_rps=51.126; top error service frontend at 13.218 rps; deployment frontend available=1 updated=1 unavailable=1 desired=1
[2026-04-16T22:58:15Z] phase=evidence_delay: 5s remaining
[2026-04-16T22:58:20Z] phase=evidence_delay: done
[2026-04-16T22:58:20Z] phase=evidence: collecting ACI evidence
[monitor] [2026-04-16T22:58:24Z] detector update: global error ratio 0.107 with total_rps=50.128; top error service frontend at 5.382 rps; deployment frontend available=1 updated=1 unavailable=1 desired=1
[monitor] [2026-04-16T22:58:36Z] detector update: top error service frontend at 2.873 rps
[monitor] [2026-04-16T22:58:47Z] detector update: top error service frontend at 2.873 rps; service frontend p99 latency 775.192 ms
[2026-04-16T22:58:51Z] phase=evidence: collected for target=frontend
[2026-04-16T22:58:51Z] phase=post_fault_delay: waiting 60s
[monitor] [2026-04-16T22:58:57Z] detector update: top error service frontend at 2.836 rps; service frontend p99 latency 872.353 ms
[2026-04-16T22:59:01Z] phase=post_fault_delay: 50s remaining
[monitor] [2026-04-16T22:59:08Z] detector update: top error service frontend at 2.091 rps; service frontend p99 latency 907.059 ms
[2026-04-16T22:59:11Z] phase=post_fault_delay: 40s remaining
[monitor] [2026-04-16T22:59:19Z] detector update: top error service frontend at 3.981 rps; service frontend p99 latency 875.000 ms
[2026-04-16T22:59:21Z] phase=post_fault_delay: 30s remaining
[monitor] [2026-04-16T22:59:29Z] detector update: top error service frontend at 6.218 rps; service frontend p99 latency 955.294 ms
[2026-04-16T22:59:31Z] phase=post_fault_delay: 20s remaining
[monitor] [2026-04-16T22:59:40Z] detector update: global error ratio 0.264 with total_rps=31.237; top error service frontend at 8.255 rps
[2026-04-16T22:59:41Z] phase=post_fault_delay: 10s remaining
[monitor] [2026-04-16T22:59:51Z] detector update: global error ratio 0.306 with total_rps=20.455; top error service frontend at 6.255 rps
[2026-04-16T22:59:51Z] phase=post_fault_delay: done
[2026-04-16T22:59:51Z] phase=fault_revert: reverting active fault
{
  "name": "Native Dependency Bad Endpoint Frontend Cartservice Baseline",
  "run_id": "20260416T225730Z_native_dependency_bad_endpoint_frontend_cartservice_baseline_evidence",
  "started_at_utc": "2026-04-16T22:57:30Z",
  "experiment_file": "/Users/aarnavsawant/Documents/CS6365/AgentScope/experiments/native_dependency_bad_endpoint_frontend_cartservice_baseline.yaml",
  "namespace": "default",
  "mode": "evidence_probe",
  "warm_cluster": true,
  "skip_startup": true,
  "skip_reset": true,
  "steps": {
    "reset_before": {
      "skipped": true,
      "reason": "skip-reset/warm-cluster requested",
      "finished_at_utc": "2026-04-16T22:57:30Z"
    },
    "port_forward_prometheus": {
      "mode": "reused",
      "url": "http://localhost:9090",
      "probe_path": "/-/ready",
      "state_dir": ".runtime/port_forwards"
    },
    "port_forward_jaeger": {
      "mode": "reused",
      "url": "http://localhost:16686",
      "probe_path": "/api/services",
      "state_dir": ".runtime/port_forwards"
    },
    "port_forward_frontend": {
      "mode": "reused",
      "url": "http://localhost:8080",
      "probe_path": "/_healthz",
      "state_dir": ".runtime/port_forwards"
    },
    "traffic": {
      "cmd": [
        "./scripts/generate_traffic.sh",
        "-u",
        "http://localhost:8080",
        "-d",
        "300",
        "-r",
        "4",
        "-m",
        "cart-heavy"
      ],
      "pid": 71025
    },
    "baseline": {
      "cmd": [
        "./scripts/collect_baseline.sh",
        "-n",
        "default",
        "-i",
        "15",
        "-d",
        "300"
      ],
      "pid": 71026
    },
    "monitor": {
      "cmd": [
        "./scripts/monitor_loop.py",
        "--namespace",
        "default",
        "--prom-url",
        "http://localhost:9090",
        "--window",
        "1m",
        "--target-deployment",
        "frontend",
        "--error-ratio-threshold",
        "0.1",
        "--service-error-rps-threshold",
        "0.5",
        "--service-latency-threshold-ms",
        "750",
        "--latency-consecutive-required",
        "2",
        "--service-error-consecutive-required",
        "1",
        "--min-total-rps",
        "0.1",
        "--restart-count-threshold",
        "1",
        "--primary-detectors",
        "error_ratio,service_error_rate,service_latency,deployment_availability,service_endpoints,service_port_alignment,native_stress_job",
        "--out-dir",
        "/Users/aarnavsawant/Documents/CS6365/AgentScope/results/native_episode_collection/bulk_dependency_20260416T225310Z/20260416T225730Z_native_dependency_bad_endpoint_frontend_cartservice_baseline_evidence/detector_runs",
        "--interval-seconds",
        "10"
      ],
      "pid": 71027
    },
    "fault_apply": {
      "cmd": [
        "python3",
        "-m",
        "faults.native",
        "apply",
        "--namespace",
        "default",
        "--spec-json",
        "{\"container\": \"server\", \"deployment\": \"frontend\", \"env_name\": \"CART_SERVICE_ADDR\", \"env_value\": \"cartservice:1\", \"id\": \"bad-endpoint-frontend-cartservice\", \"type\": \"deployment_env\"}"
      ],
      "returncode": 0,
      "started_at_utc": "2026-04-16T22:58:00Z",
      "finished_at_utc": "2026-04-16T22:58:00Z",
      "log": "results/native_episode_collection/bulk_dependency_20260416T225310Z/20260416T225730Z_native_dependency_bad_endpoint_frontend_cartservice_baseline_evidence/fault_apply.log"
    },
    "detection": {
      "timestamp_utc": "2026-04-16T22:58:13Z",
      "config": {
        "namespace": "default",
        "prom_url": "http://localhost:9090",
        "window": "1m",
        "target_deployment": "frontend",
        "error_ratio_threshold": 0.1,
        "service_error_rps_threshold": 0.5,
        "service_latency_threshold_ms": 750.0,
        "latency_consecutive_required": 2,
        "service_error_consecutive_required": 1,
        "min_total_rps": 0.1,
        "restart_count_threshold": 1,
        "primary_detectors": [
          "error_ratio",
          "service_error_rate",
          "service_latency",
          "deployment_availability",
          "service_endpoints",
          "service_port_alignment",
          "native_stress_job"
        ],
        "out_file": ""
      },
      "incident_detected": true,
      "suspicious_services": [
        "frontend"
      ],
      "findings": [
        {
          "name": "error_ratio",
          "triggered": true,
          "severity": "high",
          "reason": "global error ratio 0.259 with total_rps=51.126",
          "service": "",
          "value": 0.258535,
          "threshold": 0.1,
          "details": {
            "total_rps": 51.12634315739714,
            "error_rps": 13.217941491972873,
            "error_ratio": 0.2585348506401138
          }
        },
        {
          "name": "service_error_rate",
          "triggered": true,
          "severity": "high",
          "reason": "top error service frontend at 13.218 rps",
          "service": "frontend",
          "value": 13.217941,
          "threshold": 0.5,
          "details": {
            "top_error_services": [
              {
                "service_name": "frontend",
                "error_rps": 13.217941491972873
              }
            ]
          }
        },
        {
          "name": "service_latency",
          "triggered": false,
          "severity": "info",
          "reason": "service frontend p99 latency 246.969 ms",
          "service": "frontend",
          "value": 246.96875,
          "threshold": 750.0,
          "details": {
            "service_name": "frontend",
            "p99_latency_ms": 246.96874999999997
          }
        },
        {
          "name": "deployment_availability",
          "triggered": true,
          "severity": "critical",
          "reason": "deployment frontend available=1 updated=1 unavailable=1 desired=1",
          "service": "frontend",
          "value": 1,
          "threshold": 1,
          "details": {
            "exists": true,
            "desired": 1,
            "available": 1,
            "ready": 1,
            "updated": 1,
            "unavailable": 1,
            "generation": 8,
            "observed_generation": 8,
            "rollout_observed": true,
            "rollout_updated": true,
            "progressing_reason": "ReplicaSetUpdated",
            "progressing_message": "ReplicaSet \"frontend-85fc88d46c\" is progressing.",
            "healthy": false
          }
        },
        {
          "name": "service_endpoints",
          "triggered": false,
          "severity": "info",
          "reason": "service frontend ready_endpoints=1 not_ready_endpoints=1",
          "service": "frontend",
          "value": 1,
          "threshold": 1,
          "details": {
            "exists": true,
            "ready_addresses": 1,
            "not_ready_addresses": 1,
            "ports": [
              8080
            ],
            "healthy": true
          }
        },
        {
          "name": "service_port_alignment",
          "triggered": false,
          "severity": "info",
          "reason": "service frontend port alignment ok",
          "service": "frontend",
          "value": 0,
          "threshold": 0,
          "details": {
            "exists": true,
            "aligned": true,
            "selector": {
              "app": "frontend"
            },
            "service_ports": [
              {
                "name": "http",
                "port": 80,
                "protocol": "TCP",
                "targetPort": 8080
              }
            ],
            "container_ports": [
              8080
            ],
            "named_ports": {},
            "mismatches": []
          }
        },
        {
          "name": "native_stress_job",
          "triggered": false,
          "severity": "info",
          "reason": "no active native stress jobs",
          "service": "frontend",
          "value": 0,
          "threshold": 0,
          "details": {
            "active_stress_jobs": []
          }
        },
        {
          "name": "restart_history",
          "triggered": false,
          "severity": "info",
          "reason": "historical restart count observed on jaeger-845b6c89f7-7bffd count=5",
          "service": "jaeger-845b6c89f7-7bffd",
          "value": 5,
          "threshold": 1,
          "details": {
            "top_pod_restarts": [
              {
                "pod": "jaeger-845b6c89f7-7bffd",
                "container": "jaeger",
                "restart_count": 5
              },
              {
                "pod": "redis-cart-6899b65948-q5mxh",
                "container": "redis",
                "restart_count": 2
              }
            ]
          }
        }
      ],
      "summary": "global error ratio 0.259 with total_rps=51.126; top error service frontend at 13.218 rps; deployment frontend available=1 updated=1 unavailable=1 desired=1"
    },
    "evidence": {
      "target_service": "frontend",
      "category": "dependency_trace",
      "counts": {
        "rich": 27,
        "weak": 4,
        "missing": 0
      },
      "trace_probe": {
        "cmd": [
          "./scripts/generate_traffic.sh",
          "-u",
          "http://localhost:8080",
          "-d",
          "12",
          "-r",
          "6",
          "-m",
          "cart-heavy",
          "-o",
          "/Users/aarnavsawant/Documents/CS6365/AgentScope/results/native_episode_collection/bulk_dependency_20260416T225310Z/20260416T225730Z_native_dependency_bad_endpoint_frontend_cartservice_baseline_evidence/trace_probe_traffic"
        ],
        "returncode": 0,
        "started_at_utc": "2026-04-16T22:58:23Z",
        "finished_at_utc": "2026-04-16T22:58:35Z",
        "log": "results/native_episode_collection/bulk_dependency_20260416T225310Z/20260416T225730Z_native_dependency_bad_endpoint_frontend_cartservice_baseline_evidence/trace_probe.log",
        "attempt": 1,
        "base_url": "http://localhost:8080",
        "mode": "cart-heavy",
        "output_root": "results/native_episode_collection/bulk_dependency_20260416T225310Z/20260416T225730Z_native_dependency_bad_endpoint_frontend_cartservice_baseline_evidence/trace_probe_traffic"
      },
      "report_file": "results/native_episode_collection/bulk_dependency_20260416T225310Z/20260416T225730Z_native_dependency_bad_endpoint_frontend_cartservice_baseline_evidence/evidence_report.json",
      "aci_run_log": "results/native_episode_collection/bulk_dependency_20260416T225310Z/20260416T225730Z_native_dependency_bad_endpoint_frontend_cartservice_baseline_evidence/aci_run_log.jsonl"
    },
    "fault_revert": {
      "cmd": [
        "python3",
        "-m",
        "faults.native",
        "revert",
        "--namespace",
        "default",
        "--spec-json",
        "{\"container\": \"server\", \"deployment\": \"frontend\", \"env_name\": \"CART_SERVICE_ADDR\", \"env_value\": \"cartservice:1\", \"id\": \"bad-endpoint-frontend-cartservice\", \"type\": \"deployment_env\"}"
      ],
      "returncode": 0,
      "started_at_utc": "2026-04-16T22:59:51Z",
      "finished_at_utc": "2026-04-16T22:59:52Z",
      "log": "results/native_episode_collection/bulk_dependency_20260416T225310Z/20260416T225730Z_native_dependency_bad_endpoint_frontend_cartservice_baseline_evidence/fault_revert.log"
    },
    "traffic_exit": {
      "returncode": -15
    },
    "baseline_exit": {
      "returncode": -15
    },
    "monitor_exit": {
      "returncode": -15
    }
  },
  "finished_at_utc": "2026-04-16T22:59:54Z"
}

STDERR:

