Output directory: baseline_runs/20260417T063126Z
Namespace: default
Duration: 300s | Interval: 15s | Samples: 20
[2026-04-17T06:31:27Z] sample 1/20 collected
[2026-04-17T06:31:42Z] sample 2/20 collected
[2026-04-17T06:31:58Z] sample 3/20 collected
[2026-04-17T06:32:13Z] sample 4/20 collected
[2026-04-17T06:32:29Z] sample 5/20 collected
[2026-04-17T06:32:44Z] sample 6/20 collected
[2026-04-17T06:33:00Z] sample 7/20 collected
[2026-04-17T06:33:17Z] sample 8/20 collected
[2026-04-17T06:33:49Z] sample 9/20 collected
[2026-04-17T06:34:16Z] sample 10/20 collected
[2026-04-17T06:34:40Z] sample 11/20 collected
[2026-04-17T06:35:05Z] sample 12/20 collected
[2026-04-17T06:35:35Z] sample 13/20 collected
[2026-04-17T06:36:00Z] sample 14/20 collected
[2026-04-17T06:36:26Z] sample 15/20 collected
[2026-04-17T06:36:42Z] sample 16/20 collected
[2026-04-17T06:37:24Z] sample 17/20 collected
[2026-04-17T06:37:40Z] sample 18/20 collected
[2026-04-17T06:38:53Z] sample 19/20 collected
[2026-04-17T06:39:49Z] sample 20/20 collected

Baseline collection complete.
Summary CSV: baseline_runs/20260417T063126Z/summary.csv
