Output directory: baseline_runs/20260416T193754Z
Namespace: default
Duration: 300s | Interval: 15s | Samples: 20
[2026-04-16T19:37:55Z] sample 1/20 collected
[2026-04-16T19:38:10Z] sample 2/20 collected
[2026-04-16T19:38:27Z] sample 3/20 collected
[2026-04-16T19:38:42Z] sample 4/20 collected
[2026-04-16T19:38:58Z] sample 5/20 collected
[2026-04-16T19:39:14Z] sample 6/20 collected
[2026-04-16T19:39:29Z] sample 7/20 collected
[2026-04-16T19:39:44Z] sample 8/20 collected
[2026-04-16T19:39:59Z] sample 9/20 collected
[2026-04-16T19:40:15Z] sample 10/20 collected
[2026-04-16T19:40:31Z] sample 11/20 collected
[2026-04-16T19:40:46Z] sample 12/20 collected
[2026-04-16T19:41:02Z] sample 13/20 collected
[2026-04-16T19:41:17Z] sample 14/20 collected
[2026-04-16T19:41:33Z] sample 15/20 collected
[2026-04-16T19:41:48Z] sample 16/20 collected
[2026-04-16T19:42:04Z] sample 17/20 collected
[2026-04-16T19:42:20Z] sample 18/20 collected
[2026-04-16T19:42:36Z] sample 19/20 collected
[2026-04-16T19:42:51Z] sample 20/20 collected

Baseline collection complete.
Summary CSV: baseline_runs/20260416T193754Z/summary.csv
