Output directory: traffic_runs/20260416T193754Z
Base URL: http://localhost:8080
Duration: 300s | Target RPS: 4 | Mode: cart-heavy
Discovered product paths: /product/0PUK6V6EV0 /product/1YMWWN1N4O /product/2ZYFJ3GM2N /product/66VCHSJNUP /product/6E92ZMYYFZ /product/9SIQT8TOJO /product/L9ECAV7KIM /product/LS4PSXUNUM /product/OLJCESPC7Z
Workflow weights: browse-only=10% browse+cart=75% full-checkout=15%
Progress: 20s/300s, requests=227, failures=0
Progress: 30s/300s, requests=394, failures=0
Progress: 40s/300s, requests=559, failures=0
Progress: 50s/300s, requests=711, failures=0
Progress: 60s/300s, requests=783, failures=0
Progress: 200s/300s, requests=1033, failures=183
Progress: 210s/300s, requests=1226, failures=370
Progress: 220s/300s, requests=1420, failures=557
Progress: 230s/300s, requests=1569, failures=702
Progress: 250s/300s, requests=1850, failures=971
Progress: 260s/300s, requests=1967, failures=1084
Progress: 270s/300s, requests=2135, failures=1246
Progress: 280s/300s, requests=2300, failures=1409
Progress: 290s/300s, requests=2468, failures=1574
Progress: 300s/300s, requests=2634, failures=1735

Traffic generation complete.
Requests CSV: traffic_runs/20260416T193754Z/requests.csv
Workflows CSV: traffic_runs/20260416T193754Z/workflows.csv
Summary:      traffic_runs/20260416T193754Z/summary.txt
Requests:     2634 (failures=1735)
Workflows:    total=556, browse_only=55, browse_cart=421, full_checkout=80
