[2026-04-17T05:29:17Z] detector initialized: incident_detected=True; top error service checkoutservice at 2.800 rps; deployment checkoutservice available=1 updated=1 unavailable=1 desired=1
[2026-04-17T05:29:28Z] detector update: top error service checkoutservice at 2.945 rps; deployment checkoutservice available=1 updated=1 unavailable=1 desired=1
[2026-04-17T05:29:38Z] detector update: top error service checkoutservice at 2.818 rps; service checkoutservice p99 latency 770.000 ms; deployment checkoutservice available=1 updated=1 unavailable=1 desired=1
[2026-04-17T05:29:50Z] detector update: top error service checkoutservice at 2.255 rps; deployment checkoutservice available=1 updated=1 unavailable=1 desired=1
[2026-04-17T05:30:01Z] detector update: top error service checkoutservice at 2.855 rps; deployment checkoutservice available=1 updated=1 unavailable=1 desired=1
[2026-04-17T05:30:12Z] detector update: top error service checkoutservice at 2.128 rps; deployment checkoutservice available=1 updated=1 unavailable=1 desired=1
[2026-04-17T05:30:24Z] detector update: top error service checkoutservice at 1.473 rps
[2026-04-17T05:30:35Z] detector update: top error service checkoutservice at 0.600 rps
[2026-04-17T05:30:47Z] detector update: top error service checkoutservice at 1.018 rps; service checkoutservice p99 latency 1124.000 ms
[2026-04-17T05:30:59Z] detector update: top error service checkoutservice at 1.073 rps; service checkoutservice p99 latency 1080.667 ms
[2026-04-17T05:31:11Z] detector update: top error service checkoutservice at 1.782 rps; service checkoutservice p99 latency 1604.000 ms
[2026-04-17T05:31:22Z] detector update: top error service checkoutservice at 1.781 rps; service checkoutservice p99 latency 1942.500 ms
[2026-04-17T05:31:33Z] detector update: top error service checkoutservice at 2.582 rps; service checkoutservice p99 latency 1774.800 ms
[2026-04-17T05:31:45Z] detector update: top error service checkoutservice at 2.546 rps; service checkoutservice p99 latency 1455.385 ms
[2026-04-17T05:31:55Z] detector update: top error service checkoutservice at 2.382 rps; service checkoutservice p99 latency 1634.375 ms
[2026-04-17T05:32:06Z] detector update: top error service checkoutservice at 1.673 rps; service checkoutservice p99 latency 956.875 ms
[2026-04-17T05:32:17Z] detector update: top error service checkoutservice at 2.674 rps; service checkoutservice p99 latency 855.000 ms
[2026-04-17T05:32:27Z] detector update: top error service checkoutservice at 2.509 rps
[2026-04-17T05:32:38Z] detector update: top error service checkoutservice at 2.127 rps
[2026-04-17T05:32:51Z] detector update: top error service checkoutservice at 2.545 rps
