COMMAND: python3 -m faults.native revert --namespace default --spec-json '{"id": "selector-mismatch-cartservice", "selector": {"app": "cartservice-missing"}, "service": "cartservice", "type": "service_selector"}'

STDOUT:
{
  "fault_spec": {
    "id": "selector-mismatch-cartservice",
    "selector": {
      "app": "cartservice-missing"
    },
    "service": "cartservice",
    "type": "service_selector"
  },
  "original_selector": {
    "app": "cartservice"
  },
  "reverted": true,
  "service": "cartservice",
  "state_name": "agentscope-native-selector-mismatch-cartservice",
  "type": "service_selector"
}

STDERR:
