COMMAND: /Library/Frameworks/Python.framework/Versions/3.12/bin/python3 scripts/run_evidence_probe.py /Users/aarnavsawant/Documents/CS6365/AgentScope/experiments/native_service_selector_mismatch_cartservice_baseline.yaml --out-dir /Users/aarnavsawant/Documents/CS6365/AgentScope/results/native_episode_collection/family_topoff_10each_20260418T035513Z --lookback-minutes 5 --warm-cluster --include-dependencies
STARTED_AT_UTC: 2026-04-18T04:19:43Z
FINISHED_AT_UTC: 2026-04-18T04:23:07Z
RETURNCODE: 0

STDOUT:
[2026-04-18T04:19:43Z] starting evidence probe 'native_service_selector_mismatch_cartservice_baseline_evidence'
[2026-04-18T04:19:43Z] artifacts directory: /Users/aarnavsawant/Documents/CS6365/AgentScope/results/native_episode_collection/family_topoff_10each_20260418T035513Z/20260418T041943Z_native_service_selector_mismatch_cartservice_baseline_evidence
[2026-04-18T04:19:43Z] phase=startup: skipped
[2026-04-18T04:19:43Z] phase=reset: skipped (warm cluster)
[2026-04-18T04:19:44Z] phase=environment: verified
[2026-04-18T04:19:44Z] phase=port_forward: reusing session access for prometheus at http://localhost:9090
[2026-04-18T04:19:44Z] phase=port_forward: reusing session access for jaeger at http://localhost:16686
[2026-04-18T04:19:44Z] phase=port_forward: reusing session access for frontend-external at http://localhost:8080
[2026-04-18T04:19:44Z] phase=traffic: started (pid=92515)
[2026-04-18T04:19:44Z] phase=baseline: started (pid=92516)
[2026-04-18T04:19:44Z] phase=monitor: started (pid=92517)
[2026-04-18T04:19:44Z] phase=pre_fault_delay: waiting 30s
[monitor] [2026-04-18T04:19:44Z] detector initialized: incident_detected=False; no detector triggered
[2026-04-18T04:19:49Z] phase=pre_fault_delay: 25s remaining
[2026-04-18T04:19:54Z] phase=pre_fault_delay: 20s remaining
[2026-04-18T04:19:59Z] phase=pre_fault_delay: 15s remaining
[2026-04-18T04:20:04Z] phase=pre_fault_delay: 10s remaining
[2026-04-18T04:20:09Z] phase=pre_fault_delay: 5s remaining
[2026-04-18T04:20:14Z] phase=pre_fault_delay: done
[2026-04-18T04:20:14Z] phase=fault_apply: applying fault
[2026-04-18T04:20:15Z] phase=fault_apply: completed
[2026-04-18T04:20:15Z] phase=evidence_delay: waiting 20s after fault injection before collecting evidence
[2026-04-18T04:20:15Z] phase=evidence_delay: waiting 20s
[monitor] [2026-04-18T04:20:16Z] detector state change: incident_detected; service cartservice ready_endpoints=0 not_ready_endpoints=0
[2026-04-18T04:20:20Z] phase=evidence_delay: 15s remaining
[2026-04-18T04:20:25Z] phase=evidence_delay: 10s remaining
[2026-04-18T04:20:30Z] phase=evidence_delay: 5s remaining
[2026-04-18T04:20:35Z] phase=evidence_delay: done
[2026-04-18T04:20:35Z] phase=evidence: collecting ACI evidence
[2026-04-18T04:22:04Z] phase=evidence: collected for target=cartservice
[2026-04-18T04:22:04Z] phase=post_fault_delay: waiting 60s
[2026-04-18T04:22:14Z] phase=post_fault_delay: 50s remaining
[2026-04-18T04:22:24Z] phase=post_fault_delay: 40s remaining
[2026-04-18T04:22:34Z] phase=post_fault_delay: 30s remaining
[2026-04-18T04:22:44Z] phase=post_fault_delay: 20s remaining
[2026-04-18T04:22:54Z] phase=post_fault_delay: 10s remaining
[2026-04-18T04:23:04Z] phase=post_fault_delay: done
[2026-04-18T04:23:04Z] phase=fault_revert: reverting active fault
{
  "name": "Native Service Selector Mismatch Cartservice Baseline",
  "run_id": "20260418T041943Z_native_service_selector_mismatch_cartservice_baseline_evidence",
  "started_at_utc": "2026-04-18T04:19:43Z",
  "experiment_file": "/Users/aarnavsawant/Documents/CS6365/AgentScope/experiments/native_service_selector_mismatch_cartservice_baseline.yaml",
  "namespace": "default",
  "mode": "evidence_probe",
  "warm_cluster": true,
  "skip_startup": true,
  "skip_reset": true,
  "steps": {
    "reset_before": {
      "skipped": true,
      "reason": "skip-reset/warm-cluster requested",
      "finished_at_utc": "2026-04-18T04:19:43Z"
    },
    "port_forward_prometheus": {
      "mode": "reused",
      "url": "http://localhost:9090",
      "probe_path": "/-/ready",
      "state_dir": ".runtime/port_forwards"
    },
    "port_forward_jaeger": {
      "mode": "reused",
      "url": "http://localhost:16686",
      "probe_path": "/api/services",
      "state_dir": ".runtime/port_forwards"
    },
    "port_forward_frontend": {
      "mode": "reused",
      "url": "http://localhost:8080",
      "probe_path": "/_healthz",
      "state_dir": ".runtime/port_forwards"
    },
    "traffic": {
      "cmd": [
        "./scripts/generate_traffic.sh",
        "-u",
        "http://localhost:8080",
        "-d",
        "300",
        "-r",
        "4",
        "-m",
        "cart-heavy"
      ],
      "pid": 92515
    },
    "baseline": {
      "cmd": [
        "./scripts/collect_baseline.sh",
        "-n",
        "default",
        "-i",
        "15",
        "-d",
        "300"
      ],
      "pid": 92516
    },
    "monitor": {
      "cmd": [
        "./scripts/monitor_loop.py",
        "--namespace",
        "default",
        "--prom-url",
        "http://localhost:9090",
        "--window",
        "1m",
        "--target-deployment",
        "cartservice",
        "--error-ratio-threshold",
        "0.1",
        "--service-error-rps-threshold",
        "0.5",
        "--service-latency-threshold-ms",
        "1000.0",
        "--latency-consecutive-required",
        "2",
        "--service-error-consecutive-required",
        "1",
        "--min-total-rps",
        "0.1",
        "--restart-count-threshold",
        "1",
        "--primary-detectors",
        "error_ratio,service_error_rate,service_latency,deployment_availability,service_endpoints,service_port_alignment,native_stress_job",
        "--out-dir",
        "/Users/aarnavsawant/Documents/CS6365/AgentScope/results/native_episode_collection/family_topoff_10each_20260418T035513Z/20260418T041943Z_native_service_selector_mismatch_cartservice_baseline_evidence/detector_runs",
        "--interval-seconds",
        "10"
      ],
      "pid": 92517
    },
    "fault_apply": {
      "cmd": [
        "python3",
        "-m",
        "faults.native",
        "apply",
        "--namespace",
        "default",
        "--spec-json",
        "{\"id\": \"selector-mismatch-cartservice\", \"selector\": {\"app\": \"cartservice-missing\"}, \"service\": \"cartservice\", \"type\": \"service_selector\"}"
      ],
      "returncode": 0,
      "started_at_utc": "2026-04-18T04:20:14Z",
      "finished_at_utc": "2026-04-18T04:20:15Z",
      "log": "results/native_episode_collection/family_topoff_10each_20260418T035513Z/20260418T041943Z_native_service_selector_mismatch_cartservice_baseline_evidence/fault_apply.log"
    },
    "detection": {
      "timestamp_utc": "2026-04-18T04:20:27Z",
      "config": {
        "namespace": "default",
        "prom_url": "http://localhost:9090",
        "window": "1m",
        "target_deployment": "cartservice",
        "error_ratio_threshold": 0.1,
        "service_error_rps_threshold": 0.5,
        "service_latency_threshold_ms": 1000.0,
        "latency_consecutive_required": 2,
        "service_error_consecutive_required": 1,
        "min_total_rps": 0.1,
        "restart_count_threshold": 1,
        "primary_detectors": [
          "error_ratio",
          "service_error_rate",
          "service_latency",
          "deployment_availability",
          "service_endpoints",
          "service_port_alignment",
          "native_stress_job"
        ],
        "out_file": ""
      },
      "incident_detected": true,
      "suspicious_services": [
        "cartservice"
      ],
      "findings": [
        {
          "name": "error_ratio",
          "triggered": false,
          "severity": "info",
          "reason": "global error ratio 0.000 with total_rps=338.109",
          "service": "",
          "value": 0.000108,
          "threshold": 0.1,
          "details": {
            "total_rps": 338.10883042743126,
            "error_rps": 0.03636165300074542,
            "error_ratio": 0.00010754422756358553
          }
        },
        {
          "name": "service_error_rate",
          "triggered": false,
          "severity": "info",
          "reason": "top error service frontend at 0.036 rps",
          "service": "frontend",
          "value": 0.036362,
          "threshold": 0.5,
          "details": {
            "top_error_services": [
              {
                "service_name": "frontend",
                "error_rps": 0.03636165300074542
              }
            ]
          }
        },
        {
          "name": "service_latency",
          "triggered": false,
          "severity": "info",
          "reason": "service cartservice p99 latency 0.000 ms",
          "service": "cartservice",
          "value": 0.0,
          "threshold": 1000.0,
          "details": {
            "service_name": "cartservice",
            "p99_latency_ms": 0.0
          }
        },
        {
          "name": "deployment_availability",
          "triggered": false,
          "severity": "info",
          "reason": "deployment cartservice available=1 updated=1 unavailable=0 desired=1",
          "service": "cartservice",
          "value": 1,
          "threshold": 1,
          "details": {
            "exists": true,
            "desired": 1,
            "available": 1,
            "ready": 1,
            "updated": 1,
            "unavailable": 0,
            "generation": 15,
            "observed_generation": 15,
            "rollout_observed": true,
            "rollout_updated": true,
            "progressing_reason": "NewReplicaSetAvailable",
            "progressing_message": "ReplicaSet \"cartservice-6d57458d89\" has successfully progressed.",
            "healthy": true
          }
        },
        {
          "name": "service_endpoints",
          "triggered": true,
          "severity": "high",
          "reason": "service cartservice ready_endpoints=0 not_ready_endpoints=0",
          "service": "cartservice",
          "value": 0,
          "threshold": 1,
          "details": {
            "exists": true,
            "ready_addresses": 0,
            "not_ready_addresses": 0,
            "ports": [],
            "healthy": false
          }
        },
        {
          "name": "service_port_alignment",
          "triggered": false,
          "severity": "info",
          "reason": "service cartservice port alignment ok",
          "service": "cartservice",
          "value": 0,
          "threshold": 0,
          "details": {
            "exists": true,
            "aligned": true,
            "selector": {
              "app": "cartservice-missing"
            },
            "service_ports": [
              {
                "name": "grpc",
                "port": 7070,
                "protocol": "TCP",
                "targetPort": 7070
              }
            ],
            "container_ports": [],
            "named_ports": {},
            "mismatches": [],
            "reason": "service selector currently matches no pods"
          }
        },
        {
          "name": "native_stress_job",
          "triggered": false,
          "severity": "info",
          "reason": "no active native stress jobs",
          "service": "cartservice",
          "value": 0,
          "threshold": 0,
          "details": {
            "active_stress_jobs": []
          }
        },
        {
          "name": "restart_history",
          "triggered": false,
          "severity": "info",
          "reason": "historical restart count observed on jaeger-845b6c89f7-7bffd count=10",
          "service": "jaeger-845b6c89f7-7bffd",
          "value": 10,
          "threshold": 1,
          "details": {
            "top_pod_restarts": [
              {
                "pod": "jaeger-845b6c89f7-7bffd",
                "container": "jaeger",
                "restart_count": 10
              },
              {
                "pod": "redis-cart-6899b65948-q5mxh",
                "container": "redis",
                "restart_count": 4
              },
              {
                "pod": "currencyservice-54dc68fc95-mqfbm",
                "container": "server",
                "restart_count": 2
              },
              {
                "pod": "paymentservice-85c5665997-lnpvc",
                "container": "server",
                "restart_count": 2
              }
            ]
          }
        }
      ],
      "summary": "service cartservice ready_endpoints=0 not_ready_endpoints=0"
    },
    "evidence": {
      "target_service": "cartservice",
      "category": "availability_control",
      "counts": {
        "rich": 4,
        "weak": 1,
        "missing": 2
      },
      "trace_probe": {
        "cmd": [
          "./scripts/generate_traffic.sh",
          "-u",
          "http://localhost:8080",
          "-d",
          "12",
          "-r",
          "6",
          "-m",
          "cart-heavy",
          "-o",
          "/Users/aarnavsawant/Documents/CS6365/AgentScope/results/native_episode_collection/family_topoff_10each_20260418T035513Z/20260418T041943Z_native_service_selector_mismatch_cartservice_baseline_evidence/trace_probe_traffic_3"
        ],
        "returncode": 0,
        "started_at_utc": "2026-04-18T04:21:13Z",
        "finished_at_utc": "2026-04-18T04:21:26Z",
        "log": "results/native_episode_collection/family_topoff_10each_20260418T035513Z/20260418T041943Z_native_service_selector_mismatch_cartservice_baseline_evidence/trace_probe_3.log",
        "attempt": 3,
        "base_url": "http://localhost:8080",
        "mode": "cart-heavy",
        "output_root": "results/native_episode_collection/family_topoff_10each_20260418T035513Z/20260418T041943Z_native_service_selector_mismatch_cartservice_baseline_evidence/trace_probe_traffic_3"
      },
      "report_file": "results/native_episode_collection/family_topoff_10each_20260418T035513Z/20260418T041943Z_native_service_selector_mismatch_cartservice_baseline_evidence/evidence_report.json",
      "aci_run_log": "results/native_episode_collection/family_topoff_10each_20260418T035513Z/20260418T041943Z_native_service_selector_mismatch_cartservice_baseline_evidence/aci_run_log.jsonl"
    },
    "fault_revert": {
      "cmd": [
        "python3",
        "-m",
        "faults.native",
        "revert",
        "--namespace",
        "default",
        "--spec-json",
        "{\"id\": \"selector-mismatch-cartservice\", \"selector\": {\"app\": \"cartservice-missing\"}, \"service\": \"cartservice\", \"type\": \"service_selector\"}"
      ],
      "returncode": 0,
      "started_at_utc": "2026-04-18T04:23:04Z",
      "finished_at_utc": "2026-04-18T04:23:04Z",
      "log": "results/native_episode_collection/family_topoff_10each_20260418T035513Z/20260418T041943Z_native_service_selector_mismatch_cartservice_baseline_evidence/fault_revert.log"
    },
    "traffic_exit": {
      "returncode": -15
    },
    "baseline_exit": {
      "returncode": -15
    },
    "monitor_exit": {
      "returncode": -15
    }
  },
  "finished_at_utc": "2026-04-18T04:23:07Z"
}

STDERR:

