COMMAND: /Library/Frameworks/Python.framework/Versions/3.12/bin/python3 scripts/run_evidence_probe.py /Users/aarnavsawant/Documents/CS6365/AgentScope/experiments/native_service_port_mismatch_productcatalogservice_baseline.yaml --out-dir /Users/aarnavsawant/Documents/CS6365/AgentScope/results/native_episode_collection/family_topoff_10each_20260418T035513Z --lookback-minutes 5 --warm-cluster --include-dependencies
STARTED_AT_UTC: 2026-04-18T03:55:13Z
FINISHED_AT_UTC: 2026-04-18T04:02:21Z
RETURNCODE: 0

STDOUT:
[2026-04-18T03:55:13Z] starting evidence probe 'native_service_port_mismatch_productcatalogservice_baseline_evidence'
[2026-04-18T03:55:13Z] artifacts directory: /Users/aarnavsawant/Documents/CS6365/AgentScope/results/native_episode_collection/family_topoff_10each_20260418T035513Z/20260418T035513Z_native_service_port_mismatch_productcatalogservice_baseline_evidence
[2026-04-18T03:55:13Z] phase=startup: skipped
[2026-04-18T03:55:13Z] phase=reset: skipped (warm cluster)
[2026-04-18T03:55:13Z] phase=environment: verified
[2026-04-18T03:55:13Z] phase=port_forward: reusing session access for prometheus at http://localhost:9090
[2026-04-18T03:55:13Z] phase=port_forward: reusing session access for jaeger at http://localhost:16686
[2026-04-18T03:55:13Z] phase=port_forward: reusing session access for frontend-external at http://localhost:8080
[2026-04-18T03:55:13Z] phase=traffic: started (pid=33063)
[2026-04-18T03:55:13Z] phase=baseline: started (pid=33064)
[2026-04-18T03:55:13Z] phase=monitor: started (pid=33065)
[2026-04-18T03:55:13Z] phase=pre_fault_delay: waiting 30s
[monitor] [2026-04-18T03:55:14Z] detector initialized: incident_detected=False; no detector triggered
[2026-04-18T03:55:18Z] phase=pre_fault_delay: 25s remaining
[2026-04-18T03:55:23Z] phase=pre_fault_delay: 20s remaining
[2026-04-18T03:55:28Z] phase=pre_fault_delay: 15s remaining
[2026-04-18T03:55:33Z] phase=pre_fault_delay: 10s remaining
[2026-04-18T03:55:38Z] phase=pre_fault_delay: 5s remaining
[2026-04-18T03:55:43Z] phase=pre_fault_delay: done
[2026-04-18T03:55:43Z] phase=fault_apply: applying fault
[2026-04-18T03:55:44Z] phase=fault_apply: completed
[2026-04-18T03:55:44Z] phase=evidence_delay: waiting 20s after fault injection before collecting evidence
[2026-04-18T03:55:44Z] phase=evidence_delay: waiting 20s
[monitor] [2026-04-18T03:55:46Z] detector state change: incident_detected; service productcatalogservice port alignment mismatch: [{'service_port': 3550, 'target_port': 1, 'resolved_target_port': 1}]
[2026-04-18T03:55:49Z] phase=evidence_delay: 15s remaining
[2026-04-18T03:55:54Z] phase=evidence_delay: 10s remaining
[2026-04-18T03:55:59Z] phase=evidence_delay: 5s remaining
[2026-04-18T03:56:04Z] phase=evidence_delay: done
[2026-04-18T03:56:04Z] phase=evidence: collecting ACI evidence
[2026-04-18T03:56:41Z] phase=evidence: collected for target=productcatalogservice
[2026-04-18T03:56:41Z] phase=post_fault_delay: waiting 60s
[2026-04-18T03:56:51Z] phase=post_fault_delay: 50s remaining
[2026-04-18T04:01:39Z] phase=post_fault_delay: 40s remaining
[2026-04-18T04:01:49Z] phase=post_fault_delay: 30s remaining
[2026-04-18T04:01:59Z] phase=post_fault_delay: 20s remaining
[2026-04-18T04:02:09Z] phase=post_fault_delay: 10s remaining
[2026-04-18T04:02:19Z] phase=post_fault_delay: done
[2026-04-18T04:02:19Z] phase=fault_revert: reverting active fault
{
  "name": "Native Service Port Mismatch Productcatalogservice Baseline",
  "run_id": "20260418T035513Z_native_service_port_mismatch_productcatalogservice_baseline_evidence",
  "started_at_utc": "2026-04-18T03:55:13Z",
  "experiment_file": "/Users/aarnavsawant/Documents/CS6365/AgentScope/experiments/native_service_port_mismatch_productcatalogservice_baseline.yaml",
  "namespace": "default",
  "mode": "evidence_probe",
  "warm_cluster": true,
  "skip_startup": true,
  "skip_reset": true,
  "steps": {
    "reset_before": {
      "skipped": true,
      "reason": "skip-reset/warm-cluster requested",
      "finished_at_utc": "2026-04-18T03:55:13Z"
    },
    "port_forward_prometheus": {
      "mode": "reused",
      "url": "http://localhost:9090",
      "probe_path": "/-/ready",
      "state_dir": ".runtime/port_forwards"
    },
    "port_forward_jaeger": {
      "mode": "reused",
      "url": "http://localhost:16686",
      "probe_path": "/api/services",
      "state_dir": ".runtime/port_forwards"
    },
    "port_forward_frontend": {
      "mode": "reused",
      "url": "http://localhost:8080",
      "probe_path": "/_healthz",
      "state_dir": ".runtime/port_forwards"
    },
    "traffic": {
      "cmd": [
        "./scripts/generate_traffic.sh",
        "-u",
        "http://localhost:8080",
        "-d",
        "300",
        "-r",
        "4",
        "-m",
        "product-heavy"
      ],
      "pid": 33063
    },
    "baseline": {
      "cmd": [
        "./scripts/collect_baseline.sh",
        "-n",
        "default",
        "-i",
        "15",
        "-d",
        "300"
      ],
      "pid": 33064
    },
    "monitor": {
      "cmd": [
        "./scripts/monitor_loop.py",
        "--namespace",
        "default",
        "--prom-url",
        "http://localhost:9090",
        "--window",
        "1m",
        "--target-deployment",
        "productcatalogservice",
        "--error-ratio-threshold",
        "0.1",
        "--service-error-rps-threshold",
        "0.5",
        "--service-latency-threshold-ms",
        "1000.0",
        "--latency-consecutive-required",
        "2",
        "--service-error-consecutive-required",
        "1",
        "--min-total-rps",
        "0.1",
        "--restart-count-threshold",
        "1",
        "--primary-detectors",
        "error_ratio,service_error_rate,service_latency,deployment_availability,service_endpoints,service_port_alignment,native_stress_job",
        "--out-dir",
        "/Users/aarnavsawant/Documents/CS6365/AgentScope/results/native_episode_collection/family_topoff_10each_20260418T035513Z/20260418T035513Z_native_service_port_mismatch_productcatalogservice_baseline_evidence/detector_runs",
        "--interval-seconds",
        "10"
      ],
      "pid": 33065
    },
    "fault_apply": {
      "cmd": [
        "python3",
        "-m",
        "faults.native",
        "apply",
        "--namespace",
        "default",
        "--spec-json",
        "{\"id\": \"port-mismatch-productcatalogservice\", \"port_index\": 0, \"service\": \"productcatalogservice\", \"target_port\": 1, \"type\": \"service_ports\"}"
      ],
      "returncode": 0,
      "started_at_utc": "2026-04-18T03:55:43Z",
      "finished_at_utc": "2026-04-18T03:55:44Z",
      "log": "results/native_episode_collection/family_topoff_10each_20260418T035513Z/20260418T035513Z_native_service_port_mismatch_productcatalogservice_baseline_evidence/fault_apply.log"
    },
    "detection": {
      "timestamp_utc": "2026-04-18T03:55:57Z",
      "config": {
        "namespace": "default",
        "prom_url": "http://localhost:9090",
        "window": "1m",
        "target_deployment": "productcatalogservice",
        "error_ratio_threshold": 0.1,
        "service_error_rps_threshold": 0.5,
        "service_latency_threshold_ms": 1000.0,
        "latency_consecutive_required": 2,
        "service_error_consecutive_required": 1,
        "min_total_rps": 0.1,
        "restart_count_threshold": 1,
        "primary_detectors": [
          "error_ratio",
          "service_error_rate",
          "service_latency",
          "deployment_availability",
          "service_endpoints",
          "service_port_alignment",
          "native_stress_job"
        ],
        "out_file": ""
      },
      "incident_detected": true,
      "suspicious_services": [
        "productcatalogservice"
      ],
      "findings": [
        {
          "name": "error_ratio",
          "triggered": false,
          "severity": "info",
          "reason": "global error ratio 0.001 with total_rps=130.700",
          "service": "",
          "value": 0.001391,
          "threshold": 0.1,
          "details": {
            "total_rps": 130.69958548469205,
            "error_rps": 0.18180495963929896,
            "error_ratio": 0.0013910140492418971
          }
        },
        {
          "name": "service_error_rate",
          "triggered": false,
          "severity": "info",
          "reason": "top error service frontend at 0.182 rps",
          "service": "frontend",
          "value": 0.181805,
          "threshold": 0.5,
          "details": {
            "top_error_services": [
              {
                "service_name": "frontend",
                "error_rps": 0.18180495963929896
              }
            ]
          }
        },
        {
          "name": "service_latency",
          "triggered": false,
          "severity": "info",
          "reason": "service productcatalogservice p99 latency 4.970 ms",
          "service": "productcatalogservice",
          "value": 4.96984,
          "threshold": 1000.0,
          "details": {
            "service_name": "productcatalogservice",
            "p99_latency_ms": 4.969839679358717
          }
        },
        {
          "name": "deployment_availability",
          "triggered": false,
          "severity": "info",
          "reason": "deployment productcatalogservice available=1 updated=1 unavailable=0 desired=1",
          "service": "productcatalogservice",
          "value": 1,
          "threshold": 1,
          "details": {
            "exists": true,
            "desired": 1,
            "available": 1,
            "ready": 1,
            "updated": 1,
            "unavailable": 0,
            "generation": 7,
            "observed_generation": 7,
            "rollout_observed": true,
            "rollout_updated": true,
            "progressing_reason": "NewReplicaSetAvailable",
            "progressing_message": "ReplicaSet \"productcatalogservice-576fdbff8c\" has successfully progressed.",
            "healthy": true
          }
        },
        {
          "name": "service_endpoints",
          "triggered": false,
          "severity": "info",
          "reason": "service productcatalogservice ready_endpoints=1 not_ready_endpoints=0",
          "service": "productcatalogservice",
          "value": 1,
          "threshold": 1,
          "details": {
            "exists": true,
            "ready_addresses": 1,
            "not_ready_addresses": 0,
            "ports": [
              1
            ],
            "healthy": true
          }
        },
        {
          "name": "service_port_alignment",
          "triggered": true,
          "severity": "high",
          "reason": "service productcatalogservice port alignment mismatch: [{'service_port': 3550, 'target_port': 1, 'resolved_target_port': 1}]",
          "service": "productcatalogservice",
          "value": 1,
          "threshold": 0,
          "details": {
            "exists": true,
            "aligned": false,
            "selector": {
              "app": "productcatalogservice"
            },
            "service_ports": [
              {
                "name": "grpc",
                "port": 3550,
                "protocol": "TCP",
                "targetPort": 1
              }
            ],
            "container_ports": [
              3550
            ],
            "named_ports": {},
            "mismatches": [
              {
                "service_port": 3550,
                "target_port": 1,
                "resolved_target_port": 1
              }
            ]
          }
        },
        {
          "name": "native_stress_job",
          "triggered": false,
          "severity": "info",
          "reason": "no active native stress jobs",
          "service": "productcatalogservice",
          "value": 0,
          "threshold": 0,
          "details": {
            "active_stress_jobs": []
          }
        },
        {
          "name": "restart_history",
          "triggered": false,
          "severity": "info",
          "reason": "historical restart count observed on jaeger-845b6c89f7-7bffd count=10",
          "service": "jaeger-845b6c89f7-7bffd",
          "value": 10,
          "threshold": 1,
          "details": {
            "top_pod_restarts": [
              {
                "pod": "jaeger-845b6c89f7-7bffd",
                "container": "jaeger",
                "restart_count": 10
              },
              {
                "pod": "redis-cart-6899b65948-q5mxh",
                "container": "redis",
                "restart_count": 4
              },
              {
                "pod": "currencyservice-54dc68fc95-mqfbm",
                "container": "server",
                "restart_count": 2
              },
              {
                "pod": "paymentservice-85c5665997-lnpvc",
                "container": "server",
                "restart_count": 2
              }
            ]
          }
        }
      ],
      "summary": "service productcatalogservice port alignment mismatch: [{'service_port': 3550, 'target_port': 1, 'resolved_target_port': 1}]"
    },
    "evidence": {
      "target_service": "productcatalogservice",
      "category": "availability_control",
      "counts": {
        "rich": 7,
        "weak": 0,
        "missing": 0
      },
      "trace_probe": {
        "cmd": [
          "./scripts/generate_traffic.sh",
          "-u",
          "http://localhost:8080",
          "-d",
          "12",
          "-r",
          "6",
          "-m",
          "product-heavy",
          "-o",
          "/Users/aarnavsawant/Documents/CS6365/AgentScope/results/native_episode_collection/family_topoff_10each_20260418T035513Z/20260418T035513Z_native_service_port_mismatch_productcatalogservice_baseline_evidence/trace_probe_traffic"
        ],
        "returncode": 0,
        "started_at_utc": "2026-04-18T03:56:05Z",
        "finished_at_utc": "2026-04-18T03:56:17Z",
        "log": "results/native_episode_collection/family_topoff_10each_20260418T035513Z/20260418T035513Z_native_service_port_mismatch_productcatalogservice_baseline_evidence/trace_probe.log",
        "attempt": 1,
        "base_url": "http://localhost:8080",
        "mode": "product-heavy",
        "output_root": "results/native_episode_collection/family_topoff_10each_20260418T035513Z/20260418T035513Z_native_service_port_mismatch_productcatalogservice_baseline_evidence/trace_probe_traffic"
      },
      "report_file": "results/native_episode_collection/family_topoff_10each_20260418T035513Z/20260418T035513Z_native_service_port_mismatch_productcatalogservice_baseline_evidence/evidence_report.json",
      "aci_run_log": "results/native_episode_collection/family_topoff_10each_20260418T035513Z/20260418T035513Z_native_service_port_mismatch_productcatalogservice_baseline_evidence/aci_run_log.jsonl"
    },
    "fault_revert": {
      "cmd": [
        "python3",
        "-m",
        "faults.native",
        "revert",
        "--namespace",
        "default",
        "--spec-json",
        "{\"id\": \"port-mismatch-productcatalogservice\", \"port_index\": 0, \"service\": \"productcatalogservice\", \"target_port\": 1, \"type\": \"service_ports\"}"
      ],
      "returncode": 0,
      "started_at_utc": "2026-04-18T04:02:19Z",
      "finished_at_utc": "2026-04-18T04:02:19Z",
      "log": "results/native_episode_collection/family_topoff_10each_20260418T035513Z/20260418T035513Z_native_service_port_mismatch_productcatalogservice_baseline_evidence/fault_revert.log"
    },
    "traffic_exit": {
      "returncode": 0
    },
    "baseline_exit": {
      "returncode": -15
    },
    "monitor_exit": {
      "returncode": -15
    }
  },
  "finished_at_utc": "2026-04-18T04:02:21Z"
}

STDERR:

