Output directory: baseline_runs/20260418T050809Z
Namespace: default
Duration: 300s | Interval: 15s | Samples: 20
[2026-04-18T05:08:12Z] sample 1/20 collected
[2026-04-18T05:08:30Z] sample 2/20 collected
[2026-04-18T05:08:46Z] sample 3/20 collected
[2026-04-18T05:09:09Z] sample 4/20 collected
[2026-04-18T05:09:27Z] sample 5/20 collected
[2026-04-18T05:09:45Z] sample 6/20 collected
[2026-04-18T05:10:07Z] sample 7/20 collected
[2026-04-18T05:10:30Z] sample 8/20 collected
[2026-04-18T05:10:48Z] sample 9/20 collected
[2026-04-18T05:11:07Z] sample 10/20 collected
[2026-04-18T05:11:28Z] sample 11/20 collected
[2026-04-18T05:11:47Z] sample 12/20 collected
[2026-04-18T05:12:05Z] sample 13/20 collected
[2026-04-18T05:12:22Z] sample 14/20 collected
[2026-04-18T05:12:39Z] sample 15/20 collected
[2026-04-18T05:12:56Z] sample 16/20 collected
[2026-04-18T05:13:41Z] sample 17/20 collected
[2026-04-18T05:13:58Z] sample 18/20 collected
[2026-04-18T05:14:15Z] sample 19/20 collected
[2026-04-18T05:29:28Z] sample 20/20 collected

Baseline collection complete.
Summary CSV: baseline_runs/20260418T050809Z/summary.csv
