COMMAND: python3 -m faults.native revert --namespace default --spec-json '{"container": "server", "deployment": "checkoutservice", "id": "cpu-limit-throttle-checkoutservice", "resources": {"limits": {"cpu": "20m", "memory": "256Mi"}, "requests": {"cpu": "5m", "memory": "64Mi"}}, "type": "deployment_resources"}'

STDOUT:
{
  "container": "server",
  "container_index": 0,
  "deployment": "checkoutservice",
  "fault_spec": {
    "container": "server",
    "deployment": "checkoutservice",
    "id": "cpu-limit-throttle-checkoutservice",
    "resources": {
      "limits": {
        "cpu": "20m",
        "memory": "256Mi"
      },
      "requests": {
        "cpu": "5m",
        "memory": "64Mi"
      }
    },
    "type": "deployment_resources"
  },
  "original_resources": {
    "limits": {
      "cpu": "600m",
      "memory": "256Mi"
    },
    "requests": {
      "cpu": "250m",
      "memory": "128Mi"
    }
  },
  "reverted": true,
  "state_name": "agentscope-native-cpu-limit-throttle-checkoutservice",
  "type": "deployment_resources"
}

STDERR:
